<?xml version="1.0"?>
<link_info>
   <banner>TMS320C2000 Linker PC v15.12.3.LTS</banner>
   <copyright>Copyright (c) 1996-2015 Texas Instruments Incorporated</copyright>
   <link_time>0x5b193292</link_time>
   <link_errors>0x0</link_errors>
   <output_file>Example_2803xI2C_eeprom.out</output_file>
   <entry_point>
      <name>code_start</name>
      <address>0x3f7ff6</address>
   </entry_point>
   <input_file_list>
      <input_file id="fl-2">
         <path>.\</path>
         <kind>object</kind>
         <file>DSP2803x_CodeStartBranch.obj</file>
         <name>DSP2803x_CodeStartBranch.obj</name>
      </input_file>
      <input_file id="fl-3">
         <path>.\</path>
         <kind>object</kind>
         <file>DSP2803x_usDelay.obj</file>
         <name>DSP2803x_usDelay.obj</name>
      </input_file>
      <input_file id="fl-4">
         <path>.\</path>
         <kind>object</kind>
         <file>Main.obj</file>
         <name>Main.obj</name>
      </input_file>
      <input_file id="fl-5">
         <path>.\Source\</path>
         <kind>object</kind>
         <file>DSP2803x_Adc.obj</file>
         <name>DSP2803x_Adc.obj</name>
      </input_file>
      <input_file id="fl-6">
         <path>.\Source\</path>
         <kind>object</kind>
         <file>DSP2803x_CpuTimers.obj</file>
         <name>DSP2803x_CpuTimers.obj</name>
      </input_file>
      <input_file id="fl-7">
         <path>.\Source\</path>
         <kind>object</kind>
         <file>DSP2803x_DefaultIsr.obj</file>
         <name>DSP2803x_DefaultIsr.obj</name>
      </input_file>
      <input_file id="fl-8">
         <path>.\Source\</path>
         <kind>object</kind>
         <file>DSP2803x_ECan.obj</file>
         <name>DSP2803x_ECan.obj</name>
      </input_file>
      <input_file id="fl-9">
         <path>.\Source\</path>
         <kind>object</kind>
         <file>DSP2803x_GlobalVariableDefs.obj</file>
         <name>DSP2803x_GlobalVariableDefs.obj</name>
      </input_file>
      <input_file id="fl-a">
         <path>.\Source\</path>
         <kind>object</kind>
         <file>DSP2803x_I2C.obj</file>
         <name>DSP2803x_I2C.obj</name>
      </input_file>
      <input_file id="fl-b">
         <path>.\Source\</path>
         <kind>object</kind>
         <file>DSP2803x_PieCtrl.obj</file>
         <name>DSP2803x_PieCtrl.obj</name>
      </input_file>
      <input_file id="fl-c">
         <path>.\Source\</path>
         <kind>object</kind>
         <file>DSP2803x_PieVect.obj</file>
         <name>DSP2803x_PieVect.obj</name>
      </input_file>
      <input_file id="fl-d">
         <path>.\Source\</path>
         <kind>object</kind>
         <file>DSP2803x_Spi.obj</file>
         <name>DSP2803x_Spi.obj</name>
      </input_file>
      <input_file id="fl-e">
         <path>.\Source\</path>
         <kind>object</kind>
         <file>DSP2803x_SysCtrl.obj</file>
         <name>DSP2803x_SysCtrl.obj</name>
      </input_file>
      <input_file id="fl-f">
         <path>.\User\</path>
         <kind>object</kind>
         <file>User_ADC.obj</file>
         <name>User_ADC.obj</name>
      </input_file>
      <input_file id="fl-10">
         <path>.\User\</path>
         <kind>object</kind>
         <file>User_BQ.obj</file>
         <name>User_BQ.obj</name>
      </input_file>
      <input_file id="fl-11">
         <path>.\User\</path>
         <kind>object</kind>
         <file>User_CAN.obj</file>
         <name>User_CAN.obj</name>
      </input_file>
      <input_file id="fl-12">
         <path>.\User\</path>
         <kind>object</kind>
         <file>User_Functions.obj</file>
         <name>User_Functions.obj</name>
      </input_file>
      <input_file id="fl-13">
         <path>.\User\</path>
         <kind>object</kind>
         <file>User_Globals.obj</file>
         <name>User_Globals.obj</name>
      </input_file>
      <input_file id="fl-14">
         <path>.\User\</path>
         <kind>object</kind>
         <file>User_I2C.obj</file>
         <name>User_I2C.obj</name>
      </input_file>
      <input_file id="fl-15">
         <path>.\User\</path>
         <kind>object</kind>
         <file>User_Interrupts.obj</file>
         <name>User_Interrupts.obj</name>
      </input_file>
      <input_file id="fl-1d">
         <path>C:\ti\ccsv6\tools\compiler\c2000_15.12.3.LTS\lib\</path>
         <kind>archive</kind>
         <file>rts2800_ml.lib</file>
         <name>boot.obj</name>
      </input_file>
      <input_file id="fl-1e">
         <path>C:\ti\ccsv6\tools\compiler\c2000_15.12.3.LTS\lib\</path>
         <kind>archive</kind>
         <file>rts2800_ml.lib</file>
         <name>cpy_tbl.obj</name>
      </input_file>
      <input_file id="fl-1f">
         <path>C:\ti\ccsv6\tools\compiler\c2000_15.12.3.LTS\lib\</path>
         <kind>archive</kind>
         <file>rts2800_ml.lib</file>
         <name>cpy_utils.obj</name>
      </input_file>
      <input_file id="fl-20">
         <path>C:\ti\ccsv6\tools\compiler\c2000_15.12.3.LTS\lib\</path>
         <kind>archive</kind>
         <file>rts2800_ml.lib</file>
         <name>e_expf.obj</name>
      </input_file>
      <input_file id="fl-21">
         <path>C:\ti\ccsv6\tools\compiler\c2000_15.12.3.LTS\lib\</path>
         <kind>archive</kind>
         <file>rts2800_ml.lib</file>
         <name>e_logf.obj</name>
      </input_file>
      <input_file id="fl-22">
         <path>C:\ti\ccsv6\tools\compiler\c2000_15.12.3.LTS\lib\</path>
         <kind>archive</kind>
         <file>rts2800_ml.lib</file>
         <name>errno.obj</name>
      </input_file>
      <input_file id="fl-23">
         <path>C:\ti\ccsv6\tools\compiler\c2000_15.12.3.LTS\lib\</path>
         <kind>archive</kind>
         <file>rts2800_ml.lib</file>
         <name>exit.obj</name>
      </input_file>
      <input_file id="fl-24">
         <path>C:\ti\ccsv6\tools\compiler\c2000_15.12.3.LTS\lib\</path>
         <kind>archive</kind>
         <file>rts2800_ml.lib</file>
         <name>fs_add.obj</name>
      </input_file>
      <input_file id="fl-25">
         <path>C:\ti\ccsv6\tools\compiler\c2000_15.12.3.LTS\lib\</path>
         <kind>archive</kind>
         <file>rts2800_ml.lib</file>
         <name>fs_cmp.obj</name>
      </input_file>
      <input_file id="fl-26">
         <path>C:\ti\ccsv6\tools\compiler\c2000_15.12.3.LTS\lib\</path>
         <kind>archive</kind>
         <file>rts2800_ml.lib</file>
         <name>fs_div.obj</name>
      </input_file>
      <input_file id="fl-27">
         <path>C:\ti\ccsv6\tools\compiler\c2000_15.12.3.LTS\lib\</path>
         <kind>archive</kind>
         <file>rts2800_ml.lib</file>
         <name>fs_mpy.obj</name>
      </input_file>
      <input_file id="fl-28">
         <path>C:\ti\ccsv6\tools\compiler\c2000_15.12.3.LTS\lib\</path>
         <kind>archive</kind>
         <file>rts2800_ml.lib</file>
         <name>fs_toi.obj</name>
      </input_file>
      <input_file id="fl-29">
         <path>C:\ti\ccsv6\tools\compiler\c2000_15.12.3.LTS\lib\</path>
         <kind>archive</kind>
         <file>rts2800_ml.lib</file>
         <name>fs_tol.obj</name>
      </input_file>
      <input_file id="fl-2a">
         <path>C:\ti\ccsv6\tools\compiler\c2000_15.12.3.LTS\lib\</path>
         <kind>archive</kind>
         <file>rts2800_ml.lib</file>
         <name>fs_tou.obj</name>
      </input_file>
      <input_file id="fl-2b">
         <path>C:\ti\ccsv6\tools\compiler\c2000_15.12.3.LTS\lib\</path>
         <kind>archive</kind>
         <file>rts2800_ml.lib</file>
         <name>i_tofs.obj</name>
      </input_file>
      <input_file id="fl-2c">
         <path>C:\ti\ccsv6\tools\compiler\c2000_15.12.3.LTS\lib\</path>
         <kind>archive</kind>
         <file>rts2800_ml.lib</file>
         <name>l_tofs.obj</name>
      </input_file>
      <input_file id="fl-2d">
         <path>C:\ti\ccsv6\tools\compiler\c2000_15.12.3.LTS\lib\</path>
         <kind>archive</kind>
         <file>rts2800_ml.lib</file>
         <name>pre_init.obj</name>
      </input_file>
      <input_file id="fl-2e">
         <path>C:\ti\ccsv6\tools\compiler\c2000_15.12.3.LTS\lib\</path>
         <kind>archive</kind>
         <file>rts2800_ml.lib</file>
         <name>startup.obj</name>
      </input_file>
      <input_file id="fl-2f">
         <path>C:\ti\ccsv6\tools\compiler\c2000_15.12.3.LTS\lib\</path>
         <kind>archive</kind>
         <file>rts2800_ml.lib</file>
         <name>u_tofs.obj</name>
      </input_file>
      <input_file id="fl-30">
         <path>C:\ti\ccsv6\tools\compiler\c2000_15.12.3.LTS\lib\</path>
         <kind>archive</kind>
         <file>rts2800_ml.lib</file>
         <name>_lock.obj</name>
      </input_file>
      <input_file id="fl-31">
         <path>C:\ti\ccsv6\tools\compiler\c2000_15.12.3.LTS\lib\</path>
         <kind>archive</kind>
         <file>rts2800_ml.lib</file>
         <name>args_main.obj</name>
      </input_file>
   </input_file_list>
   <object_component_list>
      <object_component id="oc-9d">
         <name>PieVectTableFile</name>
         <uninitialized>true</uninitialized>
         <run_address>0xd00</run_address>
         <size>0x100</size>
         <input_file_ref idref="fl-9"/>
      </object_component>
      <object_component id="oc-70">
         <name>EmuKeyVar</name>
         <uninitialized>true</uninitialized>
         <run_address>0xd00</run_address>
         <size>0x1</size>
         <input_file_ref idref="fl-9"/>
      </object_component>
      <object_component id="oc-6f">
         <name>EmuBModeVar</name>
         <uninitialized>true</uninitialized>
         <run_address>0xd01</run_address>
         <size>0x1</size>
         <input_file_ref idref="fl-9"/>
      </object_component>
      <object_component id="oc-72">
         <name>FlashCallbackVar</name>
         <uninitialized>true</uninitialized>
         <run_address>0xd02</run_address>
         <size>0x2</size>
         <input_file_ref idref="fl-9"/>
      </object_component>
      <object_component id="oc-73">
         <name>FlashScalingVar</name>
         <uninitialized>true</uninitialized>
         <run_address>0xd04</run_address>
         <size>0x2</size>
         <input_file_ref idref="fl-9"/>
      </object_component>
      <object_component id="oc-75">
         <name>DevEmuRegsFile</name>
         <uninitialized>true</uninitialized>
         <run_address>0x880</run_address>
         <size>0x4</size>
         <input_file_ref idref="fl-9"/>
      </object_component>
      <object_component id="oc-74">
         <name>SysPwrCtrlRegsFile</name>
         <uninitialized>true</uninitialized>
         <run_address>0x985</run_address>
         <size>0x3</size>
         <input_file_ref idref="fl-9"/>
      </object_component>
      <object_component id="oc-76">
         <name>FlashRegsFile</name>
         <uninitialized>true</uninitialized>
         <run_address>0xa80</run_address>
         <size>0x8</size>
         <input_file_ref idref="fl-9"/>
      </object_component>
      <object_component id="oc-81">
         <name>CsmRegsFile</name>
         <uninitialized>true</uninitialized>
         <run_address>0xae0</run_address>
         <size>0x10</size>
         <input_file_ref idref="fl-9"/>
      </object_component>
      <object_component id="oc-8b">
         <name>AdcResultFile</name>
         <uninitialized>true</uninitialized>
         <run_address>0xb00</run_address>
         <size>0x20</size>
         <input_file_ref idref="fl-9"/>
      </object_component>
      <object_component id="oc-79">
         <name>CpuTimer0RegsFile</name>
         <uninitialized>true</uninitialized>
         <run_address>0xc00</run_address>
         <size>0x8</size>
         <input_file_ref idref="fl-9"/>
      </object_component>
      <object_component id="oc-78">
         <name>CpuTimer1RegsFile</name>
         <uninitialized>true</uninitialized>
         <run_address>0xc08</run_address>
         <size>0x8</size>
         <input_file_ref idref="fl-9"/>
      </object_component>
      <object_component id="oc-7a">
         <name>CpuTimer2RegsFile</name>
         <uninitialized>true</uninitialized>
         <run_address>0xc10</run_address>
         <size>0x8</size>
         <input_file_ref idref="fl-9"/>
      </object_component>
      <object_component id="oc-85">
         <name>PieCtrlRegsFile</name>
         <uninitialized>true</uninitialized>
         <run_address>0xce0</run_address>
         <size>0x1a</size>
         <input_file_ref idref="fl-9"/>
      </object_component>
      <object_component id="oc-8f">
         <name>Cla1RegsFile</name>
         <uninitialized>true</uninitialized>
         <run_address>0x1400</run_address>
         <size>0x40</size>
         <input_file_ref idref="fl-9"/>
      </object_component>
      <object_component id="oc-8d">
         <name>ECanaRegsFile</name>
         <uninitialized>true</uninitialized>
         <run_address>0x6000</run_address>
         <size>0x34</size>
         <input_file_ref idref="fl-9"/>
      </object_component>
      <object_component id="oc-92">
         <name>ECanaLAMRegsFile</name>
         <uninitialized>true</uninitialized>
         <run_address>0x6040</run_address>
         <size>0x40</size>
         <input_file_ref idref="fl-9"/>
      </object_component>
      <object_component id="oc-9e">
         <name>ECanaMboxesFile</name>
         <uninitialized>true</uninitialized>
         <run_address>0x6100</run_address>
         <size>0x100</size>
         <input_file_ref idref="fl-9"/>
      </object_component>
      <object_component id="oc-91">
         <name>ECanaMOTSRegsFile</name>
         <uninitialized>true</uninitialized>
         <run_address>0x6080</run_address>
         <size>0x40</size>
         <input_file_ref idref="fl-9"/>
      </object_component>
      <object_component id="oc-9a">
         <name>ECanaMOTORegsFile</name>
         <uninitialized>true</uninitialized>
         <run_address>0x60c0</run_address>
         <size>0x40</size>
         <input_file_ref idref="fl-9"/>
      </object_component>
      <object_component id="oc-8a">
         <name>ECap1RegsFile</name>
         <uninitialized>true</uninitialized>
         <run_address>0x6a00</run_address>
         <size>0x20</size>
         <input_file_ref idref="fl-9"/>
      </object_component>
      <object_component id="oc-89">
         <name>HRCap1RegsFile</name>
         <uninitialized>true</uninitialized>
         <run_address>0x6ac0</run_address>
         <size>0x20</size>
         <input_file_ref idref="fl-9"/>
      </object_component>
      <object_component id="oc-88">
         <name>HRCap2RegsFile</name>
         <uninitialized>true</uninitialized>
         <run_address>0x6ae0</run_address>
         <size>0x20</size>
         <input_file_ref idref="fl-9"/>
      </object_component>
      <object_component id="oc-97">
         <name>EQep1RegsFile</name>
         <uninitialized>true</uninitialized>
         <run_address>0x6b00</run_address>
         <size>0x40</size>
         <input_file_ref idref="fl-9"/>
      </object_component>
      <object_component id="oc-9b">
         <name>LinaRegsFile</name>
         <uninitialized>true</uninitialized>
         <run_address>0x6c00</run_address>
         <size>0x4a</size>
         <input_file_ref idref="fl-9"/>
      </object_component>
      <object_component id="oc-96">
         <name>GpioCtrlRegsFile</name>
         <uninitialized>true</uninitialized>
         <run_address>0x6f80</run_address>
         <size>0x40</size>
         <input_file_ref idref="fl-9"/>
      </object_component>
      <object_component id="oc-87">
         <name>GpioDataRegsFile</name>
         <uninitialized>true</uninitialized>
         <run_address>0x6fc0</run_address>
         <size>0x20</size>
         <input_file_ref idref="fl-9"/>
      </object_component>
      <object_component id="oc-7b">
         <name>GpioIntRegsFile</name>
         <uninitialized>true</uninitialized>
         <run_address>0x6fe0</run_address>
         <size>0xc</size>
         <input_file_ref idref="fl-9"/>
      </object_component>
      <object_component id="oc-86">
         <name>SysCtrlRegsFile</name>
         <uninitialized>true</uninitialized>
         <run_address>0x7010</run_address>
         <size>0x20</size>
         <input_file_ref idref="fl-9"/>
      </object_component>
      <object_component id="oc-7c">
         <name>SpiaRegsFile</name>
         <uninitialized>true</uninitialized>
         <run_address>0x7040</run_address>
         <size>0x10</size>
         <input_file_ref idref="fl-9"/>
      </object_component>
      <object_component id="oc-7d">
         <name>SpibRegsFile</name>
         <uninitialized>true</uninitialized>
         <run_address>0x7740</run_address>
         <size>0x10</size>
         <input_file_ref idref="fl-9"/>
      </object_component>
      <object_component id="oc-7f">
         <name>SciaRegsFile</name>
         <uninitialized>true</uninitialized>
         <run_address>0x7050</run_address>
         <size>0x10</size>
         <input_file_ref idref="fl-9"/>
      </object_component>
      <object_component id="oc-7e">
         <name>NmiIntruptRegsFile</name>
         <uninitialized>true</uninitialized>
         <run_address>0x7060</run_address>
         <size>0x10</size>
         <input_file_ref idref="fl-9"/>
      </object_component>
      <object_component id="oc-80">
         <name>XIntruptRegsFile</name>
         <uninitialized>true</uninitialized>
         <run_address>0x7070</run_address>
         <size>0x10</size>
         <input_file_ref idref="fl-9"/>
      </object_component>
      <object_component id="oc-9c">
         <name>AdcRegsFile</name>
         <uninitialized>true</uninitialized>
         <run_address>0x7100</run_address>
         <size>0x50</size>
         <input_file_ref idref="fl-9"/>
      </object_component>
      <object_component id="oc-8c">
         <name>I2caRegsFile</name>
         <uninitialized>true</uninitialized>
         <run_address>0x7900</run_address>
         <size>0x22</size>
         <input_file_ref idref="fl-9"/>
      </object_component>
      <object_component id="oc-82">
         <name>Comp1RegsFile</name>
         <uninitialized>true</uninitialized>
         <run_address>0x6400</run_address>
         <size>0x14</size>
         <input_file_ref idref="fl-9"/>
      </object_component>
      <object_component id="oc-83">
         <name>Comp2RegsFile</name>
         <uninitialized>true</uninitialized>
         <run_address>0x6420</run_address>
         <size>0x14</size>
         <input_file_ref idref="fl-9"/>
      </object_component>
      <object_component id="oc-84">
         <name>Comp3RegsFile</name>
         <uninitialized>true</uninitialized>
         <run_address>0x6440</run_address>
         <size>0x14</size>
         <input_file_ref idref="fl-9"/>
      </object_component>
      <object_component id="oc-8e">
         <name>EPwm1RegsFile</name>
         <uninitialized>true</uninitialized>
         <run_address>0x6800</run_address>
         <size>0x40</size>
         <input_file_ref idref="fl-9"/>
      </object_component>
      <object_component id="oc-90">
         <name>EPwm2RegsFile</name>
         <uninitialized>true</uninitialized>
         <run_address>0x6840</run_address>
         <size>0x40</size>
         <input_file_ref idref="fl-9"/>
      </object_component>
      <object_component id="oc-93">
         <name>EPwm3RegsFile</name>
         <uninitialized>true</uninitialized>
         <run_address>0x6880</run_address>
         <size>0x40</size>
         <input_file_ref idref="fl-9"/>
      </object_component>
      <object_component id="oc-98">
         <name>EPwm4RegsFile</name>
         <uninitialized>true</uninitialized>
         <run_address>0x68c0</run_address>
         <size>0x40</size>
         <input_file_ref idref="fl-9"/>
      </object_component>
      <object_component id="oc-99">
         <name>EPwm5RegsFile</name>
         <uninitialized>true</uninitialized>
         <run_address>0x6900</run_address>
         <size>0x40</size>
         <input_file_ref idref="fl-9"/>
      </object_component>
      <object_component id="oc-95">
         <name>EPwm6RegsFile</name>
         <uninitialized>true</uninitialized>
         <run_address>0x6940</run_address>
         <size>0x40</size>
         <input_file_ref idref="fl-9"/>
      </object_component>
      <object_component id="oc-94">
         <name>EPwm7RegsFile</name>
         <uninitialized>true</uninitialized>
         <run_address>0x6980</run_address>
         <size>0x40</size>
         <input_file_ref idref="fl-9"/>
      </object_component>
      <object_component id="oc-77">
         <name>CsmPwlFile</name>
         <uninitialized>true</uninitialized>
         <run_address>0x3f7ff8</run_address>
         <size>0x8</size>
         <input_file_ref idref="fl-9"/>
      </object_component>
      <object_component id="oc-71">
         <name>PartIdRegsFile</name>
         <uninitialized>true</uninitialized>
         <run_address>0x3d7e80</run_address>
         <size>0x1</size>
         <input_file_ref idref="fl-9"/>
      </object_component>
      <object_component id="oc-d2">
         <name>.cinit</name>
         <load_address>0x3f640d</load_address>
         <run_address>0x3f640d</run_address>
         <size>0x11e</size>
         <input_file_ref idref="fl-13"/>
      </object_component>
      <object_component id="oc-cb">
         <name>.cinit</name>
         <load_address>0x3f652b</load_address>
         <run_address>0x3f652b</run_address>
         <size>0xf</size>
         <input_file_ref idref="fl-12"/>
      </object_component>
      <object_component id="oc-104">
         <name>.cinit</name>
         <load_address>0x3f653a</load_address>
         <run_address>0x3f653a</run_address>
         <size>0xe</size>
         <input_file_ref idref="fl-23"/>
      </object_component>
      <object_component id="oc-db">
         <name>.cinit</name>
         <load_address>0x3f6548</load_address>
         <run_address>0x3f6548</run_address>
         <size>0xa</size>
         <input_file_ref idref="fl-15"/>
      </object_component>
      <object_component id="oc-c4">
         <name>.cinit</name>
         <load_address>0x3f6552</load_address>
         <run_address>0x3f6552</run_address>
         <size>0x9</size>
         <input_file_ref idref="fl-11"/>
      </object_component>
      <object_component id="oc-15c">
         <name>.cinit:__lock</name>
         <load_address>0x3f655b</load_address>
         <run_address>0x3f655b</run_address>
         <size>0x5</size>
         <input_file_ref idref="fl-30"/>
      </object_component>
      <object_component id="oc-168">
         <name>.cinit:__unlock</name>
         <load_address>0x3f6560</load_address>
         <run_address>0x3f6560</run_address>
         <size>0x5</size>
         <input_file_ref idref="fl-30"/>
      </object_component>
      <object_component id="oc-100">
         <name>.cinit</name>
         <load_address>0x3f6565</load_address>
         <run_address>0x3f6565</run_address>
         <size>0x4</size>
         <input_file_ref idref="fl-22"/>
      </object_component>
      <object_component id="oc-157">
         <name>.text</name>
         <load_address>0x3f4000</load_address>
         <run_address>0x3f4000</run_address>
         <size>0xbd0</size>
         <input_file_ref idref="fl-12"/>
      </object_component>
      <object_component id="oc-150">
         <name>.text</name>
         <load_address>0x3f4bd0</load_address>
         <run_address>0x3f4bd0</run_address>
         <size>0x697</size>
         <input_file_ref idref="fl-11"/>
      </object_component>
      <object_component id="oc-dd">
         <name>.text:retain</name>
         <load_address>0x3f5267</load_address>
         <run_address>0x3f5267</run_address>
         <size>0x386</size>
         <input_file_ref idref="fl-15"/>
      </object_component>
      <object_component id="oc-15e">
         <name>.text</name>
         <load_address>0x3f55ed</load_address>
         <run_address>0x3f55ed</run_address>
         <size>0x1aa</size>
         <input_file_ref idref="fl-5"/>
      </object_component>
      <object_component id="oc-165">
         <name>.text</name>
         <load_address>0x3f5797</load_address>
         <run_address>0x3f5797</run_address>
         <size>0x188</size>
         <input_file_ref idref="fl-21"/>
      </object_component>
      <object_component id="oc-64">
         <name>.text:retain</name>
         <load_address>0x3f591f</load_address>
         <run_address>0x3f591f</run_address>
         <size>0x17c</size>
         <input_file_ref idref="fl-7"/>
      </object_component>
      <object_component id="oc-166">
         <name>.text</name>
         <load_address>0x3f5a9b</load_address>
         <run_address>0x3f5a9b</run_address>
         <size>0x14e</size>
         <input_file_ref idref="fl-20"/>
      </object_component>
      <object_component id="oc-151">
         <name>.text</name>
         <load_address>0x3f5be9</load_address>
         <run_address>0x3f5be9</run_address>
         <size>0x13c</size>
         <input_file_ref idref="fl-e"/>
      </object_component>
      <object_component id="oc-163">
         <name>.text</name>
         <load_address>0x3f5d25</load_address>
         <run_address>0x3f5d25</run_address>
         <size>0x102</size>
         <input_file_ref idref="fl-f"/>
      </object_component>
      <object_component id="oc-161">
         <name>.text</name>
         <load_address>0x3f5e27</load_address>
         <run_address>0x3f5e27</run_address>
         <size>0xe8</size>
         <input_file_ref idref="fl-14"/>
      </object_component>
      <object_component id="oc-164">
         <name>.text</name>
         <load_address>0x3f5f0f</load_address>
         <run_address>0x3f5f0f</run_address>
         <size>0xcd</size>
         <input_file_ref idref="fl-10"/>
      </object_component>
      <object_component id="oc-114">
         <name>.text</name>
         <load_address>0x3f5fdc</load_address>
         <run_address>0x3f5fdc</run_address>
         <size>0x83</size>
         <input_file_ref idref="fl-26"/>
      </object_component>
      <object_component id="oc-10a">
         <name>.text</name>
         <load_address>0x3f605f</load_address>
         <run_address>0x3f605f</run_address>
         <size>0x78</size>
         <input_file_ref idref="fl-24"/>
      </object_component>
      <object_component id="oc-162">
         <name>.text</name>
         <load_address>0x3f60d7</load_address>
         <run_address>0x3f60d7</run_address>
         <size>0x73</size>
         <input_file_ref idref="fl-6"/>
      </object_component>
      <object_component id="oc-119">
         <name>.text</name>
         <load_address>0x3f614a</load_address>
         <run_address>0x3f614a</run_address>
         <size>0x5a</size>
         <input_file_ref idref="fl-27"/>
      </object_component>
      <object_component id="oc-e2">
         <name>.text</name>
         <load_address>0x3f61a4</load_address>
         <run_address>0x3f61a4</run_address>
         <size>0x54</size>
         <input_file_ref idref="fl-1d"/>
      </object_component>
      <object_component id="oc-153">
         <name>.text</name>
         <load_address>0x3f61f8</load_address>
         <run_address>0x3f61f8</run_address>
         <size>0x46</size>
         <input_file_ref idref="fl-1e"/>
      </object_component>
      <object_component id="oc-15a">
         <name>.text</name>
         <load_address>0x3f623e</load_address>
         <run_address>0x3f623e</run_address>
         <size>0x32</size>
         <input_file_ref idref="fl-4"/>
      </object_component>
      <object_component id="oc-156">
         <name>.text</name>
         <load_address>0x3f6270</load_address>
         <run_address>0x3f6270</run_address>
         <size>0x29</size>
         <input_file_ref idref="fl-23"/>
      </object_component>
      <object_component id="oc-123">
         <name>.text</name>
         <load_address>0x3f6299</load_address>
         <run_address>0x3f6299</run_address>
         <size>0x29</size>
         <input_file_ref idref="fl-29"/>
      </object_component>
      <object_component id="oc-15f">
         <name>.text</name>
         <load_address>0x3f62c2</load_address>
         <run_address>0x3f62c2</run_address>
         <size>0x28</size>
         <input_file_ref idref="fl-b"/>
      </object_component>
      <object_component id="oc-160">
         <name>.text</name>
         <load_address>0x3f62ea</load_address>
         <run_address>0x3f62ea</run_address>
         <size>0x26</size>
         <input_file_ref idref="fl-c"/>
      </object_component>
      <object_component id="oc-11e">
         <name>.text</name>
         <load_address>0x3f6310</load_address>
         <run_address>0x3f6310</run_address>
         <size>0x25</size>
         <input_file_ref idref="fl-28"/>
      </object_component>
      <object_component id="oc-128">
         <name>.text</name>
         <load_address>0x3f6335</load_address>
         <run_address>0x3f6335</run_address>
         <size>0x1d</size>
         <input_file_ref idref="fl-2a"/>
      </object_component>
      <object_component id="oc-ee">
         <name>.text</name>
         <load_address>0x3f6352</load_address>
         <run_address>0x3f6352</run_address>
         <size>0x1a</size>
         <input_file_ref idref="fl-1f"/>
      </object_component>
      <object_component id="oc-12d">
         <name>.text</name>
         <load_address>0x3f636c</load_address>
         <run_address>0x3f636c</run_address>
         <size>0x1a</size>
         <input_file_ref idref="fl-2b"/>
      </object_component>
      <object_component id="oc-132">
         <name>.text</name>
         <load_address>0x3f6386</load_address>
         <run_address>0x3f6386</run_address>
         <size>0x1a</size>
         <input_file_ref idref="fl-2c"/>
      </object_component>
      <object_component id="oc-15d">
         <name>.text</name>
         <load_address>0x3f63a0</load_address>
         <run_address>0x3f63a0</run_address>
         <size>0x19</size>
         <input_file_ref idref="fl-a"/>
      </object_component>
      <object_component id="oc-155">
         <name>.text</name>
         <load_address>0x3f63b9</load_address>
         <run_address>0x3f63b9</run_address>
         <size>0x19</size>
         <input_file_ref idref="fl-31"/>
      </object_component>
      <object_component id="oc-10f">
         <name>.text</name>
         <load_address>0x3f63d2</load_address>
         <run_address>0x3f63d2</run_address>
         <size>0x17</size>
         <input_file_ref idref="fl-25"/>
      </object_component>
      <object_component id="oc-141">
         <name>.text</name>
         <load_address>0x3f63e9</load_address>
         <run_address>0x3f63e9</run_address>
         <size>0x10</size>
         <input_file_ref idref="fl-2f"/>
      </object_component>
      <object_component id="oc-167">
         <name>.text</name>
         <load_address>0x3f63f9</load_address>
         <run_address>0x3f63f9</run_address>
         <size>0x9</size>
         <input_file_ref idref="fl-30"/>
      </object_component>
      <object_component id="oc-49">
         <name>.text</name>
         <load_address>0x3f6402</load_address>
         <run_address>0x3f6402</run_address>
         <size>0x8</size>
         <input_file_ref idref="fl-2"/>
      </object_component>
      <object_component id="oc-152">
         <name>.text</name>
         <load_address>0x3f640a</load_address>
         <run_address>0x3f640a</run_address>
         <size>0x2</size>
         <input_file_ref idref="fl-2d"/>
      </object_component>
      <object_component id="oc-154">
         <name>.text</name>
         <load_address>0x3f640c</load_address>
         <run_address>0x3f640c</run_address>
         <size>0x1</size>
         <input_file_ref idref="fl-2e"/>
      </object_component>
      <object_component id="oc-48">
         <name>codestart</name>
         <load_address>0x3f7ff6</load_address>
         <run_address>0x3f7ff6</run_address>
         <size>0x2</size>
         <input_file_ref idref="fl-2"/>
      </object_component>
      <object_component id="oc-4e">
         <name>ramfuncs</name>
         <load_address>0x3f0000</load_address>
         <run_address>0x8000</run_address>
         <size>0x4</size>
         <input_file_ref idref="fl-3"/>
      </object_component>
      <object_component id="oc-e3">
         <name>.stack</name>
         <uninitialized>true</uninitialized>
         <run_address>0x50</run_address>
         <size>0x0</size>
         <input_file_ref idref="fl-1d"/>
      </object_component>
      <object_component id="oc-1be">
         <name>.stack</name>
         <uninitialized>true</uninitialized>
         <run_address>0x50</run_address>
         <size>0x0</size>
      </object_component>
      <object_component id="oc-5e">
         <name>.ebss</name>
         <uninitialized>true</uninitialized>
         <run_address>0x8d60</run_address>
         <size>0x18</size>
         <input_file_ref idref="fl-6"/>
      </object_component>
      <object_component id="oc-c5">
         <name>.ebss</name>
         <uninitialized>true</uninitialized>
         <run_address>0x8dae</run_address>
         <size>0x4</size>
         <input_file_ref idref="fl-11"/>
      </object_component>
      <object_component id="oc-cc">
         <name>.ebss</name>
         <uninitialized>true</uninitialized>
         <run_address>0x8da4</run_address>
         <size>0xa</size>
         <input_file_ref idref="fl-12"/>
      </object_component>
      <object_component id="oc-d3">
         <name>.ebss</name>
         <uninitialized>true</uninitialized>
         <run_address>0x8c00</run_address>
         <size>0x160</size>
         <input_file_ref idref="fl-13"/>
      </object_component>
      <object_component id="oc-dc">
         <name>.ebss</name>
         <uninitialized>true</uninitialized>
         <run_address>0x8d80</run_address>
         <size>0x24</size>
         <input_file_ref idref="fl-15"/>
      </object_component>
      <object_component id="oc-101">
         <name>.ebss</name>
         <uninitialized>true</uninitialized>
         <run_address>0x8db4</run_address>
         <size>0x1</size>
         <input_file_ref idref="fl-22"/>
      </object_component>
      <object_component id="oc-105">
         <name>.ebss</name>
         <uninitialized>true</uninitialized>
         <run_address>0x8d78</run_address>
         <size>0x6</size>
         <input_file_ref idref="fl-23"/>
      </object_component>
      <object_component id="oc-16d">
         <name>.ebss:__unlock</name>
         <uninitialized>true</uninitialized>
         <run_address>0x8db2</run_address>
         <size>0x2</size>
         <input_file_ref idref="fl-30"/>
      </object_component>
      <object_component id="oc-15b">
         <name>.ebss:__lock</name>
         <uninitialized>true</uninitialized>
         <run_address>0x8d7e</run_address>
         <size>0x2</size>
         <input_file_ref idref="fl-30"/>
      </object_component>
      <object_component id="oc-169">
         <name>.econst:_PieVectTableInit</name>
         <load_address>0x3f2000</load_address>
         <run_address>0x3f2000</run_address>
         <size>0x100</size>
         <input_file_ref idref="fl-c"/>
      </object_component>
      <object_component id="oc-f4">
         <name>.econst</name>
         <load_address>0x3f2100</load_address>
         <run_address>0x3f2100</run_address>
         <size>0x10</size>
         <input_file_ref idref="fl-20"/>
      </object_component>
      <object_component id="oc-fa">
         <name>.econst</name>
         <load_address>0x3f2110</load_address>
         <run_address>0x3f2110</run_address>
         <size>0x10</size>
         <input_file_ref idref="fl-21"/>
      </object_component>
      <object_component id="oc-16a">
         <name>.econst:_halF</name>
         <load_address>0x3f2120</load_address>
         <run_address>0x3f2120</run_address>
         <size>0x4</size>
         <input_file_ref idref="fl-20"/>
      </object_component>
      <object_component id="oc-16b">
         <name>.econst:_ln2HI</name>
         <load_address>0x3f2124</load_address>
         <run_address>0x3f2124</run_address>
         <size>0x4</size>
         <input_file_ref idref="fl-20"/>
      </object_component>
      <object_component id="oc-16c">
         <name>.econst:_ln2LO</name>
         <load_address>0x3f2128</load_address>
         <run_address>0x3f2128</run_address>
         <size>0x4</size>
         <input_file_ref idref="fl-20"/>
      </object_component>
      <object_component id="oc-158">
         <name>.switch:_CANSlaveReception</name>
         <load_address>0x3f212c</load_address>
         <run_address>0x3f212c</run_address>
         <size>0x60</size>
         <input_file_ref idref="fl-11"/>
      </object_component>
      <object_component id="oc-159">
         <name>.switch:_CANSlaveConfig</name>
         <load_address>0x3f218c</load_address>
         <run_address>0x3f218c</run_address>
         <size>0x1c</size>
         <input_file_ref idref="fl-11"/>
      </object_component>
      <object_component id="oc-e4">
         <name>.reset</name>
         <load_address>0x3fffc0</load_address>
         <run_address>0x3fffc0</run_address>
         <size>0x2</size>
         <input_file_ref idref="fl-1d"/>
      </object_component>
      <object_component id="oc-4a">
         <name>.debug_info</name>
         <load_address>0x0</load_address>
         <run_address>0x0</run_address>
         <size>0x247</size>
         <input_file_ref idref="fl-2"/>
      </object_component>
      <object_component id="oc-4f">
         <name>.debug_info</name>
         <load_address>0x247</load_address>
         <run_address>0x247</run_address>
         <size>0x1c0</size>
         <input_file_ref idref="fl-3"/>
      </object_component>
      <object_component id="oc-53">
         <name>.debug_info</name>
         <load_address>0x407</load_address>
         <run_address>0x407</run_address>
         <size>0x6cf</size>
         <input_file_ref idref="fl-4"/>
      </object_component>
      <object_component id="oc-58">
         <name>.debug_info</name>
         <load_address>0xad6</load_address>
         <run_address>0xad6</run_address>
         <size>0x4682</size>
         <input_file_ref idref="fl-5"/>
      </object_component>
      <object_component id="oc-5d">
         <name>.debug_info</name>
         <load_address>0x5158</load_address>
         <run_address>0x5158</run_address>
         <size>0xacb</size>
         <input_file_ref idref="fl-6"/>
      </object_component>
      <object_component id="oc-63">
         <name>.debug_info</name>
         <load_address>0x5c23</load_address>
         <run_address>0x5c23</run_address>
         <size>0x4e7b</size>
         <input_file_ref idref="fl-7"/>
      </object_component>
      <object_component id="oc-69">
         <name>.debug_info</name>
         <load_address>0xaa9e</load_address>
         <run_address>0xaa9e</run_address>
         <size>0x5688</size>
         <input_file_ref idref="fl-8"/>
      </object_component>
      <object_component id="oc-6e">
         <name>.debug_info</name>
         <load_address>0x10126</load_address>
         <run_address>0x10126</run_address>
         <size>0x14038</size>
         <input_file_ref idref="fl-9"/>
      </object_component>
      <object_component id="oc-a0">
         <name>.debug_info</name>
         <load_address>0x2415e</load_address>
         <run_address>0x2415e</run_address>
         <size>0x1700</size>
         <input_file_ref idref="fl-a"/>
      </object_component>
      <object_component id="oc-a5">
         <name>.debug_info</name>
         <load_address>0x2585e</load_address>
         <run_address>0x2585e</run_address>
         <size>0xc5b</size>
         <input_file_ref idref="fl-b"/>
      </object_component>
      <object_component id="oc-aa">
         <name>.debug_info</name>
         <load_address>0x264b9</load_address>
         <run_address>0x264b9</run_address>
         <size>0x22fd</size>
         <input_file_ref idref="fl-c"/>
      </object_component>
      <object_component id="oc-af">
         <name>.debug_info</name>
         <load_address>0x287b6</load_address>
         <run_address>0x287b6</run_address>
         <size>0x1716</size>
         <input_file_ref idref="fl-d"/>
      </object_component>
      <object_component id="oc-b4">
         <name>.debug_info</name>
         <load_address>0x29ecc</load_address>
         <run_address>0x29ecc</run_address>
         <size>0x2659</size>
         <input_file_ref idref="fl-e"/>
      </object_component>
      <object_component id="oc-b9">
         <name>.debug_info</name>
         <load_address>0x2c525</load_address>
         <run_address>0x2c525</run_address>
         <size>0x1d39</size>
         <input_file_ref idref="fl-f"/>
      </object_component>
      <object_component id="oc-be">
         <name>.debug_info</name>
         <load_address>0x2e25e</load_address>
         <run_address>0x2e25e</run_address>
         <size>0x1bd0</size>
         <input_file_ref idref="fl-10"/>
      </object_component>
      <object_component id="oc-c3">
         <name>.debug_info</name>
         <load_address>0x2fe2e</load_address>
         <run_address>0x2fe2e</run_address>
         <size>0x8497</size>
         <input_file_ref idref="fl-11"/>
      </object_component>
      <object_component id="oc-ca">
         <name>.debug_info</name>
         <load_address>0x382c5</load_address>
         <run_address>0x382c5</run_address>
         <size>0x68cc</size>
         <input_file_ref idref="fl-12"/>
      </object_component>
      <object_component id="oc-d1">
         <name>.debug_info</name>
         <load_address>0x3eb91</load_address>
         <run_address>0x3eb91</run_address>
         <size>0x1005</size>
         <input_file_ref idref="fl-13"/>
      </object_component>
      <object_component id="oc-d5">
         <name>.debug_info</name>
         <load_address>0x3fb96</load_address>
         <run_address>0x3fb96</run_address>
         <size>0x10db</size>
         <input_file_ref idref="fl-14"/>
      </object_component>
      <object_component id="oc-da">
         <name>.debug_info</name>
         <load_address>0x40c71</load_address>
         <run_address>0x40c71</run_address>
         <size>0x82c5</size>
         <input_file_ref idref="fl-15"/>
      </object_component>
      <object_component id="oc-e5">
         <name>.debug_info</name>
         <load_address>0x48f36</load_address>
         <run_address>0x48f36</run_address>
         <size>0x16c</size>
         <input_file_ref idref="fl-1d"/>
      </object_component>
      <object_component id="oc-e9">
         <name>.debug_info</name>
         <load_address>0x490a2</load_address>
         <run_address>0x490a2</run_address>
         <size>0x576</size>
         <input_file_ref idref="fl-1e"/>
      </object_component>
      <object_component id="oc-ef">
         <name>.debug_info</name>
         <load_address>0x49618</load_address>
         <run_address>0x49618</run_address>
         <size>0x113</size>
         <input_file_ref idref="fl-1f"/>
      </object_component>
      <object_component id="oc-f3">
         <name>.debug_info</name>
         <load_address>0x4972b</load_address>
         <run_address>0x4972b</run_address>
         <size>0x742</size>
         <input_file_ref idref="fl-20"/>
      </object_component>
      <object_component id="oc-f9">
         <name>.debug_info</name>
         <load_address>0x49e6d</load_address>
         <run_address>0x49e6d</run_address>
         <size>0x781</size>
         <input_file_ref idref="fl-21"/>
      </object_component>
      <object_component id="oc-ff">
         <name>.debug_info</name>
         <load_address>0x4a5ee</load_address>
         <run_address>0x4a5ee</run_address>
         <size>0x1bc</size>
         <input_file_ref idref="fl-22"/>
      </object_component>
      <object_component id="oc-103">
         <name>.debug_info</name>
         <load_address>0x4a7aa</load_address>
         <run_address>0x4a7aa</run_address>
         <size>0x4fa</size>
         <input_file_ref idref="fl-23"/>
      </object_component>
      <object_component id="oc-10b">
         <name>.debug_info</name>
         <load_address>0x4aca4</load_address>
         <run_address>0x4aca4</run_address>
         <size>0x10d</size>
         <input_file_ref idref="fl-24"/>
      </object_component>
      <object_component id="oc-110">
         <name>.debug_info</name>
         <load_address>0x4adb1</load_address>
         <run_address>0x4adb1</run_address>
         <size>0x10d</size>
         <input_file_ref idref="fl-25"/>
      </object_component>
      <object_component id="oc-115">
         <name>.debug_info</name>
         <load_address>0x4aebe</load_address>
         <run_address>0x4aebe</run_address>
         <size>0x10d</size>
         <input_file_ref idref="fl-26"/>
      </object_component>
      <object_component id="oc-11a">
         <name>.debug_info</name>
         <load_address>0x4afcb</load_address>
         <run_address>0x4afcb</run_address>
         <size>0x10d</size>
         <input_file_ref idref="fl-27"/>
      </object_component>
      <object_component id="oc-11f">
         <name>.debug_info</name>
         <load_address>0x4b0d8</load_address>
         <run_address>0x4b0d8</run_address>
         <size>0x119</size>
         <input_file_ref idref="fl-28"/>
      </object_component>
      <object_component id="oc-124">
         <name>.debug_info</name>
         <load_address>0x4b1f1</load_address>
         <run_address>0x4b1f1</run_address>
         <size>0x119</size>
         <input_file_ref idref="fl-29"/>
      </object_component>
      <object_component id="oc-129">
         <name>.debug_info</name>
         <load_address>0x4b30a</load_address>
         <run_address>0x4b30a</run_address>
         <size>0x119</size>
         <input_file_ref idref="fl-2a"/>
      </object_component>
      <object_component id="oc-12e">
         <name>.debug_info</name>
         <load_address>0x4b423</load_address>
         <run_address>0x4b423</run_address>
         <size>0x117</size>
         <input_file_ref idref="fl-2b"/>
      </object_component>
      <object_component id="oc-133">
         <name>.debug_info</name>
         <load_address>0x4b53a</load_address>
         <run_address>0x4b53a</run_address>
         <size>0x117</size>
         <input_file_ref idref="fl-2c"/>
      </object_component>
      <object_component id="oc-137">
         <name>.debug_info</name>
         <load_address>0x4b651</load_address>
         <run_address>0x4b651</run_address>
         <size>0x331</size>
         <input_file_ref idref="fl-2d"/>
      </object_component>
      <object_component id="oc-13c">
         <name>.debug_info</name>
         <load_address>0x4b982</load_address>
         <run_address>0x4b982</run_address>
         <size>0x32e</size>
         <input_file_ref idref="fl-2e"/>
      </object_component>
      <object_component id="oc-142">
         <name>.debug_info</name>
         <load_address>0x4bcb0</load_address>
         <run_address>0x4bcb0</run_address>
         <size>0x111</size>
         <input_file_ref idref="fl-2f"/>
      </object_component>
      <object_component id="oc-146">
         <name>.debug_info</name>
         <load_address>0x4bdc1</load_address>
         <run_address>0x4bdc1</run_address>
         <size>0x450</size>
         <input_file_ref idref="fl-30"/>
      </object_component>
      <object_component id="oc-14b">
         <name>.debug_info</name>
         <load_address>0x4c211</load_address>
         <run_address>0x4c211</run_address>
         <size>0x41d</size>
         <input_file_ref idref="fl-31"/>
      </object_component>
      <object_component id="oc-1bf">
         <name>.debug_info</name>
         <load_address>0x4c62e</load_address>
         <run_address>0x4c62e</run_address>
         <size>0xd9</size>
      </object_component>
      <object_component id="oc-4b">
         <name>.debug_line</name>
         <load_address>0x0</load_address>
         <run_address>0x0</run_address>
         <size>0xb1</size>
         <input_file_ref idref="fl-2"/>
      </object_component>
      <object_component id="oc-50">
         <name>.debug_line</name>
         <load_address>0xb1</load_address>
         <run_address>0xb1</run_address>
         <size>0x98</size>
         <input_file_ref idref="fl-3"/>
      </object_component>
      <object_component id="oc-55">
         <name>.debug_line</name>
         <load_address>0x149</load_address>
         <run_address>0x149</run_address>
         <size>0x5a</size>
         <input_file_ref idref="fl-4"/>
      </object_component>
      <object_component id="oc-5a">
         <name>.debug_line</name>
         <load_address>0x1a3</load_address>
         <run_address>0x1a3</run_address>
         <size>0x18f</size>
         <input_file_ref idref="fl-5"/>
      </object_component>
      <object_component id="oc-60">
         <name>.debug_line</name>
         <load_address>0x332</load_address>
         <run_address>0x332</run_address>
         <size>0xd6</size>
         <input_file_ref idref="fl-6"/>
      </object_component>
      <object_component id="oc-66">
         <name>.debug_line</name>
         <load_address>0x408</load_address>
         <run_address>0x408</run_address>
         <size>0x74e</size>
         <input_file_ref idref="fl-7"/>
      </object_component>
      <object_component id="oc-6b">
         <name>.debug_line</name>
         <load_address>0xb56</load_address>
         <run_address>0xb56</run_address>
         <size>0x3a</size>
         <input_file_ref idref="fl-8"/>
      </object_component>
      <object_component id="oc-a2">
         <name>.debug_line</name>
         <load_address>0xb90</load_address>
         <run_address>0xb90</run_address>
         <size>0xba</size>
         <input_file_ref idref="fl-a"/>
      </object_component>
      <object_component id="oc-a7">
         <name>.debug_line</name>
         <load_address>0xc4a</load_address>
         <run_address>0xc4a</run_address>
         <size>0xd5</size>
         <input_file_ref idref="fl-b"/>
      </object_component>
      <object_component id="oc-ac">
         <name>.debug_line</name>
         <load_address>0xd1f</load_address>
         <run_address>0xd1f</run_address>
         <size>0xba</size>
         <input_file_ref idref="fl-c"/>
      </object_component>
      <object_component id="oc-b1">
         <name>.debug_line</name>
         <load_address>0xdd9</load_address>
         <run_address>0xdd9</run_address>
         <size>0x82</size>
         <input_file_ref idref="fl-d"/>
      </object_component>
      <object_component id="oc-b6">
         <name>.debug_line</name>
         <load_address>0xe5b</load_address>
         <run_address>0xe5b</run_address>
         <size>0x215</size>
         <input_file_ref idref="fl-e"/>
      </object_component>
      <object_component id="oc-bb">
         <name>.debug_line</name>
         <load_address>0x1070</load_address>
         <run_address>0x1070</run_address>
         <size>0x9c</size>
         <input_file_ref idref="fl-f"/>
      </object_component>
      <object_component id="oc-c0">
         <name>.debug_line</name>
         <load_address>0x110c</load_address>
         <run_address>0x110c</run_address>
         <size>0x8c</size>
         <input_file_ref idref="fl-10"/>
      </object_component>
      <object_component id="oc-c7">
         <name>.debug_line</name>
         <load_address>0x1198</load_address>
         <run_address>0x1198</run_address>
         <size>0x4c2</size>
         <input_file_ref idref="fl-11"/>
      </object_component>
      <object_component id="oc-ce">
         <name>.debug_line</name>
         <load_address>0x165a</load_address>
         <run_address>0x165a</run_address>
         <size>0x687</size>
         <input_file_ref idref="fl-12"/>
      </object_component>
      <object_component id="oc-d7">
         <name>.debug_line</name>
         <load_address>0x1ce1</load_address>
         <run_address>0x1ce1</run_address>
         <size>0x104</size>
         <input_file_ref idref="fl-14"/>
      </object_component>
      <object_component id="oc-df">
         <name>.debug_line</name>
         <load_address>0x1de5</load_address>
         <run_address>0x1de5</run_address>
         <size>0x199</size>
         <input_file_ref idref="fl-15"/>
      </object_component>
      <object_component id="oc-e6">
         <name>.debug_line</name>
         <load_address>0x1f7e</load_address>
         <run_address>0x1f7e</run_address>
         <size>0x7d</size>
         <input_file_ref idref="fl-1d"/>
      </object_component>
      <object_component id="oc-eb">
         <name>.debug_line</name>
         <load_address>0x1ffb</load_address>
         <run_address>0x1ffb</run_address>
         <size>0x64</size>
         <input_file_ref idref="fl-1e"/>
      </object_component>
      <object_component id="oc-f0">
         <name>.debug_line</name>
         <load_address>0x205f</load_address>
         <run_address>0x205f</run_address>
         <size>0x50</size>
         <input_file_ref idref="fl-1f"/>
      </object_component>
      <object_component id="oc-f6">
         <name>.debug_line</name>
         <load_address>0x20af</load_address>
         <run_address>0x20af</run_address>
         <size>0xe2</size>
         <input_file_ref idref="fl-20"/>
      </object_component>
      <object_component id="oc-fc">
         <name>.debug_line</name>
         <load_address>0x2191</load_address>
         <run_address>0x2191</run_address>
         <size>0xbd</size>
         <input_file_ref idref="fl-21"/>
      </object_component>
      <object_component id="oc-107">
         <name>.debug_line</name>
         <load_address>0x224e</load_address>
         <run_address>0x224e</run_address>
         <size>0x65</size>
         <input_file_ref idref="fl-23"/>
      </object_component>
      <object_component id="oc-10c">
         <name>.debug_line</name>
         <load_address>0x22b3</load_address>
         <run_address>0x22b3</run_address>
         <size>0xa9</size>
         <input_file_ref idref="fl-24"/>
      </object_component>
      <object_component id="oc-111">
         <name>.debug_line</name>
         <load_address>0x235c</load_address>
         <run_address>0x235c</run_address>
         <size>0x52</size>
         <input_file_ref idref="fl-25"/>
      </object_component>
      <object_component id="oc-116">
         <name>.debug_line</name>
         <load_address>0x23ae</load_address>
         <run_address>0x23ae</run_address>
         <size>0xab</size>
         <input_file_ref idref="fl-26"/>
      </object_component>
      <object_component id="oc-11b">
         <name>.debug_line</name>
         <load_address>0x2459</load_address>
         <run_address>0x2459</run_address>
         <size>0x8d</size>
         <input_file_ref idref="fl-27"/>
      </object_component>
      <object_component id="oc-120">
         <name>.debug_line</name>
         <load_address>0x24e6</load_address>
         <run_address>0x24e6</run_address>
         <size>0x5e</size>
         <input_file_ref idref="fl-28"/>
      </object_component>
      <object_component id="oc-125">
         <name>.debug_line</name>
         <load_address>0x2544</load_address>
         <run_address>0x2544</run_address>
         <size>0x60</size>
         <input_file_ref idref="fl-29"/>
      </object_component>
      <object_component id="oc-12a">
         <name>.debug_line</name>
         <load_address>0x25a4</load_address>
         <run_address>0x25a4</run_address>
         <size>0x56</size>
         <input_file_ref idref="fl-2a"/>
      </object_component>
      <object_component id="oc-12f">
         <name>.debug_line</name>
         <load_address>0x25fa</load_address>
         <run_address>0x25fa</run_address>
         <size>0x52</size>
         <input_file_ref idref="fl-2b"/>
      </object_component>
      <object_component id="oc-134">
         <name>.debug_line</name>
         <load_address>0x264c</load_address>
         <run_address>0x264c</run_address>
         <size>0x53</size>
         <input_file_ref idref="fl-2c"/>
      </object_component>
      <object_component id="oc-139">
         <name>.debug_line</name>
         <load_address>0x269f</load_address>
         <run_address>0x269f</run_address>
         <size>0x3e</size>
         <input_file_ref idref="fl-2d"/>
      </object_component>
      <object_component id="oc-13e">
         <name>.debug_line</name>
         <load_address>0x26dd</load_address>
         <run_address>0x26dd</run_address>
         <size>0x3a</size>
         <input_file_ref idref="fl-2e"/>
      </object_component>
      <object_component id="oc-143">
         <name>.debug_line</name>
         <load_address>0x2717</load_address>
         <run_address>0x2717</run_address>
         <size>0x49</size>
         <input_file_ref idref="fl-2f"/>
      </object_component>
      <object_component id="oc-148">
         <name>.debug_line</name>
         <load_address>0x2760</load_address>
         <run_address>0x2760</run_address>
         <size>0x5e</size>
         <input_file_ref idref="fl-30"/>
      </object_component>
      <object_component id="oc-14d">
         <name>.debug_line</name>
         <load_address>0x27be</load_address>
         <run_address>0x27be</run_address>
         <size>0x55</size>
         <input_file_ref idref="fl-31"/>
      </object_component>
      <object_component id="oc-4c">
         <name>.debug_abbrev</name>
         <load_address>0x0</load_address>
         <run_address>0x0</run_address>
         <size>0x21</size>
         <input_file_ref idref="fl-2"/>
      </object_component>
      <object_component id="oc-51">
         <name>.debug_abbrev</name>
         <load_address>0x21</load_address>
         <run_address>0x21</run_address>
         <size>0x2f</size>
         <input_file_ref idref="fl-3"/>
      </object_component>
      <object_component id="oc-56">
         <name>.debug_abbrev</name>
         <load_address>0x50</load_address>
         <run_address>0x50</run_address>
         <size>0xb5</size>
         <input_file_ref idref="fl-4"/>
      </object_component>
      <object_component id="oc-5b">
         <name>.debug_abbrev</name>
         <load_address>0x105</load_address>
         <run_address>0x105</run_address>
         <size>0x155</size>
         <input_file_ref idref="fl-5"/>
      </object_component>
      <object_component id="oc-61">
         <name>.debug_abbrev</name>
         <load_address>0x25a</load_address>
         <run_address>0x25a</run_address>
         <size>0x10b</size>
         <input_file_ref idref="fl-6"/>
      </object_component>
      <object_component id="oc-67">
         <name>.debug_abbrev</name>
         <load_address>0x365</load_address>
         <run_address>0x365</run_address>
         <size>0xb6</size>
         <input_file_ref idref="fl-7"/>
      </object_component>
      <object_component id="oc-6c">
         <name>.debug_abbrev</name>
         <load_address>0x41b</load_address>
         <run_address>0x41b</run_address>
         <size>0x103</size>
         <input_file_ref idref="fl-8"/>
      </object_component>
      <object_component id="oc-9f">
         <name>.debug_abbrev</name>
         <load_address>0x51e</load_address>
         <run_address>0x51e</run_address>
         <size>0xb7</size>
         <input_file_ref idref="fl-9"/>
      </object_component>
      <object_component id="oc-a3">
         <name>.debug_abbrev</name>
         <load_address>0x5d5</load_address>
         <run_address>0x5d5</run_address>
         <size>0xdc</size>
         <input_file_ref idref="fl-a"/>
      </object_component>
      <object_component id="oc-a8">
         <name>.debug_abbrev</name>
         <load_address>0x6b1</load_address>
         <run_address>0x6b1</run_address>
         <size>0xc8</size>
         <input_file_ref idref="fl-b"/>
      </object_component>
      <object_component id="oc-ad">
         <name>.debug_abbrev</name>
         <load_address>0x779</load_address>
         <run_address>0x779</run_address>
         <size>0x116</size>
         <input_file_ref idref="fl-c"/>
      </object_component>
      <object_component id="oc-b2">
         <name>.debug_abbrev</name>
         <load_address>0x88f</load_address>
         <run_address>0x88f</run_address>
         <size>0xea</size>
         <input_file_ref idref="fl-d"/>
      </object_component>
      <object_component id="oc-b7">
         <name>.debug_abbrev</name>
         <load_address>0x979</load_address>
         <run_address>0x979</run_address>
         <size>0x1a3</size>
         <input_file_ref idref="fl-e"/>
      </object_component>
      <object_component id="oc-bc">
         <name>.debug_abbrev</name>
         <load_address>0xb1c</load_address>
         <run_address>0xb1c</run_address>
         <size>0x103</size>
         <input_file_ref idref="fl-f"/>
      </object_component>
      <object_component id="oc-c1">
         <name>.debug_abbrev</name>
         <load_address>0xc1f</load_address>
         <run_address>0xc1f</run_address>
         <size>0x11a</size>
         <input_file_ref idref="fl-10"/>
      </object_component>
      <object_component id="oc-c8">
         <name>.debug_abbrev</name>
         <load_address>0xd39</load_address>
         <run_address>0xd39</run_address>
         <size>0x196</size>
         <input_file_ref idref="fl-11"/>
      </object_component>
      <object_component id="oc-cf">
         <name>.debug_abbrev</name>
         <load_address>0xecf</load_address>
         <run_address>0xecf</run_address>
         <size>0x1cf</size>
         <input_file_ref idref="fl-12"/>
      </object_component>
      <object_component id="oc-d4">
         <name>.debug_abbrev</name>
         <load_address>0x109e</load_address>
         <run_address>0x109e</run_address>
         <size>0x86</size>
         <input_file_ref idref="fl-13"/>
      </object_component>
      <object_component id="oc-d8">
         <name>.debug_abbrev</name>
         <load_address>0x1124</load_address>
         <run_address>0x1124</run_address>
         <size>0x15f</size>
         <input_file_ref idref="fl-14"/>
      </object_component>
      <object_component id="oc-e0">
         <name>.debug_abbrev</name>
         <load_address>0x1283</load_address>
         <run_address>0x1283</run_address>
         <size>0x112</size>
         <input_file_ref idref="fl-15"/>
      </object_component>
      <object_component id="oc-e7">
         <name>.debug_abbrev</name>
         <load_address>0x1395</load_address>
         <run_address>0x1395</run_address>
         <size>0x46</size>
         <input_file_ref idref="fl-1d"/>
      </object_component>
      <object_component id="oc-ec">
         <name>.debug_abbrev</name>
         <load_address>0x13db</load_address>
         <run_address>0x13db</run_address>
         <size>0xfa</size>
         <input_file_ref idref="fl-1e"/>
      </object_component>
      <object_component id="oc-f1">
         <name>.debug_abbrev</name>
         <load_address>0x14d5</load_address>
         <run_address>0x14d5</run_address>
         <size>0x32</size>
         <input_file_ref idref="fl-1f"/>
      </object_component>
      <object_component id="oc-f7">
         <name>.debug_abbrev</name>
         <load_address>0x1507</load_address>
         <run_address>0x1507</run_address>
         <size>0xea</size>
         <input_file_ref idref="fl-20"/>
      </object_component>
      <object_component id="oc-fd">
         <name>.debug_abbrev</name>
         <load_address>0x15f1</load_address>
         <run_address>0x15f1</run_address>
         <size>0xd6</size>
         <input_file_ref idref="fl-21"/>
      </object_component>
      <object_component id="oc-102">
         <name>.debug_abbrev</name>
         <load_address>0x16c7</load_address>
         <run_address>0x16c7</run_address>
         <size>0x31</size>
         <input_file_ref idref="fl-22"/>
      </object_component>
      <object_component id="oc-108">
         <name>.debug_abbrev</name>
         <load_address>0x16f8</load_address>
         <run_address>0x16f8</run_address>
         <size>0x142</size>
         <input_file_ref idref="fl-23"/>
      </object_component>
      <object_component id="oc-10d">
         <name>.debug_abbrev</name>
         <load_address>0x183a</load_address>
         <run_address>0x183a</run_address>
         <size>0x38</size>
         <input_file_ref idref="fl-24"/>
      </object_component>
      <object_component id="oc-112">
         <name>.debug_abbrev</name>
         <load_address>0x1872</load_address>
         <run_address>0x1872</run_address>
         <size>0x38</size>
         <input_file_ref idref="fl-25"/>
      </object_component>
      <object_component id="oc-117">
         <name>.debug_abbrev</name>
         <load_address>0x18aa</load_address>
         <run_address>0x18aa</run_address>
         <size>0x38</size>
         <input_file_ref idref="fl-26"/>
      </object_component>
      <object_component id="oc-11c">
         <name>.debug_abbrev</name>
         <load_address>0x18e2</load_address>
         <run_address>0x18e2</run_address>
         <size>0x38</size>
         <input_file_ref idref="fl-27"/>
      </object_component>
      <object_component id="oc-121">
         <name>.debug_abbrev</name>
         <load_address>0x191a</load_address>
         <run_address>0x191a</run_address>
         <size>0x38</size>
         <input_file_ref idref="fl-28"/>
      </object_component>
      <object_component id="oc-126">
         <name>.debug_abbrev</name>
         <load_address>0x1952</load_address>
         <run_address>0x1952</run_address>
         <size>0x38</size>
         <input_file_ref idref="fl-29"/>
      </object_component>
      <object_component id="oc-12b">
         <name>.debug_abbrev</name>
         <load_address>0x198a</load_address>
         <run_address>0x198a</run_address>
         <size>0x38</size>
         <input_file_ref idref="fl-2a"/>
      </object_component>
      <object_component id="oc-130">
         <name>.debug_abbrev</name>
         <load_address>0x19c2</load_address>
         <run_address>0x19c2</run_address>
         <size>0x38</size>
         <input_file_ref idref="fl-2b"/>
      </object_component>
      <object_component id="oc-135">
         <name>.debug_abbrev</name>
         <load_address>0x19fa</load_address>
         <run_address>0x19fa</run_address>
         <size>0x38</size>
         <input_file_ref idref="fl-2c"/>
      </object_component>
      <object_component id="oc-13a">
         <name>.debug_abbrev</name>
         <load_address>0x1a32</load_address>
         <run_address>0x1a32</run_address>
         <size>0x68</size>
         <input_file_ref idref="fl-2d"/>
      </object_component>
      <object_component id="oc-13f">
         <name>.debug_abbrev</name>
         <load_address>0x1a9a</load_address>
         <run_address>0x1a9a</run_address>
         <size>0x66</size>
         <input_file_ref idref="fl-2e"/>
      </object_component>
      <object_component id="oc-144">
         <name>.debug_abbrev</name>
         <load_address>0x1b00</load_address>
         <run_address>0x1b00</run_address>
         <size>0x38</size>
         <input_file_ref idref="fl-2f"/>
      </object_component>
      <object_component id="oc-149">
         <name>.debug_abbrev</name>
         <load_address>0x1b38</load_address>
         <run_address>0x1b38</run_address>
         <size>0xb2</size>
         <input_file_ref idref="fl-30"/>
      </object_component>
      <object_component id="oc-14e">
         <name>.debug_abbrev</name>
         <load_address>0x1bea</load_address>
         <run_address>0x1bea</run_address>
         <size>0xfe</size>
         <input_file_ref idref="fl-31"/>
      </object_component>
      <object_component id="oc-1c0">
         <name>.debug_abbrev</name>
         <load_address>0x1ce8</load_address>
         <run_address>0x1ce8</run_address>
         <size>0xf</size>
      </object_component>
      <object_component id="oc-4d">
         <name>.debug_aranges</name>
         <load_address>0x0</load_address>
         <run_address>0x0</run_address>
         <size>0x28</size>
         <input_file_ref idref="fl-2"/>
      </object_component>
      <object_component id="oc-52">
         <name>.debug_aranges</name>
         <load_address>0x28</load_address>
         <run_address>0x28</run_address>
         <size>0x20</size>
         <input_file_ref idref="fl-3"/>
      </object_component>
      <object_component id="oc-57">
         <name>.debug_aranges</name>
         <load_address>0x48</load_address>
         <run_address>0x48</run_address>
         <size>0x20</size>
         <input_file_ref idref="fl-4"/>
      </object_component>
      <object_component id="oc-5c">
         <name>.debug_aranges</name>
         <load_address>0x68</load_address>
         <run_address>0x68</run_address>
         <size>0x40</size>
         <input_file_ref idref="fl-5"/>
      </object_component>
      <object_component id="oc-62">
         <name>.debug_aranges</name>
         <load_address>0xa8</load_address>
         <run_address>0xa8</run_address>
         <size>0x28</size>
         <input_file_ref idref="fl-6"/>
      </object_component>
      <object_component id="oc-68">
         <name>.debug_aranges</name>
         <load_address>0xd0</load_address>
         <run_address>0xd0</run_address>
         <size>0x278</size>
         <input_file_ref idref="fl-7"/>
      </object_component>
      <object_component id="oc-6d">
         <name>.debug_aranges</name>
         <load_address>0x348</load_address>
         <run_address>0x348</run_address>
         <size>0x18</size>
         <input_file_ref idref="fl-8"/>
      </object_component>
      <object_component id="oc-a4">
         <name>.debug_aranges</name>
         <load_address>0x360</load_address>
         <run_address>0x360</run_address>
         <size>0x28</size>
         <input_file_ref idref="fl-a"/>
      </object_component>
      <object_component id="oc-a9">
         <name>.debug_aranges</name>
         <load_address>0x388</load_address>
         <run_address>0x388</run_address>
         <size>0x28</size>
         <input_file_ref idref="fl-b"/>
      </object_component>
      <object_component id="oc-ae">
         <name>.debug_aranges</name>
         <load_address>0x3b0</load_address>
         <run_address>0x3b0</run_address>
         <size>0x20</size>
         <input_file_ref idref="fl-c"/>
      </object_component>
      <object_component id="oc-b3">
         <name>.debug_aranges</name>
         <load_address>0x3d0</load_address>
         <run_address>0x3d0</run_address>
         <size>0x18</size>
         <input_file_ref idref="fl-d"/>
      </object_component>
      <object_component id="oc-b8">
         <name>.debug_aranges</name>
         <load_address>0x3e8</load_address>
         <run_address>0x3e8</run_address>
         <size>0x68</size>
         <input_file_ref idref="fl-e"/>
      </object_component>
      <object_component id="oc-bd">
         <name>.debug_aranges</name>
         <load_address>0x450</load_address>
         <run_address>0x450</run_address>
         <size>0x28</size>
         <input_file_ref idref="fl-f"/>
      </object_component>
      <object_component id="oc-c2">
         <name>.debug_aranges</name>
         <load_address>0x478</load_address>
         <run_address>0x478</run_address>
         <size>0x28</size>
         <input_file_ref idref="fl-10"/>
      </object_component>
      <object_component id="oc-c9">
         <name>.debug_aranges</name>
         <load_address>0x4a0</load_address>
         <run_address>0x4a0</run_address>
         <size>0x58</size>
         <input_file_ref idref="fl-11"/>
      </object_component>
      <object_component id="oc-d0">
         <name>.debug_aranges</name>
         <load_address>0x4f8</load_address>
         <run_address>0x4f8</run_address>
         <size>0xa8</size>
         <input_file_ref idref="fl-12"/>
      </object_component>
      <object_component id="oc-d9">
         <name>.debug_aranges</name>
         <load_address>0x5a0</load_address>
         <run_address>0x5a0</run_address>
         <size>0x30</size>
         <input_file_ref idref="fl-14"/>
      </object_component>
      <object_component id="oc-e1">
         <name>.debug_aranges</name>
         <load_address>0x5d0</load_address>
         <run_address>0x5d0</run_address>
         <size>0x50</size>
         <input_file_ref idref="fl-15"/>
      </object_component>
      <object_component id="oc-e8">
         <name>.debug_aranges</name>
         <load_address>0x620</load_address>
         <run_address>0x620</run_address>
         <size>0x20</size>
         <input_file_ref idref="fl-1d"/>
      </object_component>
      <object_component id="oc-ed">
         <name>.debug_aranges</name>
         <load_address>0x640</load_address>
         <run_address>0x640</run_address>
         <size>0x20</size>
         <input_file_ref idref="fl-1e"/>
      </object_component>
      <object_component id="oc-f2">
         <name>.debug_aranges</name>
         <load_address>0x660</load_address>
         <run_address>0x660</run_address>
         <size>0x20</size>
         <input_file_ref idref="fl-1f"/>
      </object_component>
      <object_component id="oc-f8">
         <name>.debug_aranges</name>
         <load_address>0x680</load_address>
         <run_address>0x680</run_address>
         <size>0x20</size>
         <input_file_ref idref="fl-20"/>
      </object_component>
      <object_component id="oc-fe">
         <name>.debug_aranges</name>
         <load_address>0x6a0</load_address>
         <run_address>0x6a0</run_address>
         <size>0x20</size>
         <input_file_ref idref="fl-21"/>
      </object_component>
      <object_component id="oc-109">
         <name>.debug_aranges</name>
         <load_address>0x6c0</load_address>
         <run_address>0x6c0</run_address>
         <size>0x28</size>
         <input_file_ref idref="fl-23"/>
      </object_component>
      <object_component id="oc-10e">
         <name>.debug_aranges</name>
         <load_address>0x6e8</load_address>
         <run_address>0x6e8</run_address>
         <size>0x20</size>
         <input_file_ref idref="fl-24"/>
      </object_component>
      <object_component id="oc-113">
         <name>.debug_aranges</name>
         <load_address>0x708</load_address>
         <run_address>0x708</run_address>
         <size>0x20</size>
         <input_file_ref idref="fl-25"/>
      </object_component>
      <object_component id="oc-118">
         <name>.debug_aranges</name>
         <load_address>0x728</load_address>
         <run_address>0x728</run_address>
         <size>0x20</size>
         <input_file_ref idref="fl-26"/>
      </object_component>
      <object_component id="oc-11d">
         <name>.debug_aranges</name>
         <load_address>0x748</load_address>
         <run_address>0x748</run_address>
         <size>0x20</size>
         <input_file_ref idref="fl-27"/>
      </object_component>
      <object_component id="oc-122">
         <name>.debug_aranges</name>
         <load_address>0x768</load_address>
         <run_address>0x768</run_address>
         <size>0x20</size>
         <input_file_ref idref="fl-28"/>
      </object_component>
      <object_component id="oc-127">
         <name>.debug_aranges</name>
         <load_address>0x788</load_address>
         <run_address>0x788</run_address>
         <size>0x20</size>
         <input_file_ref idref="fl-29"/>
      </object_component>
      <object_component id="oc-12c">
         <name>.debug_aranges</name>
         <load_address>0x7a8</load_address>
         <run_address>0x7a8</run_address>
         <size>0x20</size>
         <input_file_ref idref="fl-2a"/>
      </object_component>
      <object_component id="oc-131">
         <name>.debug_aranges</name>
         <load_address>0x7c8</load_address>
         <run_address>0x7c8</run_address>
         <size>0x20</size>
         <input_file_ref idref="fl-2b"/>
      </object_component>
      <object_component id="oc-136">
         <name>.debug_aranges</name>
         <load_address>0x7e8</load_address>
         <run_address>0x7e8</run_address>
         <size>0x20</size>
         <input_file_ref idref="fl-2c"/>
      </object_component>
      <object_component id="oc-13b">
         <name>.debug_aranges</name>
         <load_address>0x808</load_address>
         <run_address>0x808</run_address>
         <size>0x20</size>
         <input_file_ref idref="fl-2d"/>
      </object_component>
      <object_component id="oc-140">
         <name>.debug_aranges</name>
         <load_address>0x828</load_address>
         <run_address>0x828</run_address>
         <size>0x20</size>
         <input_file_ref idref="fl-2e"/>
      </object_component>
      <object_component id="oc-145">
         <name>.debug_aranges</name>
         <load_address>0x848</load_address>
         <run_address>0x848</run_address>
         <size>0x20</size>
         <input_file_ref idref="fl-2f"/>
      </object_component>
      <object_component id="oc-14a">
         <name>.debug_aranges</name>
         <load_address>0x868</load_address>
         <run_address>0x868</run_address>
         <size>0x30</size>
         <input_file_ref idref="fl-30"/>
      </object_component>
      <object_component id="oc-14f">
         <name>.debug_aranges</name>
         <load_address>0x898</load_address>
         <run_address>0x898</run_address>
         <size>0x20</size>
         <input_file_ref idref="fl-31"/>
      </object_component>
      <object_component id="oc-54">
         <name>.debug_frame</name>
         <load_address>0x0</load_address>
         <run_address>0x0</run_address>
         <size>0x77</size>
         <input_file_ref idref="fl-4"/>
      </object_component>
      <object_component id="oc-59">
         <name>.debug_frame</name>
         <load_address>0x77</load_address>
         <run_address>0x77</run_address>
         <size>0xe5</size>
         <input_file_ref idref="fl-5"/>
      </object_component>
      <object_component id="oc-5f">
         <name>.debug_frame</name>
         <load_address>0x15c</load_address>
         <run_address>0x15c</run_address>
         <size>0x93</size>
         <input_file_ref idref="fl-6"/>
      </object_component>
      <object_component id="oc-65">
         <name>.debug_frame</name>
         <load_address>0x1ef</load_address>
         <run_address>0x1ef</run_address>
         <size>0x69e</size>
         <input_file_ref idref="fl-7"/>
      </object_component>
      <object_component id="oc-6a">
         <name>.debug_frame</name>
         <load_address>0x88d</load_address>
         <run_address>0x88d</run_address>
         <size>0x62</size>
         <input_file_ref idref="fl-8"/>
      </object_component>
      <object_component id="oc-a1">
         <name>.debug_frame</name>
         <load_address>0x8ef</load_address>
         <run_address>0x8ef</run_address>
         <size>0x8c</size>
         <input_file_ref idref="fl-a"/>
      </object_component>
      <object_component id="oc-a6">
         <name>.debug_frame</name>
         <load_address>0x97b</load_address>
         <run_address>0x97b</run_address>
         <size>0x8c</size>
         <input_file_ref idref="fl-b"/>
      </object_component>
      <object_component id="oc-ab">
         <name>.debug_frame</name>
         <load_address>0xa07</load_address>
         <run_address>0xa07</run_address>
         <size>0x7d</size>
         <input_file_ref idref="fl-c"/>
      </object_component>
      <object_component id="oc-b0">
         <name>.debug_frame</name>
         <load_address>0xa84</load_address>
[...]
      <symbol id="sm-3ca">
         <name>_Vcharge</name>
         <value>0x8c24</value>
         <object_component_ref idref="oc-d3"/>
      </symbol>
      <symbol id="sm-3cb">
         <name>_Vbalance</name>
         <value>0x8c22</value>
         <object_component_ref idref="oc-d3"/>
      </symbol>
      <symbol id="sm-3cc">
         <name>_flagVoltage</name>
         <value>0x8c10</value>
         <object_component_ref idref="oc-d3"/>
      </symbol>
      <symbol id="sm-3cd">
         <name>_flagCurrent</name>
         <value>0x8c13</value>
         <object_component_ref idref="oc-d3"/>
      </symbol>
      <symbol id="sm-3ce">
         <name>_Vcritical</name>
         <value>0x8c1a</value>
         <object_component_ref idref="oc-d3"/>
      </symbol>
      <symbol id="sm-3cf">
         <name>_Imin</name>
         <value>0x8c2c</value>
         <object_component_ref idref="oc-d3"/>
      </symbol>
      <symbol id="sm-3d0">
         <name>_resistance_temp</name>
         <value>0x8c38</value>
         <object_component_ref idref="oc-d3"/>
      </symbol>
      <symbol id="sm-3d1">
         <name>_Ifilter</name>
         <value>0x8c48</value>
         <object_component_ref idref="oc-d3"/>
      </symbol>
      <symbol id="sm-3d2">
         <name>_Tmin</name>
         <value>0x8c18</value>
         <object_component_ref idref="oc-d3"/>
      </symbol>
      <symbol id="sm-3d3">
         <name>_ChargerCurrent</name>
         <value>0x8c56</value>
         <object_component_ref idref="oc-d3"/>
      </symbol>
      <symbol id="sm-3d4">
         <name>_Temperatures</name>
         <value>0x8d40</value>
         <object_component_ref idref="oc-d3"/>
      </symbol>
      <symbol id="sm-3d5">
         <name>_counter_50Hz</name>
         <value>0x8c07</value>
         <object_component_ref idref="oc-d3"/>
      </symbol>
      <symbol id="sm-3d6">
         <name>_NodeID</name>
         <value>0x8c0c</value>
         <object_component_ref idref="oc-d3"/>
      </symbol>
      <symbol id="sm-3d7">
         <name>_balance</name>
         <value>0x8c16</value>
         <object_component_ref idref="oc-d3"/>
      </symbol>
      <symbol id="sm-3d8">
         <name>_Temperatures_resistance</name>
         <value>0x8cca</value>
         <object_component_ref idref="oc-d3"/>
      </symbol>
      <symbol id="sm-3d9">
         <name>_kp_multiplier</name>
         <value>0x8c40</value>
         <object_component_ref idref="oc-d3"/>
      </symbol>
      <symbol id="sm-3da">
         <name>_system_status</name>
         <value>0x8c03</value>
         <object_component_ref idref="oc-d3"/>
      </symbol>
      <symbol id="sm-3db">
         <name>_current_int</name>
         <value>0x8c0a</value>
         <object_component_ref idref="oc-d3"/>
      </symbol>
      <symbol id="sm-3dc">
         <name>_ADCoffset</name>
         <value>0x8c7c</value>
         <object_component_ref idref="oc-d3"/>
      </symbol>
      <symbol id="sm-3dd">
         <name>_Imax</name>
         <value>0x8c26</value>
         <object_component_ref idref="oc-d3"/>
      </symbol>
      <symbol id="sm-3de">
         <name>_Voltage_avg</name>
         <value>0x8c84</value>
         <object_component_ref idref="oc-d3"/>
      </symbol>
      <symbol id="sm-3df">
         <name>_sine_y</name>
         <value>0x8ca4</value>
         <object_component_ref idref="oc-d3"/>
      </symbol>
      <symbol id="sm-3e0">
         <name>_sine_x</name>
         <value>0x8cae</value>
         <object_component_ref idref="oc-d3"/>
      </symbol>
      <symbol id="sm-3e1">
         <name>_SOH_max_cell</name>
         <value>0x8c4c</value>
         <object_component_ref idref="oc-d3"/>
      </symbol>
      <symbol id="sm-3e2">
         <name>_Temperature_low_cell</name>
         <value>0x8c5a</value>
         <object_component_ref idref="oc-d3"/>
      </symbol>
      <symbol id="sm-3e3">
         <name>_Temperature_high</name>
         <value>0x8c54</value>
         <object_component_ref idref="oc-d3"/>
      </symbol>
      <symbol id="sm-3e4">
         <name>_Tmax</name>
         <value>0x8c28</value>
         <object_component_ref idref="oc-d3"/>
      </symbol>
      <symbol id="sm-3e5">
         <name>_ChgCurrent</name>
         <value>0x8c34</value>
         <object_component_ref idref="oc-d3"/>
      </symbol>
      <symbol id="sm-3e6">
         <name>_Voltage_low</name>
         <value>0x8c60</value>
         <object_component_ref idref="oc-d3"/>
      </symbol>
      <symbol id="sm-3e7">
         <name>_ref</name>
         <value>0x8c70</value>
         <object_component_ref idref="oc-d3"/>
      </symbol>
      <symbol id="sm-3e8">
         <name>_Received</name>
         <value>0x8c0d</value>
         <object_component_ref idref="oc-d3"/>
      </symbol>
      <symbol id="sm-3e9">
         <name>_I2cMsgOut1</name>
         <value>0x8c9b</value>
         <object_component_ref idref="oc-d3"/>
      </symbol>
      <symbol id="sm-3ea">
         <name>_flagDischarged</name>
         <value>0x8c14</value>
         <object_component_ref idref="oc-d3"/>
      </symbol>
      <symbol id="sm-3eb">
         <name>_Voltage_low_cell</name>
         <value>0x8c62</value>
         <object_component_ref idref="oc-d3"/>
      </symbol>
      <symbol id="sm-3ec">
         <name>_AuxChargeTime</name>
         <value>0x8c1c</value>
         <object_component_ref idref="oc-d3"/>
      </symbol>
      <symbol id="sm-3ed">
         <name>_ChargerVoltage</name>
         <value>0x8c5c</value>
         <object_component_ref idref="oc-d3"/>
      </symbol>
      <symbol id="sm-3ee">
         <name>_SOH_max</name>
         <value>0x8c30</value>
         <object_component_ref idref="oc-d3"/>
      </symbol>
      <symbol id="sm-3ef">
         <name>_Voltage_high_cell</name>
         <value>0x8c6a</value>
         <object_component_ref idref="oc-d3"/>
      </symbol>
      <symbol id="sm-3f0">
         <name>_Current</name>
         <value>0x8c68</value>
         <object_component_ref idref="oc-d3"/>
      </symbol>
      <symbol id="sm-3f1">
         <name>_Voltages</name>
         <value>0x8d1e</value>
         <object_component_ref idref="oc-d3"/>
      </symbol>
      <symbol id="sm-3f2">
         <name>_SOC</name>
         <value>0x8c20</value>
         <object_component_ref idref="oc-d3"/>
      </symbol>
      <symbol id="sm-3f3">
         <name>_counter_2Hz</name>
         <value>0x8c15</value>
         <object_component_ref idref="oc-d3"/>
      </symbol>
      <symbol id="sm-3f4">
         <name>_test_blah</name>
         <value>0x8c8c</value>
         <object_component_ref idref="oc-d3"/>
      </symbol>
      <symbol id="sm-3f5">
         <name>_ADCgain</name>
         <value>0x8c7a</value>
         <object_component_ref idref="oc-d3"/>
      </symbol>
      <symbol id="sm-3f6">
         <name>_Ah</name>
         <value>0x8c80</value>
         <object_component_ref idref="oc-d3"/>
      </symbol>
      <symbol id="sm-3f7">
         <name>_Vdischargedflagreset</name>
         <value>0x8c44</value>
         <object_component_ref idref="oc-d3"/>
      </symbol>
      <symbol id="sm-3f8">
         <name>_kp_constant</name>
         <value>0x8c46</value>
         <object_component_ref idref="oc-d3"/>
      </symbol>
      <symbol id="sm-3f9">
         <name>_SOCv</name>
         <value>0x8c36</value>
         <object_component_ref idref="oc-d3"/>
      </symbol>
      <symbol id="sm-3fa">
         <name>_SOCc</name>
         <value>0x8c32</value>
         <object_component_ref idref="oc-d3"/>
      </symbol>
      <symbol id="sm-3fb">
         <name>_CurrentMsgPtr</name>
         <value>0x8c72</value>
         <object_component_ref idref="oc-d3"/>
      </symbol>
      <symbol id="sm-3fc">
         <name>_Temperature_avg</name>
         <value>0x8c66</value>
         <object_component_ref idref="oc-d3"/>
      </symbol>
      <symbol id="sm-3fd">
         <name>_Auxilliary_Voltage</name>
         <value>0x8c78</value>
         <object_component_ref idref="oc-d3"/>
      </symbol>
      <symbol id="sm-3fe">
         <name>_Auxilliary_counter</name>
         <value>0x8c06</value>
         <object_component_ref idref="oc-d3"/>
      </symbol>
      <symbol id="sm-3ff">
         <name>_sine_table</name>
         <value>0x8c86</value>
         <object_component_ref idref="oc-d3"/>
      </symbol>
      <symbol id="sm-400">
         <name>_Vauxmin</name>
         <value>0x8c2a</value>
         <object_component_ref idref="oc-d3"/>
      </symbol>
      <symbol id="sm-401">
         <name>_SOH_avg</name>
         <value>0x8c2e</value>
         <object_component_ref idref="oc-d3"/>
      </symbol>
      <symbol id="sm-402">
         <name>_Temperature_high_cell</name>
         <value>0x8c58</value>
         <object_component_ref idref="oc-d3"/>
      </symbol>
      <symbol id="sm-403">
         <name>_dI</name>
         <value>0x8c3a</value>
         <object_component_ref idref="oc-d3"/>
      </symbol>
      <symbol id="sm-404">
         <name>_DataOut2</name>
         <value>0x8c12</value>
         <object_component_ref idref="oc-d3"/>
      </symbol>
      <symbol id="sm-405">
         <name>_Current_CAL</name>
         <value>0x8c4e</value>
         <object_component_ref idref="oc-d3"/>
      </symbol>
      <symbol id="sm-406">
         <name>_Voltage_high</name>
         <value>0x8c64</value>
         <object_component_ref idref="oc-d3"/>
      </symbol>
      <symbol id="sm-407">
         <name>_DataOut</name>
         <value>0x8c0f</value>
         <object_component_ref idref="oc-d3"/>
      </symbol>
      <symbol id="sm-408">
         <name>_resistance</name>
         <value>0x8c3e</value>
         <object_component_ref idref="oc-d3"/>
      </symbol>
      <symbol id="sm-409">
         <name>_balancing_bottom_level</name>
         <value>0x8c76</value>
         <object_component_ref idref="oc-d3"/>
      </symbol>
      <symbol id="sm-40a">
         <name>_Current_Counter</name>
         <value>0x8c08</value>
         <object_component_ref idref="oc-d3"/>
      </symbol>
      <symbol id="sm-40b">
         <name>_flagCharged</name>
         <value>0x8c11</value>
         <object_component_ref idref="oc-d3"/>
      </symbol>
      <symbol id="sm-40c">
         <name>_SOC_t</name>
         <value>0x8c50</value>
         <object_component_ref idref="oc-d3"/>
      </symbol>
      <symbol id="sm-40d">
         <name>_Cell_B1</name>
         <value>0x8c05</value>
         <object_component_ref idref="oc-d3"/>
      </symbol>
      <symbol id="sm-40e">
         <name>_Cell_B3</name>
         <value>0x8c09</value>
         <object_component_ref idref="oc-d3"/>
      </symbol>
      <symbol id="sm-40f">
         <name>_Cell_B2</name>
         <value>0x8c02</value>
         <object_component_ref idref="oc-d3"/>
      </symbol>
      <symbol id="sm-410">
         <name>_test_current</name>
         <value>0x8c6e</value>
         <object_component_ref idref="oc-d3"/>
      </symbol>
      <symbol id="sm-411">
         <name>_Vmin</name>
         <value>0x8c6c</value>
         <object_component_ref idref="oc-d3"/>
      </symbol>
      <symbol id="sm-412">
         <name>_Wsoc</name>
         <value>0x8c4a</value>
         <object_component_ref idref="oc-d3"/>
      </symbol>
      <symbol id="sm-413">
         <name>_Temperature_low</name>
         <value>0x8c5e</value>
         <object_component_ref idref="oc-d3"/>
      </symbol>
      <symbol id="sm-414">
         <name>_balancing_upper_level</name>
         <value>0x8c42</value>
         <object_component_ref idref="oc-d3"/>
      </symbol>
      <symbol id="sm-415">
         <name>_I</name>
         <value>0x8c7e</value>
         <object_component_ref idref="oc-d3"/>
      </symbol>
      <symbol id="sm-416">
         <name>_flagTemp</name>
         <value>0x8c0e</value>
         <object_component_ref idref="oc-d3"/>
      </symbol>
      <symbol id="sm-417">
         <name>_Charger_status</name>
         <value>0x8c04</value>
         <object_component_ref idref="oc-d3"/>
      </symbol>
      <symbol id="sm-418">
         <name>_Toets_current_sum</name>
         <value>0x8cc0</value>
         <object_component_ref idref="oc-d3"/>
      </symbol>
      <symbol id="sm-419">
         <name>_Current_Sum</name>
         <value>0x8c0b</value>
         <object_component_ref idref="oc-d3"/>
      </symbol>
      <symbol id="sm-41a">
         <name>_I2cMsgIn1</name>
         <value>0x8c92</value>
         <object_component_ref idref="oc-d3"/>
      </symbol>
      <symbol id="sm-439">
         <name>_I2CA_ReadData</name>
         <value>0x3f5e82</value>
         <object_component_ref idref="oc-161"/>
      </symbol>
      <symbol id="sm-43a">
         <name>_I2CA_WriteData</name>
         <value>0x3f5e3a</value>
         <object_component_ref idref="oc-161"/>
      </symbol>
      <symbol id="sm-43b">
         <name>_I2CA_Init</name>
         <value>0x3f5e27</value>
         <object_component_ref idref="oc-161"/>
      </symbol>
      <symbol id="sm-461">
         <name>_adc_isr</name>
         <value>0x3f5267</value>
         <object_component_ref idref="oc-dd"/>
      </symbol>
      <symbol id="sm-462">
         <name>_cpu_timer2_isr</name>
         <value>0x3f554f</value>
         <object_component_ref idref="oc-dd"/>
      </symbol>
      <symbol id="sm-463">
         <name>_cpu_timer1_isr</name>
         <value>0x3f54c2</value>
         <object_component_ref idref="oc-dd"/>
      </symbol>
      <symbol id="sm-464">
         <name>_cpu_timer0_isr</name>
         <value>0x3f52f0</value>
         <object_component_ref idref="oc-dd"/>
      </symbol>
      <symbol id="sm-465">
         <name>_i2c_int1a_isr</name>
         <value>0x3f555b</value>
         <object_component_ref idref="oc-dd"/>
      </symbol>
      <symbol id="sm-466">
         <name>_can_tx_isr</name>
         <value>0x3f55d0</value>
         <object_component_ref idref="oc-dd"/>
      </symbol>
      <symbol id="sm-467">
         <name>_can_rx_isr</name>
         <value>0x3f559a</value>
         <object_component_ref idref="oc-dd"/>
      </symbol>
      <symbol id="sm-484">
         <name>_c_int00</name>
         <value>0x3f61a4</value>
         <object_component_ref idref="oc-e2"/>
      </symbol>
      <symbol id="sm-485">
         <name>__stack</name>
         <value>0x50</value>
         <object_component_ref idref="oc-e3"/>
      </symbol>
      <symbol id="sm-49b">
         <name>_copy_in</name>
         <value>0x3f61f8</value>
         <object_component_ref idref="oc-153"/>
      </symbol>
      <symbol id="sm-4aa">
         <name>_ppcopy</name>
         <value>0x3f6352</value>
         <object_component_ref idref="oc-ee"/>
      </symbol>
      <symbol id="sm-4ab">
         <name>_dpcopy</name>
         <value>0x3f6352</value>
         <object_component_ref idref="oc-ee"/>
      </symbol>
      <symbol id="sm-4ac">
         <name>_pdcopy</name>
         <value>0x3f6352</value>
         <object_component_ref idref="oc-ee"/>
      </symbol>
      <symbol id="sm-4ad">
         <name>_ddcopy</name>
         <value>0x3f6352</value>
         <object_component_ref idref="oc-ee"/>
      </symbol>
      <symbol id="sm-4e0">
         <name>_exp</name>
         <value>0x3f5a9b</value>
         <object_component_ref idref="oc-166"/>
      </symbol>
      <symbol id="sm-4e1">
         <name>_expf</name>
         <value>0x3f5a9b</value>
         <object_component_ref idref="oc-166"/>
      </symbol>
      <symbol id="sm-50b">
         <name>_logf</name>
         <value>0x3f5797</value>
         <object_component_ref idref="oc-165"/>
      </symbol>
      <symbol id="sm-50c">
         <name>_log</name>
         <value>0x3f5797</value>
         <object_component_ref idref="oc-165"/>
      </symbol>
      <symbol id="sm-517">
         <name>_errno</name>
         <value>0x8db4</value>
         <object_component_ref idref="oc-101"/>
      </symbol>
      <symbol id="sm-52c">
         <name>C$$EXIT</name>
         <value>0x3f6270</value>
         <object_component_ref idref="oc-156"/>
      </symbol>
      <symbol id="sm-52d">
         <name>_exit</name>
         <value>0x3f6272</value>
         <object_component_ref idref="oc-156"/>
      </symbol>
      <symbol id="sm-52e">
         <name>___TI_cleanup_ptr</name>
         <value>0x8d7a</value>
         <object_component_ref idref="oc-105"/>
      </symbol>
      <symbol id="sm-52f">
         <name>___TI_enable_exit_profile_output</name>
         <value>0x8d78</value>
         <object_component_ref idref="oc-105"/>
      </symbol>
      <symbol id="sm-530">
         <name>_abort</name>
         <value>0x3f6270</value>
         <object_component_ref idref="oc-156"/>
      </symbol>
      <symbol id="sm-531">
         <name>___TI_dtors_ptr</name>
         <value>0x8d7c</value>
         <object_component_ref idref="oc-105"/>
      </symbol>
      <symbol id="sm-54b">
         <name>FS$$ADD</name>
         <value>0x3f6064</value>
         <object_component_ref idref="oc-10a"/>
      </symbol>
      <symbol id="sm-54c">
         <name>FS$$SUB</name>
         <value>0x3f605f</value>
         <object_component_ref idref="oc-10a"/>
      </symbol>
      <symbol id="sm-55e">
         <name>FS$$CMP</name>
         <value>0x3f63d2</value>
         <object_component_ref idref="oc-10f"/>
      </symbol>
      <symbol id="sm-56f">
         <name>FS$$DIV</name>
         <value>0x3f5fdc</value>
         <object_component_ref idref="oc-114"/>
      </symbol>
      <symbol id="sm-580">
         <name>FS$$MPY</name>
         <value>0x3f614a</value>
         <object_component_ref idref="oc-119"/>
      </symbol>
      <symbol id="sm-591">
         <name>FS$$TOI</name>
         <value>0x3f6310</value>
         <object_component_ref idref="oc-11e"/>
      </symbol>
      <symbol id="sm-5a4">
         <name>FS$$TOL</name>
         <value>0x3f6299</value>
         <object_component_ref idref="oc-123"/>
      </symbol>
      <symbol id="sm-5b5">
         <name>FS$$TOU</name>
         <value>0x3f6335</value>
         <object_component_ref idref="oc-128"/>
      </symbol>
      <symbol id="sm-5c4">
         <name>I$$TOFS</name>
         <value>0x3f636c</value>
         <object_component_ref idref="oc-12d"/>
      </symbol>
      <symbol id="sm-5d3">
         <name>L$$TOFS</name>
         <value>0x3f6386</value>
         <object_component_ref idref="oc-132"/>
      </symbol>
      <symbol id="sm-5e0">
         <name>__system_pre_init</name>
         <value>0x3f640a</value>
         <object_component_ref idref="oc-152"/>
      </symbol>
      <symbol id="sm-5ed">
         <name>__system_post_cinit</name>
         <value>0x3f640c</value>
         <object_component_ref idref="oc-154"/>
      </symbol>
      <symbol id="sm-5fb">
         <name>U$$TOFS</name>
         <value>0x3f63e9</value>
         <object_component_ref idref="oc-141"/>
      </symbol>
      <symbol id="sm-610">
         <name>__unlock</name>
         <value>0x8db2</value>
         <object_component_ref idref="oc-16d"/>
      </symbol>
      <symbol id="sm-611">
         <name>__lock</name>
         <value>0x8d7e</value>
         <object_component_ref idref="oc-15b"/>
      </symbol>
      <symbol id="sm-612">
         <name>__register_lock</name>
         <value>0x3f63fd</value>
         <object_component_ref idref="oc-167"/>
      </symbol>
      <symbol id="sm-613">
         <name>__nop</name>
         <value>0x3f6401</value>
         <object_component_ref idref="oc-167"/>
      </symbol>
      <symbol id="sm-614">
         <name>__register_unlock</name>
         <value>0x3f63f9</value>
         <object_component_ref idref="oc-167"/>
      </symbol>
      <symbol id="sm-624">
         <name>__args_main</name>
         <value>0x3f63b9</value>
         <object_component_ref idref="oc-155"/>
      </symbol>
   </symbol_table>
   <title>Link successful</title>
</link_info>
