******************************************************************************
             TMS320C2000 Linker PC v15.12.3                    
******************************************************************************
>> Linked Wed May 16 12:08:27 2018

OUTPUT FILE NAME:   <Example_2803xI2C_eeprom.out>
ENTRY POINT SYMBOL: "code_start"  address: 003f7ff6


MEMORY CONFIGURATION

         name            origin    length      used     unused   attr    fill
----------------------  --------  ---------  --------  --------  ----  --------
PAGE 0:
  RAML0                 00008000   00000800  00000004  000007fc  RWIX
  RAML1                 00008800   00000400  00000000  00000400  RWIX
  RAML3                 00009000   00001000  00000000  00001000  RWIX
  OTP                   003d7800   00000400  00000000  00000400  RWIX
  FLASHH                003e8000   00002000  00000000  00002000  RWIX
  FLASHG                003ea000   00002000  00000000  00002000  RWIX
  FLASHF                003ec000   00002000  00000000  00002000  RWIX
  FLASHE                003ee000   00002000  00000000  00002000  RWIX
  FLASHD                003f0000   00002000  00000004  00001ffc  RWIX
  FLASHC                003f2000   00002000  000001a8  00001e58  RWIX
  FLASHA                003f4000   00003f80  00002541  00001a3f  RWIX
  CSM_RSVD              003f7f80   00000076  00000000  00000076  RWIX
  BEGIN                 003f7ff6   00000002  00000002  00000000  RWIX
  CSM_PWL_P0            003f7ff8   00000008  00000000  00000008  RWIX
  IQTABLES              003fe000   00000b50  00000000  00000b50  RWIX
  IQTABLES2             003feb50   0000008c  00000000  0000008c  RWIX
  IQTABLES3             003febdc   000000aa  00000000  000000aa  RWIX
  ROM                   003ff27c   00000d44  00000000  00000d44  RWIX
  RESET                 003fffc0   00000002  00000000  00000002  RWIX
  VECTORS               003fffc2   0000003e  00000000  0000003e  RWIX

PAGE 1:
  BOOT_RSVD             00000000   00000050  00000000  00000050  RWIX
  RAMM0                 00000050   000003b0  00000380  00000030  RWIX
  RAMM1                 00000400   00000400  00000000  00000400  RWIX
  DEV_EMU               00000880   00000105  00000004  00000101  RWIX
  SYS_PWR_CTL           00000985   00000003  00000003  00000000  RWIX
  FLASH_REGS            00000a80   00000060  00000008  00000058  RWIX
  CSM                   00000ae0   00000010  00000010  00000000  RWIX
  ADC_RESULT            00000b00   00000020  00000020  00000000  RWIX
  CPU_TIMER0            00000c00   00000008  00000008  00000000  RWIX
  CPU_TIMER1            00000c08   00000008  00000008  00000000  RWIX
  CPU_TIMER2            00000c10   00000008  00000008  00000000  RWIX
  PIE_CTRL              00000ce0   00000020  0000001a  00000006  RWIX
  PIE_VECT              00000d00   00000100  00000100  00000000  RWIX
  CLA1                  00001400   00000080  00000040  00000040  RWIX
  CLA1_MSGRAMLOW        00001480   00000080  00000000  00000080  RWIX
  CLA1_MSGRAMHIGH       00001500   00000080  00000000  00000080  RWIX
  ECANA                 00006000   00000040  00000034  0000000c  RWIX
  ECANA_LAM             00006040   00000040  00000040  00000000  RWIX
  ECANA_MOTS            00006080   00000040  00000040  00000000  RWIX
  ECANA_MOTO            000060c0   00000040  00000040  00000000  RWIX
  ECANA_MBOX            00006100   00000100  00000100  00000000  RWIX
  COMP1                 00006400   00000020  00000014  0000000c  RWIX
  COMP2                 00006420   00000020  00000014  0000000c  RWIX
  COMP3                 00006440   00000020  00000014  0000000c  RWIX
  EPWM1                 00006800   00000040  00000040  00000000  RWIX
  EPWM2                 00006840   00000040  00000040  00000000  RWIX
  EPWM3                 00006880   00000040  00000040  00000000  RWIX
  EPWM4                 000068c0   00000040  00000040  00000000  RWIX
  EPWM5                 00006900   00000040  00000040  00000000  RWIX
  EPWM6                 00006940   00000040  00000040  00000000  RWIX
  EPWM7                 00006980   00000040  00000040  00000000  RWIX
  ECAP1                 00006a00   00000020  00000020  00000000  RWIX
  HRCAP1                00006ac0   00000020  00000020  00000000  RWIX
  HRCAP2                00006ae0   00000020  00000020  00000000  RWIX
  EQEP1                 00006b00   00000040  00000040  00000000  RWIX
  LINA                  00006c00   00000080  0000004a  00000036  RWIX
  GPIOCTRL              00006f80   00000040  00000040  00000000  RWIX
  GPIODAT               00006fc0   00000020  00000020  00000000  RWIX
  GPIOINT               00006fe0   00000020  0000000c  00000014  RWIX
  SYSTEM                00007010   00000020  00000020  00000000  RWIX
  SPIA                  00007040   00000010  00000010  00000000  RWIX
  SCIA                  00007050   00000010  00000010  00000000  RWIX
  NMIINTRUPT            00007060   00000010  00000010  00000000  RWIX
  XINTRUPT              00007070   00000010  00000010  00000000  RWIX
  ADC                   00007100   00000080  00000050  00000030  RWIX
  SPIB                  00007740   00000010  00000010  00000000  RWIX
  I2CA                  00007900   00000040  00000022  0000001e  RWIX
  RAML2                 00008c00   00000400  000001b1  0000024f  RWIX
  PARTID                003d7e80   00000001  00000001  00000000  RWIX
  CSM_PWL               003f7ff8   00000008  00000008  00000000  RWIX


SECTION ALLOCATION MAP

 output                                  attributes/
section   page    origin      length       input sections
--------  ----  ----------  ----------   ----------------
Cla1Prog   0    00009000    00000000     UNINITIALIZED

ramfuncs   0    003f0000    00000004     RUN ADDR = 00008000
                  003f0000    00000004     DSP2803x_usDelay.obj (ramfuncs)

.econst    0    003f2000    0000012c     
                  003f2000    00000100     DSP2803x_PieVect.obj (.econst:_PieVectTableInit)
                  003f2100    00000010     rts2800_ml.lib : e_expf.obj (.econst)
                  003f2110    00000010                    : e_logf.obj (.econst)
                  003f2120    00000004                    : e_expf.obj (.econst:_halF)
                  003f2124    00000004                    : e_expf.obj (.econst:_ln2HI)
                  003f2128    00000004                    : e_expf.obj (.econst:_ln2LO)

.switch    0    003f212c    0000007c     
                  003f212c    00000060     User_CAN.obj (.switch:_CANSlaveReception)
                  003f218c    0000001c     User_CAN.obj (.switch:_CANSlaveConfig)

.text      0    003f4000    000023ed     
                  003f4000    00000bc1     User_Functions.obj (.text)
                  003f4bc1    00000697     User_CAN.obj (.text)
                  003f5258    00000375     User_Interrupts.obj (.text:retain)
                  003f55cd    000001aa     DSP2803x_Adc.obj (.text)
                  003f5777    00000188     rts2800_ml.lib : e_logf.obj (.text)
                  003f58ff    0000017c     DSP2803x_DefaultIsr.obj (.text:retain)
                  003f5a7b    0000014e     rts2800_ml.lib : e_expf.obj (.text)
                  003f5bc9    0000013c     DSP2803x_SysCtrl.obj (.text)
                  003f5d05    00000102     User_ADC.obj (.text)
                  003f5e07    000000e8     User_I2C.obj (.text)
                  003f5eef    000000cd     User_BQ.obj (.text)
                  003f5fbc    00000083     rts2800_ml.lib : fs_div.obj (.text)
                  003f603f    00000078                    : fs_add.obj (.text)
                  003f60b7    00000073     DSP2803x_CpuTimers.obj (.text)
                  003f612a    0000005a     rts2800_ml.lib : fs_mpy.obj (.text)
                  003f6184    00000054                    : boot.obj (.text)
                  003f61d8    00000046                    : cpy_tbl.obj (.text)
                  003f621e    00000032     Main.obj (.text)
                  003f6250    00000029     rts2800_ml.lib : exit.obj (.text)
                  003f6279    00000029                    : fs_tol.obj (.text)
                  003f62a2    00000028     DSP2803x_PieCtrl.obj (.text)
                  003f62ca    00000026     DSP2803x_PieVect.obj (.text)
                  003f62f0    00000025     rts2800_ml.lib : fs_toi.obj (.text)
                  003f6315    0000001d                    : fs_tou.obj (.text)
                  003f6332    0000001a                    : cpy_utils.obj (.text)
                  003f634c    0000001a                    : i_tofs.obj (.text)
                  003f6366    0000001a                    : l_tofs.obj (.text)
                  003f6380    00000019     DSP2803x_I2C.obj (.text)
                  003f6399    00000019     rts2800_ml.lib : args_main.obj (.text)
                  003f63b2    00000017                    : fs_cmp.obj (.text)
                  003f63c9    00000010                    : u_tofs.obj (.text)
                  003f63d9    00000009                    : _lock.obj (.text)
                  003f63e2    00000008     DSP2803x_CodeStartBranch.obj (.text)
                  003f63ea    00000002     rts2800_ml.lib : pre_init.obj (.text)
                  003f63ec    00000001                    : startup.obj (.text)

.cinit     0    003f63ed    00000154     
                  003f63ed    0000011e     User_Globals.obj (.cinit)
                  003f650b    0000000e     rts2800_ml.lib : exit.obj (.cinit)
                  003f6519    0000000a     User_Interrupts.obj (.cinit)
                  003f6523    00000009     User_CAN.obj (.cinit)
                  003f652c    00000005     User_Functions.obj (.cinit)
                  003f6531    00000005     rts2800_ml.lib : _lock.obj (.cinit:__lock)
                  003f6536    00000005                    : _lock.obj (.cinit:__unlock)
                  003f653b    00000004                    : errno.obj (.cinit)
                  003f653f    00000002     --HOLE-- [fill = 0]

codestart 
*          0    003f7ff6    00000002     
                  003f7ff6    00000002     DSP2803x_CodeStartBranch.obj (codestart)

.stack     1    00000050    00000380     UNINITIALIZED
                  00000050    00000380     --HOLE--

DevEmuRegsFile 
*          1    00000880    00000004     UNINITIALIZED
                  00000880    00000004     DSP2803x_GlobalVariableDefs.obj (DevEmuRegsFile)

SysPwrCtrlRegsFile 
*          1    00000985    00000003     UNINITIALIZED
                  00000985    00000003     DSP2803x_GlobalVariableDefs.obj (SysPwrCtrlRegsFile)

FlashRegsFile 
*          1    00000a80    00000008     UNINITIALIZED
                  00000a80    00000008     DSP2803x_GlobalVariableDefs.obj (FlashRegsFile)

CsmRegsFile 
*          1    00000ae0    00000010     UNINITIALIZED
                  00000ae0    00000010     DSP2803x_GlobalVariableDefs.obj (CsmRegsFile)

AdcResultFile 
*          1    00000b00    00000020     UNINITIALIZED
                  00000b00    00000020     DSP2803x_GlobalVariableDefs.obj (AdcResultFile)

CpuTimer0RegsFile 
*          1    00000c00    00000008     UNINITIALIZED
                  00000c00    00000008     DSP2803x_GlobalVariableDefs.obj (CpuTimer0RegsFile)

CpuTimer1RegsFile 
*          1    00000c08    00000008     UNINITIALIZED
                  00000c08    00000008     DSP2803x_GlobalVariableDefs.obj (CpuTimer1RegsFile)

CpuTimer2RegsFile 
*          1    00000c10    00000008     UNINITIALIZED
                  00000c10    00000008     DSP2803x_GlobalVariableDefs.obj (CpuTimer2RegsFile)

PieCtrlRegsFile 
*          1    00000ce0    0000001a     UNINITIALIZED
                  00000ce0    0000001a     DSP2803x_GlobalVariableDefs.obj (PieCtrlRegsFile)

PieVectTableFile 
*          1    00000d00    00000100     UNINITIALIZED
                  00000d00    00000100     DSP2803x_GlobalVariableDefs.obj (PieVectTableFile)

EmuKeyVar 
*          1    00000d00    00000001     UNINITIALIZED
                  00000d00    00000001     DSP2803x_GlobalVariableDefs.obj (EmuKeyVar)

EmuBModeVar 
*          1    00000d01    00000001     UNINITIALIZED
                  00000d01    00000001     DSP2803x_GlobalVariableDefs.obj (EmuBModeVar)

FlashCallbackVar 
*          1    00000d02    00000002     UNINITIALIZED
                  00000d02    00000002     DSP2803x_GlobalVariableDefs.obj (FlashCallbackVar)

FlashScalingVar 
*          1    00000d04    00000002     UNINITIALIZED
                  00000d04    00000002     DSP2803x_GlobalVariableDefs.obj (FlashScalingVar)

Cla1RegsFile 
*          1    00001400    00000040     UNINITIALIZED
                  00001400    00000040     DSP2803x_GlobalVariableDefs.obj (Cla1RegsFile)

ECanaRegsFile 
*          1    00006000    00000034     UNINITIALIZED
                  00006000    00000034     DSP2803x_GlobalVariableDefs.obj (ECanaRegsFile)

ECanaLAMRegsFile 
*          1    00006040    00000040     UNINITIALIZED
                  00006040    00000040     DSP2803x_GlobalVariableDefs.obj (ECanaLAMRegsFile)

ECanaMOTSRegsFile 
*          1    00006080    00000040     UNINITIALIZED
                  00006080    00000040     DSP2803x_GlobalVariableDefs.obj (ECanaMOTSRegsFile)

ECanaMOTORegsFile 
*          1    000060c0    00000040     UNINITIALIZED
                  000060c0    00000040     DSP2803x_GlobalVariableDefs.obj (ECanaMOTORegsFile)

ECanaMboxesFile 
*          1    00006100    00000100     UNINITIALIZED
                  00006100    00000100     DSP2803x_GlobalVariableDefs.obj (ECanaMboxesFile)

Comp1RegsFile 
*          1    00006400    00000014     UNINITIALIZED
                  00006400    00000014     DSP2803x_GlobalVariableDefs.obj (Comp1RegsFile)

Comp2RegsFile 
*          1    00006420    00000014     UNINITIALIZED
                  00006420    00000014     DSP2803x_GlobalVariableDefs.obj (Comp2RegsFile)

Comp3RegsFile 
*          1    00006440    00000014     UNINITIALIZED
                  00006440    00000014     DSP2803x_GlobalVariableDefs.obj (Comp3RegsFile)

EPwm1RegsFile 
*          1    00006800    00000040     UNINITIALIZED
                  00006800    00000040     DSP2803x_GlobalVariableDefs.obj (EPwm1RegsFile)

EPwm2RegsFile 
*          1    00006840    00000040     UNINITIALIZED
                  00006840    00000040     DSP2803x_GlobalVariableDefs.obj (EPwm2RegsFile)

EPwm3RegsFile 
*          1    00006880    00000040     UNINITIALIZED
                  00006880    00000040     DSP2803x_GlobalVariableDefs.obj (EPwm3RegsFile)

EPwm4RegsFile 
*          1    000068c0    00000040     UNINITIALIZED
                  000068c0    00000040     DSP2803x_GlobalVariableDefs.obj (EPwm4RegsFile)

EPwm5RegsFile 
*          1    00006900    00000040     UNINITIALIZED
                  00006900    00000040     DSP2803x_GlobalVariableDefs.obj (EPwm5RegsFile)

EPwm6RegsFile 
*          1    00006940    00000040     UNINITIALIZED
                  00006940    00000040     DSP2803x_GlobalVariableDefs.obj (EPwm6RegsFile)

EPwm7RegsFile 
*          1    00006980    00000040     UNINITIALIZED
                  00006980    00000040     DSP2803x_GlobalVariableDefs.obj (EPwm7RegsFile)

ECap1RegsFile 
*          1    00006a00    00000020     UNINITIALIZED
                  00006a00    00000020     DSP2803x_GlobalVariableDefs.obj (ECap1RegsFile)

HRCap1RegsFile 
*          1    00006ac0    00000020     UNINITIALIZED
                  00006ac0    00000020     DSP2803x_GlobalVariableDefs.obj (HRCap1RegsFile)

HRCap2RegsFile 
*          1    00006ae0    00000020     UNINITIALIZED
                  00006ae0    00000020     DSP2803x_GlobalVariableDefs.obj (HRCap2RegsFile)

EQep1RegsFile 
*          1    00006b00    00000040     UNINITIALIZED
                  00006b00    00000040     DSP2803x_GlobalVariableDefs.obj (EQep1RegsFile)

LinaRegsFile 
*          1    00006c00    0000004a     UNINITIALIZED
                  00006c00    0000004a     DSP2803x_GlobalVariableDefs.obj (LinaRegsFile)

GpioCtrlRegsFile 
*          1    00006f80    00000040     UNINITIALIZED
                  00006f80    00000040     DSP2803x_GlobalVariableDefs.obj (GpioCtrlRegsFile)

GpioDataRegsFile 
*          1    00006fc0    00000020     UNINITIALIZED
                  00006fc0    00000020     DSP2803x_GlobalVariableDefs.obj (GpioDataRegsFile)

GpioIntRegsFile 
*          1    00006fe0    0000000c     UNINITIALIZED
                  00006fe0    0000000c     DSP2803x_GlobalVariableDefs.obj (GpioIntRegsFile)

SysCtrlRegsFile 
*          1    00007010    00000020     UNINITIALIZED
                  00007010    00000020     DSP2803x_GlobalVariableDefs.obj (SysCtrlRegsFile)

SpiaRegsFile 
*          1    00007040    00000010     UNINITIALIZED
                  00007040    00000010     DSP2803x_GlobalVariableDefs.obj (SpiaRegsFile)

SciaRegsFile 
*          1    00007050    00000010     UNINITIALIZED
                  00007050    00000010     DSP2803x_GlobalVariableDefs.obj (SciaRegsFile)

NmiIntruptRegsFile 
*          1    00007060    00000010     UNINITIALIZED
                  00007060    00000010     DSP2803x_GlobalVariableDefs.obj (NmiIntruptRegsFile)

XIntruptRegsFile 
*          1    00007070    00000010     UNINITIALIZED
                  00007070    00000010     DSP2803x_GlobalVariableDefs.obj (XIntruptRegsFile)

AdcRegsFile 
*          1    00007100    00000050     UNINITIALIZED
                  00007100    00000050     DSP2803x_GlobalVariableDefs.obj (AdcRegsFile)

SpibRegsFile 
*          1    00007740    00000010     UNINITIALIZED
                  00007740    00000010     DSP2803x_GlobalVariableDefs.obj (SpibRegsFile)

I2caRegsFile 
*          1    00007900    00000022     UNINITIALIZED
                  00007900    00000022     DSP2803x_GlobalVariableDefs.obj (I2caRegsFile)

.ebss      1    00008c00    000001b1     UNINITIALIZED
                  00008c00    00000160     User_Globals.obj (.ebss)
                  00008d60    00000018     DSP2803x_CpuTimers.obj (.ebss)
                  00008d78    00000006     User_Functions.obj (.ebss)
                  00008d7e    00000002     rts2800_ml.lib : _lock.obj (.ebss:__lock)
                  00008d80    00000024     User_Interrupts.obj (.ebss)
                  00008da4    00000006     rts2800_ml.lib : exit.obj (.ebss)
                  00008daa    00000004     User_CAN.obj (.ebss)
                  00008dae    00000002     rts2800_ml.lib : _lock.obj (.ebss:__unlock)
                  00008db0    00000001                    : errno.obj (.ebss)

PartIdRegsFile 
*          1    003d7e80    00000001     UNINITIALIZED
                  003d7e80    00000001     DSP2803x_GlobalVariableDefs.obj (PartIdRegsFile)

CsmPwlFile 
*          1    003f7ff8    00000008     UNINITIALIZED
                  003f7ff8    00000008     DSP2803x_GlobalVariableDefs.obj (CsmPwlFile)

.pinit     0    003f4000    00000000     UNINITIALIZED

.reset     0    003fffc0    00000002     DSECT
                  003fffc0    00000002     rts2800_ml.lib : boot.obj (.reset)

vectors    0    003fffc2    00000000     DSECT

MODULE SUMMARY

       Module                            code   ro data   rw data
       ------                            ----   -------   -------
    .\
       Main.obj                          50     0         0      
       DSP2803x_CodeStartBranch.obj      10     0         0      
       DSP2803x_usDelay.obj              8      0         0      
    +--+---------------------------------+------+---------+---------+
       Total:                            68     0         0      
                                                                 
    .\Source\
       DSP2803x_GlobalVariableDefs.obj   0      0         2024   
       DSP2803x_Adc.obj                  426    0         0      
       DSP2803x_DefaultIsr.obj           380    0         0      
       DSP2803x_SysCtrl.obj              316    0         0      
       DSP2803x_PieVect.obj              38     0         256    
       DSP2803x_CpuTimers.obj            115    0         24     
       DSP2803x_PieCtrl.obj              40     0         0      
       DSP2803x_I2C.obj                  25     0         0      
    +--+---------------------------------+------+---------+---------+
       Total:                            1340   0         2304   
                                                                 
    .\User\
       User_Functions.obj                3009   0         11     
       User_CAN.obj                      1687   0         137    
       User_Interrupts.obj               885    0         46     
       User_Globals.obj                  0      0         638    
       User_ADC.obj                      258    0         0      
       User_I2C.obj                      232    0         0      
       User_BQ.obj                       205    0         0      
    +--+---------------------------------+------+---------+---------+
       Total:                            6276   0         832    
                                                                 
    C:/ti/ccsv6/tools/compiler/c2000_15.12.3.LTS/lib/rts2800_ml.lib
       e_logf.obj                        392    0         16     
       e_expf.obj                        334    0         28     
       fs_div.obj                        131    0         0      
       fs_add.obj                        120    0         0      
       fs_mpy.obj                        90     0         0      
       boot.obj                          84     0         0      
       cpy_tbl.obj                       70     0         0      
       exit.obj                          41     0         20     
       fs_tol.obj                        41     0         0      
       fs_toi.obj                        37     0         0      
       fs_tou.obj                        29     0         0      
       cpy_utils.obj                     26     0         0      
       i_tofs.obj                        26     0         0      
       l_tofs.obj                        26     0         0      
       args_main.obj                     25     0         0      
       _lock.obj                         9      0         14     
       fs_cmp.obj                        23     0         0      
       u_tofs.obj                        16     0         0      
       errno.obj                         0      0         5      
       pre_init.obj                      2      0         0      
       startup.obj                       1      0         0      
    +--+---------------------------------+------+---------+---------+
       Total:                            1523   0         83     
                                                                 
       Stack:                            0      0         896    
    +--+---------------------------------+------+---------+---------+
       Grand Total:                      9207   0         4115   


GLOBAL DATA SYMBOLS: SORTED BY DATA PAGE

address     data page           name
--------    ----------------    ----
00000050       1 (00000040)     __stack

00000880      22 (00000880)     _DevEmuRegs

00000985      26 (00000980)     _SysPwrCtrlRegs

00000a80      2a (00000a80)     _FlashRegs

00000ae0      2b (00000ac0)     _CsmRegs

00000b00      2c (00000b00)     _AdcResult

00000c00      30 (00000c00)     _CpuTimer0Regs
00000c08      30 (00000c00)     _CpuTimer1Regs
00000c10      30 (00000c00)     _CpuTimer2Regs

00000ce0      33 (00000cc0)     _PieCtrlRegs

00000d00      34 (00000d00)     _EmuKey
00000d00      34 (00000d00)     _PieVectTable
00000d01      34 (00000d00)     _EmuBMode
00000d02      34 (00000d00)     _Flash_CallbackPtr
00000d04      34 (00000d00)     _Flash_CPUScaleFactor

00001400      50 (00001400)     _Cla1Regs

00006000     180 (00006000)     _ECanaRegs

00006040     181 (00006040)     _ECanaLAMRegs

00006080     182 (00006080)     _ECanaMOTSRegs

000060c0     183 (000060c0)     _ECanaMOTORegs

00006100     184 (00006100)     _ECanaMboxes

00006400     190 (00006400)     _Comp1Regs
00006420     190 (00006400)     _Comp2Regs

00006440     191 (00006440)     _Comp3Regs

00006800     1a0 (00006800)     _EPwm1Regs

00006840     1a1 (00006840)     _EPwm2Regs

00006880     1a2 (00006880)     _EPwm3Regs

000068c0     1a3 (000068c0)     _EPwm4Regs

00006900     1a4 (00006900)     _EPwm5Regs

00006940     1a5 (00006940)     _EPwm6Regs

00006980     1a6 (00006980)     _EPwm7Regs

00006a00     1a8 (00006a00)     _ECap1Regs

00006ac0     1ab (00006ac0)     _HRCap1Regs
00006ae0     1ab (00006ac0)     _HRCap2Regs

00006b00     1ac (00006b00)     _EQep1Regs

00006c00     1b0 (00006c00)     _LinaRegs

00006f80     1be (00006f80)     _GpioCtrlRegs

00006fc0     1bf (00006fc0)     _GpioDataRegs
00006fe0     1bf (00006fc0)     _GpioIntRegs

00007010     1c0 (00007000)     _SysCtrlRegs

00007040     1c1 (00007040)     _SpiaRegs
00007050     1c1 (00007040)     _SciaRegs
00007060     1c1 (00007040)     _NmiIntruptRegs
00007070     1c1 (00007040)     _XIntruptRegs

00007100     1c4 (00007100)     _AdcRegs

00007740     1dd (00007740)     _SpibRegs

00007900     1e4 (00007900)     _I2caRegs

00008c00     230 (00008c00)     _CANcounter
00008c01     230 (00008c00)     _rus
00008c02     230 (00008c00)     _Cell_B2
00008c03     230 (00008c00)     _system_status
00008c04     230 (00008c00)     _Charger_status
00008c05     230 (00008c00)     _Cell_B1
00008c06     230 (00008c00)     _Auxilliary_counter
00008c07     230 (00008c00)     _counter_50Hz
00008c08     230 (00008c00)     _Current_Counter
00008c09     230 (00008c00)     _Cell_B3
00008c0a     230 (00008c00)     _current_int
00008c0b     230 (00008c00)     _Current_Sum
00008c0c     230 (00008c00)     _NodeID
00008c0d     230 (00008c00)     _Received
00008c0e     230 (00008c00)     _flagTemp
00008c0f     230 (00008c00)     _DataOut
00008c10     230 (00008c00)     _flagVoltage
00008c11     230 (00008c00)     _flagCharged
00008c12     230 (00008c00)     _DataOut2
00008c13     230 (00008c00)     _flagCurrent
00008c14     230 (00008c00)     _flagDischarged
00008c15     230 (00008c00)     _counter_2Hz
00008c16     230 (00008c00)     _balance
00008c18     230 (00008c00)     _Tmin
00008c1a     230 (00008c00)     _Vcritical
00008c1c     230 (00008c00)     _AuxChargeTime
00008c1e     230 (00008c00)     _Vchargedflagreset
00008c20     230 (00008c00)     _SOC
00008c22     230 (00008c00)     _Vbalance
00008c24     230 (00008c00)     _Vcharge
00008c26     230 (00008c00)     _Imax
00008c28     230 (00008c00)     _Tmax
00008c2a     230 (00008c00)     _Vauxmin
00008c2c     230 (00008c00)     _Imin
00008c2e     230 (00008c00)     _SOH_avg
00008c30     230 (00008c00)     _SOH_max
00008c32     230 (00008c00)     _SOCc
00008c34     230 (00008c00)     _ChgCurrent
00008c36     230 (00008c00)     _SOCv
00008c38     230 (00008c00)     _resistance_temp
00008c3a     230 (00008c00)     _dI
00008c3c     230 (00008c00)     _Current_old
00008c3e     230 (00008c00)     _resistance

00008c40     231 (00008c40)     _kp_multiplier
00008c42     231 (00008c40)     _balancing_upper_level
00008c44     231 (00008c40)     _Vdischargedflagreset
00008c46     231 (00008c40)     _kp_constant
00008c48     231 (00008c40)     _Ifilter
00008c4a     231 (00008c40)     _Wsoc
00008c4c     231 (00008c40)     _SOH_max_cell
00008c4e     231 (00008c40)     _Current_CAL
00008c50     231 (00008c40)     _SOC_t
00008c52     231 (00008c40)     _current_reference
00008c54     231 (00008c40)     _Temperature_high
00008c56     231 (00008c40)     _ChargerCurrent
00008c58     231 (00008c40)     _Temperature_high_cell
00008c5a     231 (00008c40)     _Temperature_low_cell
00008c5c     231 (00008c40)     _ChargerVoltage
00008c5e     231 (00008c40)     _Temperature_low
00008c60     231 (00008c40)     _Voltage_low
00008c62     231 (00008c40)     _Voltage_low_cell
00008c64     231 (00008c40)     _Voltage_high
00008c66     231 (00008c40)     _Temperature_avg
00008c68     231 (00008c40)     _Current
00008c6a     231 (00008c40)     _Voltage_high_cell
00008c6c     231 (00008c40)     _Vmin
00008c6e     231 (00008c40)     _test_current
00008c70     231 (00008c40)     _ref
00008c72     231 (00008c40)     _CurrentMsgPtr
00008c74     231 (00008c40)     _Vmax
00008c76     231 (00008c40)     _balancing_bottom_level
00008c78     231 (00008c40)     _Auxilliary_Voltage
00008c7a     231 (00008c40)     _ADCgain
00008c7c     231 (00008c40)     _ADCoffset
00008c7e     231 (00008c40)     _I

00008c80     232 (00008c80)     _Ah
00008c82     232 (00008c80)     _Voltage_total
00008c84     232 (00008c80)     _Voltage_avg
00008c86     232 (00008c80)     _sine_table
00008c8c     232 (00008c80)     _test_blah
00008c92     232 (00008c80)     _I2cMsgIn1
00008c9b     232 (00008c80)     _I2cMsgOut1
00008ca4     232 (00008c80)     _sine_y
00008cae     232 (00008c80)     _sine_x

00008cc0     233 (00008cc0)     _Toets_current_sum
00008cca     233 (00008cc0)     _Temperatures_resistance

00008d00     234 (00008d00)     _Voltages_old
00008d1e     234 (00008d00)     _Voltages

00008d40     235 (00008d40)     _Temperatures
00008d60     235 (00008d40)     _CpuTimer1
00008d68     235 (00008d40)     _CpuTimer2
00008d70     235 (00008d40)     _CpuTimer0
00008d7e     235 (00008d40)     __lock

00008da4     236 (00008d80)     ___TI_enable_exit_profile_output
00008da6     236 (00008d80)     ___TI_cleanup_ptr
00008da8     236 (00008d80)     ___TI_dtors_ptr
00008dae     236 (00008d80)     __unlock
00008db0     236 (00008d80)     _errno

003d7e80    f5fa (003d7e80)     _PartIdRegs

003f2000    fc80 (003f2000)     _PieVectTableInit

003f7ff8    fdff (003f7fc0)     _CsmPwl


GLOBAL SYMBOLS: SORTED ALPHABETICALLY BY Name 

page  address   name                            
----  -------   ----                            
0     003f4000  .text                           
0     003f6250  C$$EXIT                         
0     003f6044  FS$$ADD                         
0     003f63b2  FS$$CMP                         
0     003f5fbc  FS$$DIV                         
0     003f612a  FS$$MPY                         
0     003f603f  FS$$SUB                         
0     003f62f0  FS$$TOI                         
0     003f6279  FS$$TOL                         
0     003f6315  FS$$TOU                         
0     003f634c  I$$TOFS                         
0     003f6366  L$$TOFS                         
0     003f63c9  U$$TOFS                         
0     003f595e  _ADCINT1_ISR                    
0     003f5963  _ADCINT2_ISR                    
0     003f5a17  _ADCINT3_ISR                    
0     003f5a1c  _ADCINT4_ISR                    
0     003f5a21  _ADCINT5_ISR                    
0     003f5a26  _ADCINT6_ISR                    
0     003f5a2b  _ADCINT7_ISR                    
0     003f5a30  _ADCINT8_ISR                    
0     003f5972  _ADCINT9_ISR                    
1     00008c7a  _ADCgain                        
1     00008c7c  _ADCoffset                      
0     003f563c  _AdcChanSelect                  
0     003f564f  _AdcConversion                  
0     003f5615  _AdcOffsetSelfCal               
1     00007100  _AdcRegs                        
1     00000b00  _AdcResult                      
1     00008c80  _Ah                             
1     00008c1c  _AuxChargeTime                  
1     00008c78  _Auxilliary_Voltage             
1     00008c06  _Auxilliary_counter             
0     003f4737  _Balance                        
0     003f5f00  _Bq76940_Init                   
0     003f4cbe  _CANChargerReception            
0     003f4ca0  _CANInterruptConfig             
0     003f4c5f  _CANMailboxConfig               
0     003f4bc8  _CANSetup                       
0     003f50ab  _CANSlaveConfig                 
0     003f4e26  _CANSlaveReception              
0     003f5237  _CANTransmit                    
0     003f4bc1  _CAN_Init                       
1     00008c00  _CANcounter                     
0     003f5a35  _CLA1_INT1_ISR                  
0     003f5a3a  _CLA1_INT2_ISR                  
0     003f5a3f  _CLA1_INT3_ISR                  
0     003f5a44  _CLA1_INT4_ISR                  
0     003f5a49  _CLA1_INT5_ISR                  
0     003f5a4e  _CLA1_INT6_ISR                  
0     003f5a53  _CLA1_INT7_ISR                  
0     003f5a58  _CLA1_INT8_ISR                  
0     003f4913  _CRC8                           
0     003f4358  _Calculate_Current              
0     003f4a29  _Calculate_SOC                  
0     003f42c1  _Calculate_SOH                  
0     003f4afe  _Calibrate_Current              
0     003f4b2c  _Calibrate_Current_charger      
1     00008c05  _Cell_B1                        
1     00008c02  _Cell_B2                        
1     00008c09  _Cell_B3                        
1     00008c56  _ChargerCurrent                 
1     00008c5c  _ChargerVoltage                 
1     00008c04  _Charger_status                 
0     003f493c  _ChgCalculator                  
1     00008c34  _ChgCurrent                     
1     00001400  _Cla1Regs                       
abs   00000000  _Cla1funcsLoadSize              
0     00009000  _Cla1funcsLoadStart             
0     00009000  _Cla1funcsRunStart              
1     00006400  _Comp1Regs                      
1     00006420  _Comp2Regs                      
1     00006440  _Comp3Regs                      
0     003f60f8  _ConfigCpuTimer                 
1     00008d70  _CpuTimer0                      
1     00000c00  _CpuTimer0Regs                  
1     00008d60  _CpuTimer1                      
1     00000c08  _CpuTimer1Regs                  
1     00008d68  _CpuTimer2                      
1     00000c10  _CpuTimer2Regs                  
1     003f7ff8  _CsmPwl                         
1     00000ae0  _CsmRegs                        
0     003f5c86  _CsmUnlock                      
1     00008c68  _Current                        
1     00008c72  _CurrentMsgPtr                  
1     00008c4e  _Current_CAL                    
1     00008c08  _Current_Counter                
1     00008c0b  _Current_Sum                    
1     00008c3c  _Current_old                    
0     003f5909  _DATALOG_ISR                    
0     00008000  _DSP28x_usDelay                 
1     00008c0f  _DataOut                        
1     00008c12  _DataOut2                       
1     00000880  _DevEmuRegs                     
0     003f5bed  _DisableDog                     
0     003f5a0d  _ECAN0INTA_ISR                  
0     003f5a12  _ECAN1INTA_ISR                  
0     003f59c7  _ECAP1_INT_ISR                  
1     00006040  _ECanaLAMRegs                   
1     000060c0  _ECanaMOTORegs                  
1     00006080  _ECanaMOTSRegs                  
1     00006100  _ECanaMboxes                    
1     00006000  _ECanaRegs                      
1     00006a00  _ECap1Regs                      
0     003f5a6c  _EMPTY_ISR                      
0     003f5913  _EMUINT_ISR                     
0     003f59a4  _EPWM1_INT_ISR                  
0     003f5981  _EPWM1_TZINT_ISR                
0     003f59a9  _EPWM2_INT_ISR                  
0     003f5986  _EPWM2_TZINT_ISR                
0     003f59ae  _EPWM3_INT_ISR                  
0     003f598b  _EPWM3_TZINT_ISR                
0     003f59b3  _EPWM4_INT_ISR                  
0     003f5990  _EPWM4_TZINT_ISR                
0     003f59b8  _EPWM5_INT_ISR                  
0     003f5995  _EPWM5_TZINT_ISR                
0     003f59bd  _EPWM6_INT_ISR                  
0     003f599a  _EPWM6_TZINT_ISR                
0     003f59c2  _EPWM7_INT_ISR                  
0     003f599f  _EPWM7_TZINT_ISR                
1     00006800  _EPwm1Regs                      
1     00006840  _EPwm2Regs                      
1     00006880  _EPwm3Regs                      
1     000068c0  _EPwm4Regs                      
1     00006900  _EPwm5Regs                      
1     00006940  _EPwm6Regs                      
1     00006980  _EPwm7Regs                      
0     003f59d6  _EQEP1_INT_ISR                  
1     00006b00  _EQep1Regs                      
1     00000d01  _EmuBMode                       
1     00000d00  _EmuKey                         
0     003f62c1  _EnableInterrupts               
0     003f5cef  _ExtOscSel                      
1     00000a80  _FlashRegs                      
1     00000d04  _Flash_CPUScaleFactor           
1     00000d02  _Flash_CallbackPtr              
1     00006f80  _GpioCtrlRegs                   
1     00006fc0  _GpioDataRegs                   
1     00006fe0  _GpioIntRegs                    
0     003f59cc  _HRCAP1_INT_ISR                 
0     003f59d1  _HRCAP2_INT_ISR                 
1     00006ac0  _HRCap1Regs                     
1     00006ae0  _HRCap2Regs                     
1     00008c7e  _I                              
0     003f5e07  _I2CA_Init                      
0     003f5e62  _I2CA_ReadData                  
0     003f5e1a  _I2CA_WriteData                 
0     003f59ef  _I2CINT1A_ISR                   
0     003f59f4  _I2CINT2A_ISR                   
1     00008c92  _I2cMsgIn1                      
1     00008c9b  _I2cMsgOut1                     
1     00007900  _I2caRegs                       
0     003f591d  _ILLEGAL_ISR                    
0     003f58ff  _INT13_ISR                      
0     003f5904  _INT14_ISR                      
1     00008c48  _Ifilter                        
1     00008c26  _Imax                           
1     00008c2c  _Imin                           
0     003f55cd  _InitAdc                        
0     003f55f3  _InitAdcAio                     
0     003f60b7  _InitCpuTimers                  
0     003f6380  _InitI2C                        
0     003f6381  _InitI2CGpio                    
0     003f5c4a  _InitPeripheralClocks           
0     003f62a2  _InitPieCtrl                    
0     003f62ca  _InitPieVectTable               
0     003f5bf5  _InitPll                        
0     003f5bc9  _InitSysCtrl                    
0     003f4089  _Init_Gpio                      
0     003f4000  _Initialise_BMS                 
0     003f5cb7  _IntOsc1Sel                     
0     003f5cc7  _IntOsc2Sel                     
0     003f5a03  _LIN0INTA_ISR                   
0     003f5a08  _LIN1INTA_ISR                   
0     003f5a67  _LUF_ISR                        
0     003f5a62  _LVF_ISR                        
1     00006c00  _LinaRegs                       
0     003f5918  _NMI_ISR                        
1     00007060  _NmiIntruptRegs                 
1     00008c0c  _NodeID                         
0     003f5a71  _PIE_RESERVED                   
1     003d7e80  _PartIdRegs                     
1     00000ce0  _PieCtrlRegs                    
1     00000d00  _PieVectTable                   
0     003f2000  _PieVectTableInit               
0     003f437a  _Process_System_Status          
0     003f41f3  _Process_Voltages               
0     003f590e  _RTOSINT_ISR                    
0     003f0004  _RamfuncsLoadEnd                
0     003f0000  _RamfuncsLoadStart              
0     00008000  _RamfuncsRunStart               
0     003f40ec  _Read_Cell_Voltages             
0     003f4370  _Read_System_Status             
0     003f4383  _Read_Temperatures              
1     00008c0d  _Received                       
0     003f5dfa  _Reset_ADC                      
0     003f59f9  _SCIRXINTA_ISR                  
0     003f59fe  _SCITXINTA_ISR                  
1     00008c20  _SOC                            
1     00008c50  _SOC_t                          
1     00008c32  _SOCc                           
1     00008c36  _SOCv                           
1     00008c2e  _SOH_avg                        
1     00008c30  _SOH_max                        
1     00008c4c  _SOH_max_cell                   
0     003f59db  _SPIRXINTA_ISR                  
0     003f59e5  _SPIRXINTB_ISR                  
0     003f59e0  _SPITXINTA_ISR                  
0     003f59ea  _SPITXINTB_ISR                  
1     00007050  _SciaRegs                       
0     003f5be3  _ServiceDog                     
0     003f5eef  _Shut_D_BQ                      
1     00007040  _SpiaRegs                       
1     00007740  _SpibRegs                       
1     00007010  _SysCtrlRegs                    
1     00000985  _SysPwrCtrlRegs                 
0     003f5977  _TINT0_ISR                      
1     00008c66  _Temperature_avg                
1     00008c54  _Temperature_high               
1     00008c58  _Temperature_high_cell          
1     00008c5e  _Temperature_low                
1     00008c5a  _Temperature_low_cell           
1     00008d40  _Temperatures                   
1     00008cca  _Temperatures_resistance        
1     00008c28  _Tmax                           
1     00008c18  _Tmin                           
1     00008cc0  _Toets_current_sum              
0     003f40e7  _Toggle_LED                     
0     003f594f  _USER10_ISR                     
0     003f5954  _USER11_ISR                     
0     003f5959  _USER12_ISR                     
0     003f5922  _USER1_ISR                      
0     003f5927  _USER2_ISR                      
0     003f592c  _USER3_ISR                      
0     003f5931  _USER4_ISR                      
0     003f5936  _USER5_ISR                      
0     003f593b  _USER6_ISR                      
0     003f5940  _USER7_ISR                      
0     003f5945  _USER8_ISR                      
0     003f594a  _USER9_ISR                      
1     00008c2a  _Vauxmin                        
1     00008c22  _Vbalance                       
1     00008c24  _Vcharge                        
1     00008c1e  _Vchargedflagreset              
1     00008c1a  _Vcritical                      
1     00008c44  _Vdischargedflagreset           
1     00008c74  _Vmax                           
1     00008c6c  _Vmin                           
1     00008c84  _Voltage_avg                    
1     00008c64  _Voltage_high                   
1     00008c6a  _Voltage_high_cell              
1     00008c60  _Voltage_low                    
1     00008c62  _Voltage_low_cell               
1     00008c82  _Voltage_total                  
1     00008d1e  _Voltages                       
1     00008d00  _Voltages_old                   
0     003f597c  _WAKEINT_ISR                    
1     00008c4a  _Wsoc                           
0     003f5968  _XINT1_ISR                      
0     003f596d  _XINT2_ISR                      
0     003f5a5d  _XINT3_ISR                      
1     00007070  _XIntruptRegs                   
0     003f5cdb  _XtalOscSel                     
1     000003d0  __STACK_END                     
abs   00000380  __STACK_SIZE                    
1     00008da6  ___TI_cleanup_ptr               
1     00008da8  ___TI_dtors_ptr                 
1     00008da4  ___TI_enable_exit_profile_output
abs   ffffffff  ___TI_pprof_out_hndl            
abs   ffffffff  ___TI_prof_data_size            
abs   ffffffff  ___TI_prof_data_start           
abs   ffffffff  ___binit__                      
abs   ffffffff  ___c_args__                     
0     003f63ed  ___cinit__                      
0     003f63ed  ___etext__                      
abs   ffffffff  ___pinit__                      
0     003f4000  ___text__                       
0     003f6399  __args_main                     
1     00008d7e  __lock                          
0     003f63e1  __nop                           
0     003f63dd  __register_lock                 
0     003f63d9  __register_unlock               
1     00000050  __stack                         
0     003f63ec  __system_post_cinit             
0     003f63ea  __system_pre_init               
1     00008dae  __unlock                        
0     003f6250  _abort                          
0     003f5258  _adc_isr                        
1     00008c16  _balance                        
1     00008c76  _balancing_bottom_level         
1     00008c42  _balancing_upper_level          
0     003f6184  _c_int00                        
0     003f557a  _can_rx_isr                     
0     003f55b0  _can_tx_isr                     
0     003f5d05  _configADC                      
0     003f61d8  _copy_in                        
1     00008c15  _counter_2Hz                    
1     00008c07  _counter_50Hz                   
0     003f52ed  _cpu_timer0_isr                 
0     003f54bf  _cpu_timer1_isr                 
0     003f552f  _cpu_timer2_isr                 
1     00008c0a  _current_int                    
1     00008c52  _current_reference              
1     00008c3a  _dI                             
0     003f6332  _ddcopy                         
0     003f6332  _dpcopy                         
1     00008db0  _errno                          
0     003f6252  _exit                           
0     003f5a7b  _exp                            
0     003f5a7b  _expf                           
1     00008c11  _flagCharged                    
1     00008c13  _flagCurrent                    
1     00008c14  _flagDischarged                 
1     00008c0e  _flagTemp                       
1     00008c10  _flagVoltage                    
0     003f553b  _i2c_int1a_isr                  
0     003f4978  _interpolate_segment            
0     003f49ab  _interpolate_table_1d           
1     00008c46  _kp_constant                    
1     00008c40  _kp_multiplier                  
0     003f5777  _log                            
0     003f5777  _logf                           
0     003f621e  _main                           
0     003f6332  _pdcopy                         
0     003f6332  _ppcopy                         
1     00008c70  _ref                            
1     00008c3e  _resistance                     
1     00008c38  _resistance_temp                
0     003f5a76  _rsvd_ISR                       
1     00008c01  _rus                            
1     00008c86  _sine_table                     
1     00008cae  _sine_x                         
1     00008ca4  _sine_y                         
1     00008c03  _system_status                  
1     00008c8c  _test_blah                      
1     00008c6e  _test_current                   
abs   ffffffff  binit                           
0     003f63ed  cinit                           
0     003f7ff6  code_start                      
0     003f63ed  etext                           
abs   ffffffff  pinit                           


GLOBAL SYMBOLS: SORTED BY Symbol Address 

page  address   name                            
----  -------   ----                            
0     00008000  _DSP28x_usDelay                 
0     00008000  _RamfuncsRunStart               
0     00009000  _Cla1funcsLoadStart             
0     00009000  _Cla1funcsRunStart              
0     003f0000  _RamfuncsLoadStart              
0     003f0004  _RamfuncsLoadEnd                
0     003f2000  _PieVectTableInit               
0     003f4000  .text                           
0     003f4000  _Initialise_BMS                 
0     003f4000  ___text__                       
0     003f4089  _Init_Gpio                      
0     003f40e7  _Toggle_LED                     
0     003f40ec  _Read_Cell_Voltages             
0     003f41f3  _Process_Voltages               
0     003f42c1  _Calculate_SOH                  
0     003f4358  _Calculate_Current              
0     003f4370  _Read_System_Status             
0     003f437a  _Process_System_Status          
0     003f4383  _Read_Temperatures              
0     003f4737  _Balance                        
0     003f4913  _CRC8                           
0     003f493c  _ChgCalculator                  
0     003f4978  _interpolate_segment            
0     003f49ab  _interpolate_table_1d           
0     003f4a29  _Calculate_SOC                  
0     003f4afe  _Calibrate_Current              
0     003f4b2c  _Calibrate_Current_charger      
0     003f4bc1  _CAN_Init                       
0     003f4bc8  _CANSetup                       
0     003f4c5f  _CANMailboxConfig               
0     003f4ca0  _CANInterruptConfig             
0     003f4cbe  _CANChargerReception            
0     003f4e26  _CANSlaveReception              
0     003f50ab  _CANSlaveConfig                 
0     003f5237  _CANTransmit                    
0     003f5258  _adc_isr                        
0     003f52ed  _cpu_timer0_isr                 
0     003f54bf  _cpu_timer1_isr                 
0     003f552f  _cpu_timer2_isr                 
0     003f553b  _i2c_int1a_isr                  
0     003f557a  _can_rx_isr                     
0     003f55b0  _can_tx_isr                     
0     003f55cd  _InitAdc                        
0     003f55f3  _InitAdcAio                     
0     003f5615  _AdcOffsetSelfCal               
0     003f563c  _AdcChanSelect                  
0     003f564f  _AdcConversion                  
0     003f5777  _log                            
0     003f5777  _logf                           
0     003f58ff  _INT13_ISR                      
0     003f5904  _INT14_ISR                      
0     003f5909  _DATALOG_ISR                    
0     003f590e  _RTOSINT_ISR                    
0     003f5913  _EMUINT_ISR                     
0     003f5918  _NMI_ISR                        
0     003f591d  _ILLEGAL_ISR                    
0     003f5922  _USER1_ISR                      
0     003f5927  _USER2_ISR                      
0     003f592c  _USER3_ISR                      
0     003f5931  _USER4_ISR                      
0     003f5936  _USER5_ISR                      
0     003f593b  _USER6_ISR                      
0     003f5940  _USER7_ISR                      
0     003f5945  _USER8_ISR                      
0     003f594a  _USER9_ISR                      
0     003f594f  _USER10_ISR                     
0     003f5954  _USER11_ISR                     
0     003f5959  _USER12_ISR                     
0     003f595e  _ADCINT1_ISR                    
0     003f5963  _ADCINT2_ISR                    
0     003f5968  _XINT1_ISR                      
0     003f596d  _XINT2_ISR                      
0     003f5972  _ADCINT9_ISR                    
0     003f5977  _TINT0_ISR                      
0     003f597c  _WAKEINT_ISR                    
0     003f5981  _EPWM1_TZINT_ISR                
0     003f5986  _EPWM2_TZINT_ISR                
0     003f598b  _EPWM3_TZINT_ISR                
0     003f5990  _EPWM4_TZINT_ISR                
0     003f5995  _EPWM5_TZINT_ISR                
0     003f599a  _EPWM6_TZINT_ISR                
0     003f599f  _EPWM7_TZINT_ISR                
0     003f59a4  _EPWM1_INT_ISR                  
0     003f59a9  _EPWM2_INT_ISR                  
0     003f59ae  _EPWM3_INT_ISR                  
0     003f59b3  _EPWM4_INT_ISR                  
0     003f59b8  _EPWM5_INT_ISR                  
0     003f59bd  _EPWM6_INT_ISR                  
0     003f59c2  _EPWM7_INT_ISR                  
0     003f59c7  _ECAP1_INT_ISR                  
0     003f59cc  _HRCAP1_INT_ISR                 
0     003f59d1  _HRCAP2_INT_ISR                 
0     003f59d6  _EQEP1_INT_ISR                  
0     003f59db  _SPIRXINTA_ISR                  
0     003f59e0  _SPITXINTA_ISR                  
0     003f59e5  _SPIRXINTB_ISR                  
0     003f59ea  _SPITXINTB_ISR                  
0     003f59ef  _I2CINT1A_ISR                   
0     003f59f4  _I2CINT2A_ISR                   
0     003f59f9  _SCIRXINTA_ISR                  
0     003f59fe  _SCITXINTA_ISR                  
0     003f5a03  _LIN0INTA_ISR                   
0     003f5a08  _LIN1INTA_ISR                   
0     003f5a0d  _ECAN0INTA_ISR                  
0     003f5a12  _ECAN1INTA_ISR                  
0     003f5a17  _ADCINT3_ISR                    
0     003f5a1c  _ADCINT4_ISR                    
0     003f5a21  _ADCINT5_ISR                    
0     003f5a26  _ADCINT6_ISR                    
0     003f5a2b  _ADCINT7_ISR                    
0     003f5a30  _ADCINT8_ISR                    
0     003f5a35  _CLA1_INT1_ISR                  
0     003f5a3a  _CLA1_INT2_ISR                  
0     003f5a3f  _CLA1_INT3_ISR                  
0     003f5a44  _CLA1_INT4_ISR                  
0     003f5a49  _CLA1_INT5_ISR                  
0     003f5a4e  _CLA1_INT6_ISR                  
0     003f5a53  _CLA1_INT7_ISR                  
0     003f5a58  _CLA1_INT8_ISR                  
0     003f5a5d  _XINT3_ISR                      
0     003f5a62  _LVF_ISR                        
0     003f5a67  _LUF_ISR                        
0     003f5a6c  _EMPTY_ISR                      
0     003f5a71  _PIE_RESERVED                   
0     003f5a76  _rsvd_ISR                       
0     003f5a7b  _exp                            
0     003f5a7b  _expf                           
0     003f5bc9  _InitSysCtrl                    
0     003f5be3  _ServiceDog                     
0     003f5bed  _DisableDog                     
0     003f5bf5  _InitPll                        
0     003f5c4a  _InitPeripheralClocks           
0     003f5c86  _CsmUnlock                      
0     003f5cb7  _IntOsc1Sel                     
0     003f5cc7  _IntOsc2Sel                     
0     003f5cdb  _XtalOscSel                     
0     003f5cef  _ExtOscSel                      
0     003f5d05  _configADC                      
0     003f5dfa  _Reset_ADC                      
0     003f5e07  _I2CA_Init                      
0     003f5e1a  _I2CA_WriteData                 
0     003f5e62  _I2CA_ReadData                  
0     003f5eef  _Shut_D_BQ                      
0     003f5f00  _Bq76940_Init                   
0     003f5fbc  FS$$DIV                         
0     003f603f  FS$$SUB                         
0     003f6044  FS$$ADD                         
0     003f60b7  _InitCpuTimers                  
0     003f60f8  _ConfigCpuTimer                 
0     003f612a  FS$$MPY                         
0     003f6184  _c_int00                        
0     003f61d8  _copy_in                        
0     003f621e  _main                           
0     003f6250  C$$EXIT                         
0     003f6250  _abort                          
0     003f6252  _exit                           
0     003f6279  FS$$TOL                         
0     003f62a2  _InitPieCtrl                    
0     003f62c1  _EnableInterrupts               
0     003f62ca  _InitPieVectTable               
0     003f62f0  FS$$TOI                         
0     003f6315  FS$$TOU                         
0     003f6332  _ddcopy                         
0     003f6332  _dpcopy                         
0     003f6332  _pdcopy                         
0     003f6332  _ppcopy                         
0     003f634c  I$$TOFS                         
0     003f6366  L$$TOFS                         
0     003f6380  _InitI2C                        
0     003f6381  _InitI2CGpio                    
0     003f6399  __args_main                     
0     003f63b2  FS$$CMP                         
0     003f63c9  U$$TOFS                         
0     003f63d9  __register_unlock               
0     003f63dd  __register_lock                 
0     003f63e1  __nop                           
0     003f63ea  __system_pre_init               
0     003f63ec  __system_post_cinit             
0     003f63ed  ___cinit__                      
0     003f63ed  ___etext__                      
0     003f63ed  cinit                           
0     003f63ed  etext                           
0     003f7ff6  code_start                      
1     00000050  __stack                         
1     000003d0  __STACK_END                     
1     00000880  _DevEmuRegs                     
1     00000985  _SysPwrCtrlRegs                 
1     00000a80  _FlashRegs                      
1     00000ae0  _CsmRegs                        
1     00000b00  _AdcResult                      
1     00000c00  _CpuTimer0Regs                  
1     00000c08  _CpuTimer1Regs                  
1     00000c10  _CpuTimer2Regs                  
1     00000ce0  _PieCtrlRegs                    
1     00000d00  _EmuKey                         
1     00000d00  _PieVectTable                   
1     00000d01  _EmuBMode                       
1     00000d02  _Flash_CallbackPtr              
1     00000d04  _Flash_CPUScaleFactor           
1     00001400  _Cla1Regs                       
1     00006000  _ECanaRegs                      
1     00006040  _ECanaLAMRegs                   
1     00006080  _ECanaMOTSRegs                  
1     000060c0  _ECanaMOTORegs                  
1     00006100  _ECanaMboxes                    
1     00006400  _Comp1Regs                      
1     00006420  _Comp2Regs                      
1     00006440  _Comp3Regs                      
1     00006800  _EPwm1Regs                      
1     00006840  _EPwm2Regs                      
1     00006880  _EPwm3Regs                      
1     000068c0  _EPwm4Regs                      
1     00006900  _EPwm5Regs                      
1     00006940  _EPwm6Regs                      
1     00006980  _EPwm7Regs                      
1     00006a00  _ECap1Regs                      
1     00006ac0  _HRCap1Regs                     
1     00006ae0  _HRCap2Regs                     
1     00006b00  _EQep1Regs                      
1     00006c00  _LinaRegs                       
1     00006f80  _GpioCtrlRegs                   
1     00006fc0  _GpioDataRegs                   
1     00006fe0  _GpioIntRegs                    
1     00007010  _SysCtrlRegs                    
1     00007040  _SpiaRegs                       
1     00007050  _SciaRegs                       
1     00007060  _NmiIntruptRegs                 
1     00007070  _XIntruptRegs                   
1     00007100  _AdcRegs                        
1     00007740  _SpibRegs                       
1     00007900  _I2caRegs                       
1     00008c00  _CANcounter                     
1     00008c01  _rus                            
1     00008c02  _Cell_B2                        
1     00008c03  _system_status                  
1     00008c04  _Charger_status                 
1     00008c05  _Cell_B1                        
1     00008c06  _Auxilliary_counter             
1     00008c07  _counter_50Hz                   
1     00008c08  _Current_Counter                
1     00008c09  _Cell_B3                        
1     00008c0a  _current_int                    
1     00008c0b  _Current_Sum                    
1     00008c0c  _NodeID                         
1     00008c0d  _Received                       
1     00008c0e  _flagTemp                       
1     00008c0f  _DataOut                        
1     00008c10  _flagVoltage                    
1     00008c11  _flagCharged                    
1     00008c12  _DataOut2                       
1     00008c13  _flagCurrent                    
1     00008c14  _flagDischarged                 
1     00008c15  _counter_2Hz                    
1     00008c16  _balance                        
1     00008c18  _Tmin                           
1     00008c1a  _Vcritical                      
1     00008c1c  _AuxChargeTime                  
1     00008c1e  _Vchargedflagreset              
1     00008c20  _SOC                            
1     00008c22  _Vbalance                       
1     00008c24  _Vcharge                        
1     00008c26  _Imax                           
1     00008c28  _Tmax                           
1     00008c2a  _Vauxmin                        
1     00008c2c  _Imin                           
1     00008c2e  _SOH_avg                        
1     00008c30  _SOH_max                        
1     00008c32  _SOCc                           
1     00008c34  _ChgCurrent                     
1     00008c36  _SOCv                           
1     00008c38  _resistance_temp                
1     00008c3a  _dI                             
1     00008c3c  _Current_old                    
1     00008c3e  _resistance                     
1     00008c40  _kp_multiplier                  
1     00008c42  _balancing_upper_level          
1     00008c44  _Vdischargedflagreset           
1     00008c46  _kp_constant                    
1     00008c48  _Ifilter                        
1     00008c4a  _Wsoc                           
1     00008c4c  _SOH_max_cell                   
1     00008c4e  _Current_CAL                    
1     00008c50  _SOC_t                          
1     00008c52  _current_reference              
1     00008c54  _Temperature_high               
1     00008c56  _ChargerCurrent                 
1     00008c58  _Temperature_high_cell          
1     00008c5a  _Temperature_low_cell           
1     00008c5c  _ChargerVoltage                 
1     00008c5e  _Temperature_low                
1     00008c60  _Voltage_low                    
1     00008c62  _Voltage_low_cell               
1     00008c64  _Voltage_high                   
1     00008c66  _Temperature_avg                
1     00008c68  _Current                        
1     00008c6a  _Voltage_high_cell              
1     00008c6c  _Vmin                           
1     00008c6e  _test_current                   
1     00008c70  _ref                            
1     00008c72  _CurrentMsgPtr                  
1     00008c74  _Vmax                           
1     00008c76  _balancing_bottom_level         
1     00008c78  _Auxilliary_Voltage             
1     00008c7a  _ADCgain                        
1     00008c7c  _ADCoffset                      
1     00008c7e  _I                              
1     00008c80  _Ah                             
1     00008c82  _Voltage_total                  
1     00008c84  _Voltage_avg                    
1     00008c86  _sine_table                     
1     00008c8c  _test_blah                      
1     00008c92  _I2cMsgIn1                      
1     00008c9b  _I2cMsgOut1                     
1     00008ca4  _sine_y                         
1     00008cae  _sine_x                         
1     00008cc0  _Toets_current_sum              
1     00008cca  _Temperatures_resistance        
1     00008d00  _Voltages_old                   
1     00008d1e  _Voltages                       
1     00008d40  _Temperatures                   
1     00008d60  _CpuTimer1                      
1     00008d68  _CpuTimer2                      
1     00008d70  _CpuTimer0                      
1     00008d7e  __lock                          
1     00008da4  ___TI_enable_exit_profile_output
1     00008da6  ___TI_cleanup_ptr               
1     00008da8  ___TI_dtors_ptr                 
1     00008dae  __unlock                        
1     00008db0  _errno                          
1     003d7e80  _PartIdRegs                     
1     003f7ff8  _CsmPwl                         
abs   00000000  _Cla1funcsLoadSize              
abs   00000380  __STACK_SIZE                    
abs   ffffffff  ___TI_pprof_out_hndl            
abs   ffffffff  ___TI_prof_data_size            
abs   ffffffff  ___TI_prof_data_start           
abs   ffffffff  ___binit__                      
abs   ffffffff  ___c_args__                     
abs   ffffffff  ___pinit__                      
abs   ffffffff  binit                           
abs   ffffffff  pinit                           

[341 symbols]
