******************************************************************************
             TMS320C2000 Linker PC v6.2.5                      
******************************************************************************
>> Linked Wed Jan 24 15:06:40 2018

OUTPUT FILE NAME:   <Example_2803xI2C_eeprom.out>
ENTRY POINT SYMBOL: "code_start"  address: 003f7ff6


MEMORY CONFIGURATION

         name            origin    length      used     unused   attr    fill
----------------------  --------  ---------  --------  --------  ----  --------
PAGE 0:
  RAML0                 00008000   00000800  00000004  000007fc  RWIX
  RAML1                 00008800   00000400  00000000  00000400  RWIX
  OTP                   003d7800   00000400  00000000  00000400  RWIX
  FLASHH                003e8000   00002000  00000000  00002000  RWIX
  FLASHG                003ea000   00002000  00000000  00002000  RWIX
  FLASHF                003ec000   00002000  00000000  00002000  RWIX
  FLASHE                003ee000   00002000  00000000  00002000  RWIX
  FLASHD                003f0000   00002000  00000004  00001ffc  RWIX
  FLASHC                003f2000   00002000  0000014a  00001eb6  RWIX
  FLASHA                003f4000   00003f80  00002039  00001f47  RWIX
  CSM_RSVD              003f7f80   00000076  00000000  00000076  RWIX
  BEGIN                 003f7ff6   00000002  00000002  00000000  RWIX
  CSM_PWL_P0            003f7ff8   00000008  00000000  00000008  RWIX
  IQTABLES              003fe000   00000b50  00000000  00000b50  RWIX
  IQTABLES2             003feb50   0000008c  00000000  0000008c  RWIX
  IQTABLES3             003febdc   000000aa  00000000  000000aa  RWIX
  ROM                   003ff27c   00000d44  00000000  00000d44  RWIX
  RESET                 003fffc0   00000002  00000000  00000002  RWIX
  VECTORS               003fffc2   0000003e  00000000  0000003e  RWIX

PAGE 1:
  BOOT_RSVD             00000000   00000050  00000000  00000050  RWIX
  RAMM0                 00000050   000003b0  00000380  00000030  RWIX
  RAMM1                 00000400   00000400  00000000  00000400  RWIX
  DEV_EMU               00000880   00000105  00000004  00000101  RWIX
  SYS_PWR_CTL           00000985   00000003  00000003  00000000  RWIX
  FLASH_REGS            00000a80   00000060  00000008  00000058  RWIX
  CSM                   00000ae0   00000010  00000010  00000000  RWIX
  ADC_RESULT            00000b00   00000020  00000020  00000000  RWIX
  CPU_TIMER0            00000c00   00000008  00000008  00000000  RWIX
  CPU_TIMER1            00000c08   00000008  00000008  00000000  RWIX
  CPU_TIMER2            00000c10   00000008  00000008  00000000  RWIX
  PIE_CTRL              00000ce0   00000020  0000001a  00000006  RWIX
  PIE_VECT              00000d00   00000100  00000100  00000000  RWIX
  CLA1                  00001400   00000080  00000040  00000040  RWIX
  ECANA                 00006000   00000040  00000034  0000000c  RWIX
  ECANA_LAM             00006040   00000040  00000040  00000000  RWIX
  ECANA_MOTS            00006080   00000040  00000040  00000000  RWIX
  ECANA_MOTO            000060c0   00000040  00000040  00000000  RWIX
  ECANA_MBOX            00006100   00000100  00000100  00000000  RWIX
  COMP1                 00006400   00000020  00000014  0000000c  RWIX
  COMP2                 00006420   00000020  00000014  0000000c  RWIX
  COMP3                 00006440   00000020  00000014  0000000c  RWIX
  EPWM1                 00006800   00000040  00000040  00000000  RWIX
  EPWM2                 00006840   00000040  00000040  00000000  RWIX
  EPWM3                 00006880   00000040  00000040  00000000  RWIX
  EPWM4                 000068c0   00000040  00000040  00000000  RWIX
  EPWM5                 00006900   00000040  00000040  00000000  RWIX
  EPWM6                 00006940   00000040  00000040  00000000  RWIX
  EPWM7                 00006980   00000040  00000040  00000000  RWIX
  ECAP1                 00006a00   00000020  00000020  00000000  RWIX
  HRCAP1                00006ac0   00000020  00000020  00000000  RWIX
  HRCAP2                00006ae0   00000020  00000020  00000000  RWIX
  EQEP1                 00006b00   00000040  00000040  00000000  RWIX
  LINA                  00006c00   00000080  0000004a  00000036  RWIX
  GPIOCTRL              00006f80   00000040  00000040  00000000  RWIX
  GPIODAT               00006fc0   00000020  00000020  00000000  RWIX
  GPIOINT               00006fe0   00000020  0000000c  00000014  RWIX
  SYSTEM                00007010   00000020  00000020  00000000  RWIX
  SPIA                  00007040   00000010  00000010  00000000  RWIX
  SCIA                  00007050   00000010  00000010  00000000  RWIX
  NMIINTRUPT            00007060   00000010  00000010  00000000  RWIX
  XINTRUPT              00007070   00000010  00000010  00000000  RWIX
  ADC                   00007100   00000080  00000050  00000030  RWIX
  SPIB                  00007740   00000010  00000010  00000000  RWIX
  I2CA                  00007900   00000040  00000022  0000001e  RWIX
  RAML2                 00008c00   00000400  00000189  00000277  RWIX
  RAML3                 00009000   00001000  00000000  00001000  RWIX
  PARTID                003d7e80   00000001  00000001  00000000  RWIX
  CSM_PWL               003f7ff8   00000008  00000008  00000000  RWIX


SECTION ALLOCATION MAP

 output                                  attributes/
section   page    origin      length       input sections
--------  ----  ----------  ----------   ----------------
.pinit     0    003f4000    00000000     UNINITIALIZED

ramfuncs   0    003f0000    00000004     RUN ADDR = 00008000
                  003f0000    00000004     DSP2803x_usDelay.obj (ramfuncs)

.econst    0    003f2000    00000100     
                  003f2000    00000100     DSP2803x_PieVect.obj (.econst)

.switch    0    003f2100    0000004a     
                  003f2100    0000002e     User_CAN.obj (.switch:_CANSlaveReception)
                  003f212e    0000001c     User_CAN.obj (.switch:_CANSlaveConfig)

.text      0    003f4000    00001ef3     
                  003f4000    000009ef     User_Functions.obj (.text)
                  003f49ef    0000054b     User_CAN.obj (.text)
                  003f4f3a    00000376     User_Interrupts.obj (.text:retain)
                  003f52b0    000001a9     DSP2803x_Adc.obj (.text)
                  003f5459    0000017c     DSP2803x_DefaultIsr.obj (.text:retain)
                  003f55d5    0000013b     DSP2803x_SysCtrl.obj (.text)
                  003f5710    00000102     User_ADC.obj (.text)
                  003f5812    000000e6     User_I2C.obj (.text)
                  003f58f8    000000cd     User_BQ.obj (.text)
                  003f59c5    000000aa     rts2800_ml.lib : log.obj (.text)
                  003f5a6f    0000009d                    : exp.obj (.text)
                  003f5b0c    00000083                    : fs_div.obj (.text)
                  003f5b8f    00000078                    : fs_add.obj (.text)
                  003f5c07    00000076     DSP2803x_CpuTimers.obj (.text)
                  003f5c7d    0000005a     rts2800_ml.lib : fs_mpy.obj (.text)
                  003f5cd7    00000044                    : boot.obj (.text)
                  003f5d1b    0000003f                    : ldexp.obj (.text)
                  003f5d5a    00000030     Main.obj (.text)
                  003f5d8a    00000029     rts2800_ml.lib : fs_tol.obj (.text)
                  003f5db3    00000028     DSP2803x_PieCtrl.obj (.text)
                  003f5ddb    00000025     DSP2803x_PieVect.obj (.text)
                  003f5e00    00000025     rts2800_ml.lib : fs_toi.obj (.text)
                  003f5e25    0000001d                    : fs_tou.obj (.text)
                  003f5e42    0000001a                    : i_tofs.obj (.text)
                  003f5e5c    00000019     DSP2803x_I2C.obj (.text)
                  003f5e75    00000019     rts2800_ml.lib : args_main.obj (.text)
                  003f5e8e    00000019                    : exit.obj (.text)
                  003f5ea7    00000017                    : fs_cmp.obj (.text)
                  003f5ebe    00000014                    : frexp.obj (.text)
                  003f5ed2    00000010                    : u_tofs.obj (.text)
                  003f5ee2    00000009                    : _lock.obj (.text)
                  003f5eeb    00000008     DSP2803x_CodeStartBranch.obj (.text)

.cinit     0    003f5ef3    00000146     
                  003f5ef3    00000114     User_Globals.obj (.cinit)
                  003f6007    0000000a     User_Interrupts.obj (.cinit)
                  003f6011    0000000a     rts2800_ml.lib : _lock.obj (.cinit)
                  003f601b    0000000a                    : exit.obj (.cinit)
                  003f6025    00000009     User_CAN.obj (.cinit)
                  003f602e    00000005     User_Functions.obj (.cinit)
                  003f6033    00000004     rts2800_ml.lib : errno.obj (.cinit)
                  003f6037    00000002     --HOLE-- [fill = 0]

codestart 
*          0    003f7ff6    00000002     
                  003f7ff6    00000002     DSP2803x_CodeStartBranch.obj (codestart)

.reset     0    003fffc0    00000002     DSECT
                  003fffc0    00000002     rts2800_ml.lib : boot.obj (.reset)

vectors    0    003fffc2    00000000     DSECT

.stack     1    00000050    00000380     UNINITIALIZED
                  00000050    00000380     --HOLE--

DevEmuRegsFile 
*          1    00000880    00000004     UNINITIALIZED
                  00000880    00000004     DSP2803x_GlobalVariableDefs.obj (DevEmuRegsFile)

SysPwrCtrlRegsFile 
*          1    00000985    00000003     UNINITIALIZED
                  00000985    00000003     DSP2803x_GlobalVariableDefs.obj (SysPwrCtrlRegsFile)

FlashRegsFile 
*          1    00000a80    00000008     UNINITIALIZED
                  00000a80    00000008     DSP2803x_GlobalVariableDefs.obj (FlashRegsFile)

CsmRegsFile 
*          1    00000ae0    00000010     UNINITIALIZED
                  00000ae0    00000010     DSP2803x_GlobalVariableDefs.obj (CsmRegsFile)

AdcResultFile 
*          1    00000b00    00000020     UNINITIALIZED
                  00000b00    00000020     DSP2803x_GlobalVariableDefs.obj (AdcResultFile)

CpuTimer0RegsFile 
*          1    00000c00    00000008     UNINITIALIZED
                  00000c00    00000008     DSP2803x_GlobalVariableDefs.obj (CpuTimer0RegsFile)

CpuTimer1RegsFile 
*          1    00000c08    00000008     UNINITIALIZED
                  00000c08    00000008     DSP2803x_GlobalVariableDefs.obj (CpuTimer1RegsFile)

CpuTimer2RegsFile 
*          1    00000c10    00000008     UNINITIALIZED
                  00000c10    00000008     DSP2803x_GlobalVariableDefs.obj (CpuTimer2RegsFile)

PieCtrlRegsFile 
*          1    00000ce0    0000001a     UNINITIALIZED
                  00000ce0    0000001a     DSP2803x_GlobalVariableDefs.obj (PieCtrlRegsFile)

PieVectTableFile 
*          1    00000d00    00000100     UNINITIALIZED
                  00000d00    00000100     DSP2803x_GlobalVariableDefs.obj (PieVectTableFile)

EmuKeyVar 
*          1    00000d00    00000001     UNINITIALIZED
                  00000d00    00000001     DSP2803x_GlobalVariableDefs.obj (EmuKeyVar)

EmuBModeVar 
*          1    00000d01    00000001     UNINITIALIZED
                  00000d01    00000001     DSP2803x_GlobalVariableDefs.obj (EmuBModeVar)

FlashCallbackVar 
*          1    00000d02    00000002     UNINITIALIZED
                  00000d02    00000002     DSP2803x_GlobalVariableDefs.obj (FlashCallbackVar)

FlashScalingVar 
*          1    00000d04    00000002     UNINITIALIZED
                  00000d04    00000002     DSP2803x_GlobalVariableDefs.obj (FlashScalingVar)

Cla1RegsFile 
*          1    00001400    00000040     UNINITIALIZED
                  00001400    00000040     DSP2803x_GlobalVariableDefs.obj (Cla1RegsFile)

ECanaRegsFile 
*          1    00006000    00000034     UNINITIALIZED
                  00006000    00000034     DSP2803x_GlobalVariableDefs.obj (ECanaRegsFile)

ECanaLAMRegsFile 
*          1    00006040    00000040     UNINITIALIZED
                  00006040    00000040     DSP2803x_GlobalVariableDefs.obj (ECanaLAMRegsFile)

ECanaMOTSRegsFile 
*          1    00006080    00000040     UNINITIALIZED
                  00006080    00000040     DSP2803x_GlobalVariableDefs.obj (ECanaMOTSRegsFile)

ECanaMOTORegsFile 
*          1    000060c0    00000040     UNINITIALIZED
                  000060c0    00000040     DSP2803x_GlobalVariableDefs.obj (ECanaMOTORegsFile)

ECanaMboxesFile 
*          1    00006100    00000100     UNINITIALIZED
                  00006100    00000100     DSP2803x_GlobalVariableDefs.obj (ECanaMboxesFile)

Comp1RegsFile 
*          1    00006400    00000014     UNINITIALIZED
                  00006400    00000014     DSP2803x_GlobalVariableDefs.obj (Comp1RegsFile)

Comp2RegsFile 
*          1    00006420    00000014     UNINITIALIZED
                  00006420    00000014     DSP2803x_GlobalVariableDefs.obj (Comp2RegsFile)

Comp3RegsFile 
*          1    00006440    00000014     UNINITIALIZED
                  00006440    00000014     DSP2803x_GlobalVariableDefs.obj (Comp3RegsFile)

EPwm1RegsFile 
*          1    00006800    00000040     UNINITIALIZED
                  00006800    00000040     DSP2803x_GlobalVariableDefs.obj (EPwm1RegsFile)

EPwm2RegsFile 
*          1    00006840    00000040     UNINITIALIZED
                  00006840    00000040     DSP2803x_GlobalVariableDefs.obj (EPwm2RegsFile)

EPwm3RegsFile 
*          1    00006880    00000040     UNINITIALIZED
                  00006880    00000040     DSP2803x_GlobalVariableDefs.obj (EPwm3RegsFile)

EPwm4RegsFile 
*          1    000068c0    00000040     UNINITIALIZED
                  000068c0    00000040     DSP2803x_GlobalVariableDefs.obj (EPwm4RegsFile)

EPwm5RegsFile 
*          1    00006900    00000040     UNINITIALIZED
                  00006900    00000040     DSP2803x_GlobalVariableDefs.obj (EPwm5RegsFile)

EPwm6RegsFile 
*          1    00006940    00000040     UNINITIALIZED
                  00006940    00000040     DSP2803x_GlobalVariableDefs.obj (EPwm6RegsFile)

EPwm7RegsFile 
*          1    00006980    00000040     UNINITIALIZED
                  00006980    00000040     DSP2803x_GlobalVariableDefs.obj (EPwm7RegsFile)

ECap1RegsFile 
*          1    00006a00    00000020     UNINITIALIZED
                  00006a00    00000020     DSP2803x_GlobalVariableDefs.obj (ECap1RegsFile)

HRCap1RegsFile 
*          1    00006ac0    00000020     UNINITIALIZED
                  00006ac0    00000020     DSP2803x_GlobalVariableDefs.obj (HRCap1RegsFile)

HRCap2RegsFile 
*          1    00006ae0    00000020     UNINITIALIZED
                  00006ae0    00000020     DSP2803x_GlobalVariableDefs.obj (HRCap2RegsFile)

EQep1RegsFile 
*          1    00006b00    00000040     UNINITIALIZED
                  00006b00    00000040     DSP2803x_GlobalVariableDefs.obj (EQep1RegsFile)

LinaRegsFile 
*          1    00006c00    0000004a     UNINITIALIZED
                  00006c00    0000004a     DSP2803x_GlobalVariableDefs.obj (LinaRegsFile)

GpioCtrlRegsFile 
*          1    00006f80    00000040     UNINITIALIZED
                  00006f80    00000040     DSP2803x_GlobalVariableDefs.obj (GpioCtrlRegsFile)

GpioDataRegsFile 
*          1    00006fc0    00000020     UNINITIALIZED
                  00006fc0    00000020     DSP2803x_GlobalVariableDefs.obj (GpioDataRegsFile)

GpioIntRegsFile 
*          1    00006fe0    0000000c     UNINITIALIZED
                  00006fe0    0000000c     DSP2803x_GlobalVariableDefs.obj (GpioIntRegsFile)

SysCtrlRegsFile 
*          1    00007010    00000020     UNINITIALIZED
                  00007010    00000020     DSP2803x_GlobalVariableDefs.obj (SysCtrlRegsFile)

SpiaRegsFile 
*          1    00007040    00000010     UNINITIALIZED
                  00007040    00000010     DSP2803x_GlobalVariableDefs.obj (SpiaRegsFile)

SciaRegsFile 
*          1    00007050    00000010     UNINITIALIZED
                  00007050    00000010     DSP2803x_GlobalVariableDefs.obj (SciaRegsFile)

NmiIntruptRegsFile 
*          1    00007060    00000010     UNINITIALIZED
                  00007060    00000010     DSP2803x_GlobalVariableDefs.obj (NmiIntruptRegsFile)

XIntruptRegsFile 
*          1    00007070    00000010     UNINITIALIZED
                  00007070    00000010     DSP2803x_GlobalVariableDefs.obj (XIntruptRegsFile)

AdcRegsFile 
*          1    00007100    00000050     UNINITIALIZED
                  00007100    00000050     DSP2803x_GlobalVariableDefs.obj (AdcRegsFile)

SpibRegsFile 
*          1    00007740    00000010     UNINITIALIZED
                  00007740    00000010     DSP2803x_GlobalVariableDefs.obj (SpibRegsFile)

I2caRegsFile 
*          1    00007900    00000022     UNINITIALIZED
                  00007900    00000022     DSP2803x_GlobalVariableDefs.obj (I2caRegsFile)

.ebss      1    00008c00    00000189     UNINITIALIZED
                  00008c00    0000013e     User_Globals.obj (.ebss)
                  00008d3e    00000002     User_Functions.obj (.ebss)
                  00008d40    00000024     User_Interrupts.obj (.ebss)
                  00008d64    00000018     DSP2803x_CpuTimers.obj (.ebss)
                  00008d7c    00000004     User_CAN.obj (.ebss)
                  00008d80    00000004     rts2800_ml.lib : _lock.obj (.ebss)
                  00008d84    00000004                    : exit.obj (.ebss)
                  00008d88    00000001                    : errno.obj (.ebss)

PartIdRegsFile 
*          1    003d7e80    00000001     UNINITIALIZED
                  003d7e80    00000001     DSP2803x_GlobalVariableDefs.obj (PartIdRegsFile)

CsmPwlFile 
*          1    003f7ff8    00000008     UNINITIALIZED
                  003f7ff8    00000008     DSP2803x_GlobalVariableDefs.obj (CsmPwlFile)


GLOBAL DATA SYMBOLS: SORTED BY DATA PAGE

address     data page           name
--------    ----------------    ----
00000050       1 (00000040)     __stack

00000880      22 (00000880)     _DevEmuRegs

00000985      26 (00000980)     _SysPwrCtrlRegs

00000a80      2a (00000a80)     _FlashRegs

00000ae0      2b (00000ac0)     _CsmRegs

00000b00      2c (00000b00)     _AdcResult

00000c00      30 (00000c00)     _CpuTimer0Regs
00000c08      30 (00000c00)     _CpuTimer1Regs
00000c10      30 (00000c00)     _CpuTimer2Regs

00000ce0      33 (00000cc0)     _PieCtrlRegs

00000d00      34 (00000d00)     _EmuKey
00000d00      34 (00000d00)     _PieVectTable
00000d01      34 (00000d00)     _EmuBMode
00000d02      34 (00000d00)     _Flash_CallbackPtr
00000d04      34 (00000d00)     _Flash_CPUScaleFactor

00001400      50 (00001400)     _Cla1Regs

00006000     180 (00006000)     _ECanaRegs

00006040     181 (00006040)     _ECanaLAMRegs

00006080     182 (00006080)     _ECanaMOTSRegs

000060c0     183 (000060c0)     _ECanaMOTORegs

00006100     184 (00006100)     _ECanaMboxes

00006400     190 (00006400)     _Comp1Regs
00006420     190 (00006400)     _Comp2Regs

00006440     191 (00006440)     _Comp3Regs

00006800     1a0 (00006800)     _EPwm1Regs

00006840     1a1 (00006840)     _EPwm2Regs

00006880     1a2 (00006880)     _EPwm3Regs

000068c0     1a3 (000068c0)     _EPwm4Regs

00006900     1a4 (00006900)     _EPwm5Regs

00006940     1a5 (00006940)     _EPwm6Regs

00006980     1a6 (00006980)     _EPwm7Regs

00006a00     1a8 (00006a00)     _ECap1Regs

00006ac0     1ab (00006ac0)     _HRCap1Regs
00006ae0     1ab (00006ac0)     _HRCap2Regs

00006b00     1ac (00006b00)     _EQep1Regs

00006c00     1b0 (00006c00)     _LinaRegs

00006f80     1be (00006f80)     _GpioCtrlRegs

00006fc0     1bf (00006fc0)     _GpioDataRegs
00006fe0     1bf (00006fc0)     _GpioIntRegs

00007010     1c0 (00007000)     _SysCtrlRegs

00007040     1c1 (00007040)     _SpiaRegs
00007050     1c1 (00007040)     _SciaRegs
00007060     1c1 (00007040)     _NmiIntruptRegs
00007070     1c1 (00007040)     _XIntruptRegs

00007100     1c4 (00007100)     _AdcRegs

00007740     1dd (00007740)     _SpibRegs

00007900     1e4 (00007900)     _I2caRegs

00008c00     230 (00008c00)     _CANcounter
00008c01     230 (00008c00)     _rus
00008c02     230 (00008c00)     _Cell_B2
00008c03     230 (00008c00)     _system_status
00008c04     230 (00008c00)     _Charger_status
00008c05     230 (00008c00)     _Cell_B1
00008c06     230 (00008c00)     _Auxilliary_counter
00008c07     230 (00008c00)     _counter_50Hz
00008c08     230 (00008c00)     _Current_Counter
00008c09     230 (00008c00)     _Cell_B3
00008c0a     230 (00008c00)     _current_int
00008c0b     230 (00008c00)     _Current_Sum
00008c0c     230 (00008c00)     _NodeID
00008c0d     230 (00008c00)     _Received
00008c0e     230 (00008c00)     _flagTemp
00008c0f     230 (00008c00)     _DataOut
00008c10     230 (00008c00)     _flagVoltage
00008c11     230 (00008c00)     _flagCharged
00008c12     230 (00008c00)     _DataOut2
00008c13     230 (00008c00)     _flagCurrent
00008c14     230 (00008c00)     _flagDischarged
00008c15     230 (00008c00)     _balance
00008c16     230 (00008c00)     _counter_2Hz
00008c18     230 (00008c00)     _Vauxmin
00008c1a     230 (00008c00)     _Vbalance
00008c1c     230 (00008c00)     _Vchargedflagreset
00008c1e     230 (00008c00)     _AuxChargeTime
00008c20     230 (00008c00)     _Tmin
00008c22     230 (00008c00)     _Tmax
00008c24     230 (00008c00)     _SOC
00008c26     230 (00008c00)     _Imax
00008c28     230 (00008c00)     _Ifilter
00008c2a     230 (00008c00)     _Imin
00008c2c     230 (00008c00)     _SOH_max
00008c2e     230 (00008c00)     _SOH_max_cell
00008c30     230 (00008c00)     _SOCc
00008c32     230 (00008c00)     _SOH_avg
00008c34     230 (00008c00)     _resistance_temp
00008c36     230 (00008c00)     _dI
00008c38     230 (00008c00)     _Current_old
00008c3a     230 (00008c00)     _resistance
00008c3c     230 (00008c00)     _balancing_upper_level
00008c3e     230 (00008c00)     _balancing_bottom_level

00008c40     231 (00008c40)     _kp_constant
00008c42     231 (00008c40)     _kp_multiplier
00008c44     231 (00008c40)     _Wsoc
00008c46     231 (00008c40)     _SOCv
00008c48     231 (00008c40)     _Current_CAL
00008c4a     231 (00008c40)     _SOC_t
00008c4c     231 (00008c40)     _toets
00008c4e     231 (00008c40)     _toets2
00008c50     231 (00008c40)     _ADCgain
00008c52     231 (00008c40)     _I
00008c54     231 (00008c40)     _ADCoffset
00008c56     231 (00008c40)     _Voltage_total
00008c58     231 (00008c40)     _Temperature_avg
00008c5a     231 (00008c40)     _Temperature_high
00008c5c     231 (00008c40)     _Voltage_low
00008c5e     231 (00008c40)     _Temperature_low
00008c60     231 (00008c40)     _Voltage_high
00008c62     231 (00008c40)     _Vmax
00008c64     231 (00008c40)     _CurrentMsgPtr
00008c66     231 (00008c40)     _Vmin
00008c68     231 (00008c40)     _Vcharge
00008c6a     231 (00008c40)     _Vcritical
00008c6c     231 (00008c40)     _Vdischargedflagreset
00008c6e     231 (00008c40)     _Ah
00008c70     231 (00008c40)     _Current
00008c72     231 (00008c40)     _ref
00008c74     231 (00008c40)     _current_reference
00008c76     231 (00008c40)     _test_current
00008c78     231 (00008c40)     _Auxilliary_Voltage
00008c7a     231 (00008c40)     _test_blah

00008c80     232 (00008c80)     _sine_table
00008c86     232 (00008c80)     _I2cMsgIn1
00008c8f     232 (00008c80)     _I2cMsgOut1
00008c98     232 (00008c80)     _sine_x
00008ca2     232 (00008c80)     _Toets_current_sum
00008cac     232 (00008c80)     _sine_y

00008cc0     233 (00008cc0)     _Temperatures_resistance
00008cdc     233 (00008cc0)     _Voltages

00008d00     234 (00008d00)     _Voltages_old
00008d1e     234 (00008d00)     _Temperatures

00008d64     235 (00008d40)     _CpuTimer1
00008d6c     235 (00008d40)     _CpuTimer2
00008d74     235 (00008d40)     _CpuTimer0

00008d80     236 (00008d80)     __unlock
00008d82     236 (00008d80)     __lock
00008d84     236 (00008d80)     ___TI_cleanup_ptr
00008d86     236 (00008d80)     ___TI_dtors_ptr
00008d88     236 (00008d80)     _errno

003d7e80    f5fa (003d7e80)     _PartIdRegs

003f2000    fc80 (003f2000)     _PieVectTableInit

003f7ff8    fdff (003f7fc0)     _CsmPwl


GLOBAL SYMBOLS: SORTED ALPHABETICALLY BY Name 

address    name
--------   ----
003f4000   .text
003f5e8e   C$$EXIT
003f5b94   FS$$ADD
003f5ea7   FS$$CMP
003f5b0c   FS$$DIV
003f5c7d   FS$$MPY
003f5b8f   FS$$SUB
003f5e00   FS$$TOI
003f5d8a   FS$$TOL
003f5e25   FS$$TOU
003f5e42   I$$TOFS
003f5ed2   U$$TOFS
003f54b8   _ADCINT1_ISR
003f54bd   _ADCINT2_ISR
003f5571   _ADCINT3_ISR
003f5576   _ADCINT4_ISR
003f557b   _ADCINT5_ISR
003f5580   _ADCINT6_ISR
003f5585   _ADCINT7_ISR
003f558a   _ADCINT8_ISR
003f54cc   _ADCINT9_ISR
00008c50   _ADCgain
00008c54   _ADCoffset
003f531f   _AdcChanSelect
003f5332   _AdcConversion
003f52f8   _AdcOffsetSelfCal
00007100   _AdcRegs
00000b00   _AdcResult
00008c6e   _Ah
00008c1e   _AuxChargeTime
00008c78   _Auxilliary_Voltage
00008c06   _Auxilliary_counter
003f45f6   _Balance
003f5909   _Bq76940_Init
003f4aec   _CANChargerReception
003f4ace   _CANInterruptConfig
003f4a8d   _CANMailboxConfig
003f49f6   _CANSetup
003f4d8d   _CANSlaveConfig
003f4c53   _CANSlaveReception
003f4f19   _CANTransmit
003f49ef   _CAN_Init
00008c00   _CANcounter
003f558f   _CLA1_INT1_ISR
003f5594   _CLA1_INT2_ISR
003f5599   _CLA1_INT3_ISR
003f559e   _CLA1_INT4_ISR
003f55a3   _CLA1_INT5_ISR
003f55a8   _CLA1_INT6_ISR
003f55ad   _CLA1_INT7_ISR
003f55b2   _CLA1_INT8_ISR
003f47d3   _CRC8
003f4324   _Calculate_Current
003f48f0   _Calculate_SOC
003f428c   _Calculate_SOH
003f49c1   _Calibrate_Current
00008c05   _Cell_B1
00008c02   _Cell_B2
00008c09   _Cell_B3
00008c04   _Charger_status
003f47fc   _ChgCalculator
00001400   _Cla1Regs
00006400   _Comp1Regs
00006420   _Comp2Regs
00006440   _Comp3Regs
003f5c48   _ConfigCpuTimer
00008d74   _CpuTimer0
00000c00   _CpuTimer0Regs
00008d64   _CpuTimer1
00000c08   _CpuTimer1Regs
00008d6c   _CpuTimer2
00000c10   _CpuTimer2Regs
003f7ff8   _CsmPwl
00000ae0   _CsmRegs
003f5691   _CsmUnlock
00008c70   _Current
00008c64   _CurrentMsgPtr
00008c48   _Current_CAL
00008c08   _Current_Counter
00008c0b   _Current_Sum
00008c38   _Current_old
003f5463   _DATALOG_ISR
00008000   _DSP28x_usDelay
00008c0f   _DataOut
00008c12   _DataOut2
00000880   _DevEmuRegs
003f55f9   _DisableDog
003f5567   _ECAN0INTA_ISR
003f556c   _ECAN1INTA_ISR
003f5521   _ECAP1_INT_ISR
00006040   _ECanaLAMRegs
000060c0   _ECanaMOTORegs
00006080   _ECanaMOTSRegs
00006100   _ECanaMboxes
00006000   _ECanaRegs
00006a00   _ECap1Regs
003f55c6   _EMPTY_ISR
003f546d   _EMUINT_ISR
003f54fe   _EPWM1_INT_ISR
003f54db   _EPWM1_TZINT_ISR
003f5503   _EPWM2_INT_ISR
003f54e0   _EPWM2_TZINT_ISR
003f5508   _EPWM3_INT_ISR
003f54e5   _EPWM3_TZINT_ISR
003f550d   _EPWM4_INT_ISR
003f54ea   _EPWM4_TZINT_ISR
003f5512   _EPWM5_INT_ISR
003f54ef   _EPWM5_TZINT_ISR
003f5517   _EPWM6_INT_ISR
003f54f4   _EPWM6_TZINT_ISR
003f551c   _EPWM7_INT_ISR
003f54f9   _EPWM7_TZINT_ISR
00006800   _EPwm1Regs
00006840   _EPwm2Regs
00006880   _EPwm3Regs
000068c0   _EPwm4Regs
00006900   _EPwm5Regs
00006940   _EPwm6Regs
00006980   _EPwm7Regs
003f5530   _EQEP1_INT_ISR
00006b00   _EQep1Regs
00000d01   _EmuBMode
00000d00   _EmuKey
003f5dd2   _EnableInterrupts
003f56fa   _ExtOscSel
00000a80   _FlashRegs
00000d04   _Flash_CPUScaleFactor
00000d02   _Flash_CallbackPtr
00006f80   _GpioCtrlRegs
00006fc0   _GpioDataRegs
00006fe0   _GpioIntRegs
003f5526   _HRCAP1_INT_ISR
003f552b   _HRCAP2_INT_ISR
00006ac0   _HRCap1Regs
00006ae0   _HRCap2Regs
00008c52   _I
003f5812   _I2CA_Init
003f586b   _I2CA_ReadData
003f5825   _I2CA_WriteData
003f5549   _I2CINT1A_ISR
003f554e   _I2CINT2A_ISR
00008c86   _I2cMsgIn1
00008c8f   _I2cMsgOut1
00007900   _I2caRegs
003f5477   _ILLEGAL_ISR
003f5459   _INT13_ISR
003f545e   _INT14_ISR
00008c28   _Ifilter
00008c26   _Imax
00008c2a   _Imin
003f52b0   _InitAdc
003f52d6   _InitAdcAio
003f5c07   _InitCpuTimers
003f5e5c   _InitI2C
003f5e5d   _InitI2CGpio
003f5655   _InitPeripheralClocks
003f5db3   _InitPieCtrl
003f5ddb   _InitPieVectTable
003f5601   _InitPll
003f55d5   _InitSysCtrl
003f408b   _Init_Gpio
003f4000   _Initialise_BMS
003f56c2   _IntOsc1Sel
003f56d2   _IntOsc2Sel
003f555d   _LIN0INTA_ISR
003f5562   _LIN1INTA_ISR
003f55c1   _LUF_ISR
003f55bc   _LVF_ISR
00006c00   _LinaRegs
003f5472   _NMI_ISR
00007060   _NmiIntruptRegs
00008c0c   _NodeID
003f55cb   _PIE_RESERVED
003d7e80   _PartIdRegs
00000ce0   _PieCtrlRegs
00000d00   _PieVectTable
003f2000   _PieVectTableInit
003f4346   _Process_System_Status
003f41c2   _Process_Voltages
003f5468   _RTOSINT_ISR
003f0004   _RamfuncsLoadEnd
003f0000   _RamfuncsLoadStart
00008000   _RamfuncsRunStart
003f40f0   _Read_Cell_Voltages
003f433c   _Read_System_Status
003f434f   _Read_Temperatures
00008c0d   _Received
003f5805   _Reset_ADC
003f5553   _SCIRXINTA_ISR
003f5558   _SCITXINTA_ISR
00008c24   _SOC
00008c4a   _SOC_t
00008c30   _SOCc
00008c46   _SOCv
00008c32   _SOH_avg
00008c2c   _SOH_max
00008c2e   _SOH_max_cell
003f5535   _SPIRXINTA_ISR
003f553f   _SPIRXINTB_ISR
003f553a   _SPITXINTA_ISR
003f5544   _SPITXINTB_ISR
00007050   _SciaRegs
003f55ef   _ServiceDog
003f58f8   _Shut_D_BQ
00007040   _SpiaRegs
00007740   _SpibRegs
00007010   _SysCtrlRegs
00000985   _SysPwrCtrlRegs
003f54d1   _TINT0_ISR
00008c58   _Temperature_avg
00008c5a   _Temperature_high
00008c5e   _Temperature_low
00008d1e   _Temperatures
00008cc0   _Temperatures_resistance
00008c22   _Tmax
00008c20   _Tmin
00008ca2   _Toets_current_sum
003f40eb   _Toggle_LED
003f54a9   _USER10_ISR
003f54ae   _USER11_ISR
003f54b3   _USER12_ISR
003f547c   _USER1_ISR
003f5481   _USER2_ISR
003f5486   _USER3_ISR
003f548b   _USER4_ISR
003f5490   _USER5_ISR
003f5495   _USER6_ISR
003f549a   _USER7_ISR
003f549f   _USER8_ISR
003f54a4   _USER9_ISR
00008c18   _Vauxmin
00008c1a   _Vbalance
00008c68   _Vcharge
00008c1c   _Vchargedflagreset
00008c6a   _Vcritical
00008c6c   _Vdischargedflagreset
00008c62   _Vmax
00008c66   _Vmin
00008c60   _Voltage_high
00008c5c   _Voltage_low
00008c56   _Voltage_total
00008cdc   _Voltages
00008d00   _Voltages_old
003f54d6   _WAKEINT_ISR
00008c44   _Wsoc
003f54c2   _XINT1_ISR
003f54c7   _XINT2_ISR
003f55b7   _XINT3_ISR
00007070   _XIntruptRegs
003f56e6   _XtalOscSel
000003d0   __STACK_END
00000380   __STACK_SIZE
00000001   __TI_args_main
00008d84   ___TI_cleanup_ptr
00008d86   ___TI_dtors_ptr
ffffffff   ___binit__
ffffffff   ___c_args__
003f5ef3   ___cinit__
003f5ef3   ___etext__
ffffffff   ___pinit__
003f4000   ___text__
003f5e75   __args_main
00008d82   __lock
003f5eea   __nop
003f5ee6   __register_lock
003f5ee2   __register_unlock
00000050   __stack
00008d80   __unlock
003f5e8e   _abort
003f4f3a   _adc_isr
00008c15   _balance
00008c3e   _balancing_bottom_level
00008c3c   _balancing_upper_level
003f5cd7   _c_int00
003f525d   _can_rx_isr
003f5293   _can_tx_isr
003f5710   _configADC
00008c16   _counter_2Hz
00008c07   _counter_50Hz
003f4fd0   _cpu_timer0_isr
003f51a2   _cpu_timer1_isr
003f520d   _cpu_timer2_isr
00008c0a   _current_int
00008c74   _current_reference
00008c36   _dI
00008d88   _errno
003f5e90   _exit
003f5a6f   _exp
00008c11   _flagCharged
00008c13   _flagCurrent
00008c14   _flagDischarged
00008c0e   _flagTemp
00008c10   _flagVoltage
003f5ebe   _frexp
003f5219   _i2c_int1a_isr
003f483a   _interpolate_segment
003f486d   _interpolate_table_1d
00008c40   _kp_constant
00008c42   _kp_multiplier
003f5d1b   _ldexp
003f59c5   _log
003f5d5a   _main
00008c72   _ref
00008c3a   _resistance
00008c34   _resistance_temp
003f55d0   _rsvd_ISR
00008c01   _rus
00008c80   _sine_table
00008c98   _sine_x
00008cac   _sine_y
00008c03   _system_status
00008c7a   _test_blah
00008c76   _test_current
00008c4c   _toets
00008c4e   _toets2
ffffffff   binit
003f5ef3   cinit
003f7ff6   code_start
003f5ef3   etext
ffffffff   pinit


GLOBAL SYMBOLS: SORTED BY Symbol Address 

address    name
--------   ----
00000001   __TI_args_main
00000050   __stack
00000380   __STACK_SIZE
000003d0   __STACK_END
00000880   _DevEmuRegs
00000985   _SysPwrCtrlRegs
00000a80   _FlashRegs
00000ae0   _CsmRegs
00000b00   _AdcResult
00000c00   _CpuTimer0Regs
00000c08   _CpuTimer1Regs
00000c10   _CpuTimer2Regs
00000ce0   _PieCtrlRegs
00000d00   _EmuKey
00000d00   _PieVectTable
00000d01   _EmuBMode
00000d02   _Flash_CallbackPtr
00000d04   _Flash_CPUScaleFactor
00001400   _Cla1Regs
00006000   _ECanaRegs
00006040   _ECanaLAMRegs
00006080   _ECanaMOTSRegs
000060c0   _ECanaMOTORegs
00006100   _ECanaMboxes
00006400   _Comp1Regs
00006420   _Comp2Regs
00006440   _Comp3Regs
00006800   _EPwm1Regs
00006840   _EPwm2Regs
00006880   _EPwm3Regs
000068c0   _EPwm4Regs
00006900   _EPwm5Regs
00006940   _EPwm6Regs
00006980   _EPwm7Regs
00006a00   _ECap1Regs
00006ac0   _HRCap1Regs
00006ae0   _HRCap2Regs
00006b00   _EQep1Regs
00006c00   _LinaRegs
00006f80   _GpioCtrlRegs
00006fc0   _GpioDataRegs
00006fe0   _GpioIntRegs
00007010   _SysCtrlRegs
00007040   _SpiaRegs
00007050   _SciaRegs
00007060   _NmiIntruptRegs
00007070   _XIntruptRegs
00007100   _AdcRegs
00007740   _SpibRegs
00007900   _I2caRegs
00008000   _DSP28x_usDelay
00008000   _RamfuncsRunStart
00008c00   _CANcounter
00008c01   _rus
00008c02   _Cell_B2
00008c03   _system_status
00008c04   _Charger_status
00008c05   _Cell_B1
00008c06   _Auxilliary_counter
00008c07   _counter_50Hz
00008c08   _Current_Counter
00008c09   _Cell_B3
00008c0a   _current_int
00008c0b   _Current_Sum
00008c0c   _NodeID
00008c0d   _Received
00008c0e   _flagTemp
00008c0f   _DataOut
00008c10   _flagVoltage
00008c11   _flagCharged
00008c12   _DataOut2
00008c13   _flagCurrent
00008c14   _flagDischarged
00008c15   _balance
00008c16   _counter_2Hz
00008c18   _Vauxmin
00008c1a   _Vbalance
00008c1c   _Vchargedflagreset
00008c1e   _AuxChargeTime
00008c20   _Tmin
00008c22   _Tmax
00008c24   _SOC
00008c26   _Imax
00008c28   _Ifilter
00008c2a   _Imin
00008c2c   _SOH_max
00008c2e   _SOH_max_cell
00008c30   _SOCc
00008c32   _SOH_avg
00008c34   _resistance_temp
00008c36   _dI
00008c38   _Current_old
00008c3a   _resistance
00008c3c   _balancing_upper_level
00008c3e   _balancing_bottom_level
00008c40   _kp_constant
00008c42   _kp_multiplier
00008c44   _Wsoc
00008c46   _SOCv
00008c48   _Current_CAL
00008c4a   _SOC_t
00008c4c   _toets
00008c4e   _toets2
00008c50   _ADCgain
00008c52   _I
00008c54   _ADCoffset
00008c56   _Voltage_total
00008c58   _Temperature_avg
00008c5a   _Temperature_high
00008c5c   _Voltage_low
00008c5e   _Temperature_low
00008c60   _Voltage_high
00008c62   _Vmax
00008c64   _CurrentMsgPtr
00008c66   _Vmin
00008c68   _Vcharge
00008c6a   _Vcritical
00008c6c   _Vdischargedflagreset
00008c6e   _Ah
00008c70   _Current
00008c72   _ref
00008c74   _current_reference
00008c76   _test_current
00008c78   _Auxilliary_Voltage
00008c7a   _test_blah
00008c80   _sine_table
00008c86   _I2cMsgIn1
00008c8f   _I2cMsgOut1
00008c98   _sine_x
00008ca2   _Toets_current_sum
00008cac   _sine_y
00008cc0   _Temperatures_resistance
00008cdc   _Voltages
00008d00   _Voltages_old
00008d1e   _Temperatures
00008d64   _CpuTimer1
00008d6c   _CpuTimer2
00008d74   _CpuTimer0
00008d80   __unlock
00008d82   __lock
00008d84   ___TI_cleanup_ptr
00008d86   ___TI_dtors_ptr
00008d88   _errno
003d7e80   _PartIdRegs
003f0000   _RamfuncsLoadStart
003f0004   _RamfuncsLoadEnd
003f2000   _PieVectTableInit
003f4000   .text
003f4000   _Initialise_BMS
003f4000   ___text__
003f408b   _Init_Gpio
003f40eb   _Toggle_LED
003f40f0   _Read_Cell_Voltages
003f41c2   _Process_Voltages
003f428c   _Calculate_SOH
003f4324   _Calculate_Current
003f433c   _Read_System_Status
003f4346   _Process_System_Status
003f434f   _Read_Temperatures
003f45f6   _Balance
003f47d3   _CRC8
003f47fc   _ChgCalculator
003f483a   _interpolate_segment
003f486d   _interpolate_table_1d
003f48f0   _Calculate_SOC
003f49c1   _Calibrate_Current
003f49ef   _CAN_Init
003f49f6   _CANSetup
003f4a8d   _CANMailboxConfig
003f4ace   _CANInterruptConfig
003f4aec   _CANChargerReception
003f4c53   _CANSlaveReception
003f4d8d   _CANSlaveConfig
003f4f19   _CANTransmit
003f4f3a   _adc_isr
003f4fd0   _cpu_timer0_isr
003f51a2   _cpu_timer1_isr
003f520d   _cpu_timer2_isr
003f5219   _i2c_int1a_isr
003f525d   _can_rx_isr
003f5293   _can_tx_isr
003f52b0   _InitAdc
003f52d6   _InitAdcAio
003f52f8   _AdcOffsetSelfCal
003f531f   _AdcChanSelect
003f5332   _AdcConversion
003f5459   _INT13_ISR
003f545e   _INT14_ISR
003f5463   _DATALOG_ISR
003f5468   _RTOSINT_ISR
003f546d   _EMUINT_ISR
003f5472   _NMI_ISR
003f5477   _ILLEGAL_ISR
003f547c   _USER1_ISR
003f5481   _USER2_ISR
003f5486   _USER3_ISR
003f548b   _USER4_ISR
003f5490   _USER5_ISR
003f5495   _USER6_ISR
003f549a   _USER7_ISR
003f549f   _USER8_ISR
003f54a4   _USER9_ISR
003f54a9   _USER10_ISR
003f54ae   _USER11_ISR
003f54b3   _USER12_ISR
003f54b8   _ADCINT1_ISR
003f54bd   _ADCINT2_ISR
003f54c2   _XINT1_ISR
003f54c7   _XINT2_ISR
003f54cc   _ADCINT9_ISR
003f54d1   _TINT0_ISR
003f54d6   _WAKEINT_ISR
003f54db   _EPWM1_TZINT_ISR
003f54e0   _EPWM2_TZINT_ISR
003f54e5   _EPWM3_TZINT_ISR
003f54ea   _EPWM4_TZINT_ISR
003f54ef   _EPWM5_TZINT_ISR
003f54f4   _EPWM6_TZINT_ISR
003f54f9   _EPWM7_TZINT_ISR
003f54fe   _EPWM1_INT_ISR
003f5503   _EPWM2_INT_ISR
003f5508   _EPWM3_INT_ISR
003f550d   _EPWM4_INT_ISR
003f5512   _EPWM5_INT_ISR
003f5517   _EPWM6_INT_ISR
003f551c   _EPWM7_INT_ISR
003f5521   _ECAP1_INT_ISR
003f5526   _HRCAP1_INT_ISR
003f552b   _HRCAP2_INT_ISR
003f5530   _EQEP1_INT_ISR
003f5535   _SPIRXINTA_ISR
003f553a   _SPITXINTA_ISR
003f553f   _SPIRXINTB_ISR
003f5544   _SPITXINTB_ISR
003f5549   _I2CINT1A_ISR
003f554e   _I2CINT2A_ISR
003f5553   _SCIRXINTA_ISR
003f5558   _SCITXINTA_ISR
003f555d   _LIN0INTA_ISR
003f5562   _LIN1INTA_ISR
003f5567   _ECAN0INTA_ISR
003f556c   _ECAN1INTA_ISR
003f5571   _ADCINT3_ISR
003f5576   _ADCINT4_ISR
003f557b   _ADCINT5_ISR
003f5580   _ADCINT6_ISR
003f5585   _ADCINT7_ISR
003f558a   _ADCINT8_ISR
003f558f   _CLA1_INT1_ISR
003f5594   _CLA1_INT2_ISR
003f5599   _CLA1_INT3_ISR
003f559e   _CLA1_INT4_ISR
003f55a3   _CLA1_INT5_ISR
003f55a8   _CLA1_INT6_ISR
003f55ad   _CLA1_INT7_ISR
003f55b2   _CLA1_INT8_ISR
003f55b7   _XINT3_ISR
003f55bc   _LVF_ISR
003f55c1   _LUF_ISR
003f55c6   _EMPTY_ISR
003f55cb   _PIE_RESERVED
003f55d0   _rsvd_ISR
003f55d5   _InitSysCtrl
003f55ef   _ServiceDog
003f55f9   _DisableDog
003f5601   _InitPll
003f5655   _InitPeripheralClocks
003f5691   _CsmUnlock
003f56c2   _IntOsc1Sel
003f56d2   _IntOsc2Sel
003f56e6   _XtalOscSel
003f56fa   _ExtOscSel
003f5710   _configADC
003f5805   _Reset_ADC
003f5812   _I2CA_Init
003f5825   _I2CA_WriteData
003f586b   _I2CA_ReadData
003f58f8   _Shut_D_BQ
003f5909   _Bq76940_Init
003f59c5   _log
003f5a6f   _exp
003f5b0c   FS$$DIV
003f5b8f   FS$$SUB
003f5b94   FS$$ADD
003f5c07   _InitCpuTimers
003f5c48   _ConfigCpuTimer
003f5c7d   FS$$MPY
003f5cd7   _c_int00
003f5d1b   _ldexp
003f5d5a   _main
003f5d8a   FS$$TOL
003f5db3   _InitPieCtrl
003f5dd2   _EnableInterrupts
003f5ddb   _InitPieVectTable
003f5e00   FS$$TOI
003f5e25   FS$$TOU
003f5e42   I$$TOFS
003f5e5c   _InitI2C
003f5e5d   _InitI2CGpio
003f5e75   __args_main
003f5e8e   C$$EXIT
003f5e8e   _abort
003f5e90   _exit
003f5ea7   FS$$CMP
003f5ebe   _frexp
003f5ed2   U$$TOFS
003f5ee2   __register_unlock
003f5ee6   __register_lock
003f5eea   __nop
003f5ef3   ___cinit__
003f5ef3   ___etext__
003f5ef3   cinit
003f5ef3   etext
003f7ff6   code_start
003f7ff8   _CsmPwl
ffffffff   ___binit__
ffffffff   ___c_args__
ffffffff   ___pinit__
ffffffff   binit
ffffffff   pinit

[320 symbols]
