******************************************************************************
             TMS320C2000 Linker PC v6.2.5                      
******************************************************************************
>> Linked Tue Mar 13 13:14:13 2018

OUTPUT FILE NAME:   <Example_2803xI2C_eeprom.out>
ENTRY POINT SYMBOL: "code_start"  address: 003f7ff6


MEMORY CONFIGURATION

         name            origin    length      used     unused   attr    fill
----------------------  --------  ---------  --------  --------  ----  --------
PAGE 0:
  RAML0                 00008000   00000800  00000004  000007fc  RWIX
  RAML1                 00008800   00000400  00000000  00000400  RWIX
  OTP                   003d7800   00000400  00000000  00000400  RWIX
  FLASHH                003e8000   00002000  00000000  00002000  RWIX
  FLASHG                003ea000   00002000  00000000  00002000  RWIX
  FLASHF                003ec000   00002000  00000000  00002000  RWIX
  FLASHE                003ee000   00002000  00000000  00002000  RWIX
  FLASHD                003f0000   00002000  00000004  00001ffc  RWIX
  FLASHC                003f2000   00002000  0000017c  00001e84  RWIX
  FLASHA                003f4000   00003f80  00002369  00001c17  RWIX
  CSM_RSVD              003f7f80   00000076  00000000  00000076  RWIX
  BEGIN                 003f7ff6   00000002  00000002  00000000  RWIX
  CSM_PWL_P0            003f7ff8   00000008  00000000  00000008  RWIX
  IQTABLES              003fe000   00000b50  00000000  00000b50  RWIX
  IQTABLES2             003feb50   0000008c  00000000  0000008c  RWIX
  IQTABLES3             003febdc   000000aa  00000000  000000aa  RWIX
  ROM                   003ff27c   00000d44  00000000  00000d44  RWIX
  RESET                 003fffc0   00000002  00000000  00000002  RWIX
  VECTORS               003fffc2   0000003e  00000000  0000003e  RWIX

PAGE 1:
  BOOT_RSVD             00000000   00000050  00000000  00000050  RWIX
  RAMM0                 00000050   000003b0  00000380  00000030  RWIX
  RAMM1                 00000400   00000400  00000000  00000400  RWIX
  DEV_EMU               00000880   00000105  00000004  00000101  RWIX
  SYS_PWR_CTL           00000985   00000003  00000003  00000000  RWIX
  FLASH_REGS            00000a80   00000060  00000008  00000058  RWIX
  CSM                   00000ae0   00000010  00000010  00000000  RWIX
  ADC_RESULT            00000b00   00000020  00000020  00000000  RWIX
  CPU_TIMER0            00000c00   00000008  00000008  00000000  RWIX
  CPU_TIMER1            00000c08   00000008  00000008  00000000  RWIX
  CPU_TIMER2            00000c10   00000008  00000008  00000000  RWIX
  PIE_CTRL              00000ce0   00000020  0000001a  00000006  RWIX
  PIE_VECT              00000d00   00000100  00000100  00000000  RWIX
  CLA1                  00001400   00000080  00000040  00000040  RWIX
  ECANA                 00006000   00000040  00000034  0000000c  RWIX
  ECANA_LAM             00006040   00000040  00000040  00000000  RWIX
  ECANA_MOTS            00006080   00000040  00000040  00000000  RWIX
  ECANA_MOTO            000060c0   00000040  00000040  00000000  RWIX
  ECANA_MBOX            00006100   00000100  00000100  00000000  RWIX
  COMP1                 00006400   00000020  00000014  0000000c  RWIX
  COMP2                 00006420   00000020  00000014  0000000c  RWIX
  COMP3                 00006440   00000020  00000014  0000000c  RWIX
  EPWM1                 00006800   00000040  00000040  00000000  RWIX
  EPWM2                 00006840   00000040  00000040  00000000  RWIX
  EPWM3                 00006880   00000040  00000040  00000000  RWIX
  EPWM4                 000068c0   00000040  00000040  00000000  RWIX
  EPWM5                 00006900   00000040  00000040  00000000  RWIX
  EPWM6                 00006940   00000040  00000040  00000000  RWIX
  EPWM7                 00006980   00000040  00000040  00000000  RWIX
  ECAP1                 00006a00   00000020  00000020  00000000  RWIX
  HRCAP1                00006ac0   00000020  00000020  00000000  RWIX
  HRCAP2                00006ae0   00000020  00000020  00000000  RWIX
  EQEP1                 00006b00   00000040  00000040  00000000  RWIX
  LINA                  00006c00   00000080  0000004a  00000036  RWIX
  GPIOCTRL              00006f80   00000040  00000040  00000000  RWIX
  GPIODAT               00006fc0   00000020  00000020  00000000  RWIX
  GPIOINT               00006fe0   00000020  0000000c  00000014  RWIX
  SYSTEM                00007010   00000020  00000020  00000000  RWIX
  SPIA                  00007040   00000010  00000010  00000000  RWIX
  SCIA                  00007050   00000010  00000010  00000000  RWIX
  NMIINTRUPT            00007060   00000010  00000010  00000000  RWIX
  XINTRUPT              00007070   00000010  00000010  00000000  RWIX
  ADC                   00007100   00000080  00000050  00000030  RWIX
  SPIB                  00007740   00000010  00000010  00000000  RWIX
  I2CA                  00007900   00000040  00000022  0000001e  RWIX
  RAML2                 00008c00   00000400  000001b0  00000250  RWIX
  RAML3                 00009000   00001000  00000000  00001000  RWIX
  PARTID                003d7e80   00000001  00000001  00000000  RWIX
  CSM_PWL               003f7ff8   00000008  00000008  00000000  RWIX


SECTION ALLOCATION MAP

 output                                  attributes/
section   page    origin      length       input sections
--------  ----  ----------  ----------   ----------------
.pinit     0    003f4000    00000000     UNINITIALIZED

ramfuncs   0    003f0000    00000004     RUN ADDR = 00008000
                  003f0000    00000004     DSP2803x_usDelay.obj (ramfuncs)

.econst    0    003f2000    00000100     
                  003f2000    00000100     DSP2803x_PieVect.obj (.econst)

.switch    0    003f2100    0000007c     
                  003f2100    00000060     User_CAN.obj (.switch:_CANSlaveReception)
                  003f2160    0000001c     User_CAN.obj (.switch:_CANSlaveConfig)

.text      0    003f4000    00002219     
                  003f4000    00000bba     User_Functions.obj (.text)
                  003f4bba    00000697     User_CAN.obj (.text)
                  003f5251    0000037b     User_Interrupts.obj (.text:retain)
                  003f55cc    000001a9     DSP2803x_Adc.obj (.text)
                  003f5775    0000017c     DSP2803x_DefaultIsr.obj (.text:retain)
                  003f58f1    0000013b     DSP2803x_SysCtrl.obj (.text)
                  003f5a2c    00000102     User_ADC.obj (.text)
                  003f5b2e    000000ee     User_I2C.obj (.text)
                  003f5c1c    000000cd     User_BQ.obj (.text)
                  003f5ce9    000000aa     rts2800_ml.lib : log.obj (.text)
                  003f5d93    0000009d                    : exp.obj (.text)
                  003f5e30    00000083                    : fs_div.obj (.text)
                  003f5eb3    00000078                    : fs_add.obj (.text)
                  003f5f2b    00000076     DSP2803x_CpuTimers.obj (.text)
                  003f5fa1    0000005a     rts2800_ml.lib : fs_mpy.obj (.text)
                  003f5ffb    00000044                    : boot.obj (.text)
                  003f603f    0000003f                    : ldexp.obj (.text)
                  003f607e    00000032     Main.obj (.text)
                  003f60b0    00000029     rts2800_ml.lib : fs_tol.obj (.text)
                  003f60d9    00000028     DSP2803x_PieCtrl.obj (.text)
                  003f6101    00000025     DSP2803x_PieVect.obj (.text)
                  003f6126    00000025     rts2800_ml.lib : fs_toi.obj (.text)
                  003f614b    0000001d                    : fs_tou.obj (.text)
                  003f6168    0000001a                    : i_tofs.obj (.text)
                  003f6182    00000019     DSP2803x_I2C.obj (.text)
                  003f619b    00000019     rts2800_ml.lib : args_main.obj (.text)
                  003f61b4    00000019                    : exit.obj (.text)
                  003f61cd    00000017                    : fs_cmp.obj (.text)
                  003f61e4    00000014                    : frexp.obj (.text)
                  003f61f8    00000010                    : u_tofs.obj (.text)
                  003f6208    00000009                    : _lock.obj (.text)
                  003f6211    00000008     DSP2803x_CodeStartBranch.obj (.text)

.cinit     0    003f6219    00000150     
                  003f6219    0000011e     User_Globals.obj (.cinit)
                  003f6337    0000000a     User_Interrupts.obj (.cinit)
                  003f6341    0000000a     rts2800_ml.lib : _lock.obj (.cinit)
                  003f634b    0000000a                    : exit.obj (.cinit)
                  003f6355    00000009     User_CAN.obj (.cinit)
                  003f635e    00000005     User_Functions.obj (.cinit)
                  003f6363    00000004     rts2800_ml.lib : errno.obj (.cinit)
                  003f6367    00000002     --HOLE-- [fill = 0]

codestart 
*          0    003f7ff6    00000002     
                  003f7ff6    00000002     DSP2803x_CodeStartBranch.obj (codestart)

.reset     0    003fffc0    00000002     DSECT
                  003fffc0    00000002     rts2800_ml.lib : boot.obj (.reset)

vectors    0    003fffc2    00000000     DSECT

.stack     1    00000050    00000380     UNINITIALIZED
                  00000050    00000380     --HOLE--

DevEmuRegsFile 
*          1    00000880    00000004     UNINITIALIZED
                  00000880    00000004     DSP2803x_GlobalVariableDefs.obj (DevEmuRegsFile)

SysPwrCtrlRegsFile 
*          1    00000985    00000003     UNINITIALIZED
                  00000985    00000003     DSP2803x_GlobalVariableDefs.obj (SysPwrCtrlRegsFile)

FlashRegsFile 
*          1    00000a80    00000008     UNINITIALIZED
                  00000a80    00000008     DSP2803x_GlobalVariableDefs.obj (FlashRegsFile)

CsmRegsFile 
*          1    00000ae0    00000010     UNINITIALIZED
                  00000ae0    00000010     DSP2803x_GlobalVariableDefs.obj (CsmRegsFile)

AdcResultFile 
*          1    00000b00    00000020     UNINITIALIZED
                  00000b00    00000020     DSP2803x_GlobalVariableDefs.obj (AdcResultFile)

CpuTimer0RegsFile 
*          1    00000c00    00000008     UNINITIALIZED
                  00000c00    00000008     DSP2803x_GlobalVariableDefs.obj (CpuTimer0RegsFile)

CpuTimer1RegsFile 
*          1    00000c08    00000008     UNINITIALIZED
                  00000c08    00000008     DSP2803x_GlobalVariableDefs.obj (CpuTimer1RegsFile)

CpuTimer2RegsFile 
*          1    00000c10    00000008     UNINITIALIZED
                  00000c10    00000008     DSP2803x_GlobalVariableDefs.obj (CpuTimer2RegsFile)

PieCtrlRegsFile 
*          1    00000ce0    0000001a     UNINITIALIZED
                  00000ce0    0000001a     DSP2803x_GlobalVariableDefs.obj (PieCtrlRegsFile)

PieVectTableFile 
*          1    00000d00    00000100     UNINITIALIZED
                  00000d00    00000100     DSP2803x_GlobalVariableDefs.obj (PieVectTableFile)

EmuKeyVar 
*          1    00000d00    00000001     UNINITIALIZED
                  00000d00    00000001     DSP2803x_GlobalVariableDefs.obj (EmuKeyVar)

EmuBModeVar 
*          1    00000d01    00000001     UNINITIALIZED
                  00000d01    00000001     DSP2803x_GlobalVariableDefs.obj (EmuBModeVar)

FlashCallbackVar 
*          1    00000d02    00000002     UNINITIALIZED
                  00000d02    00000002     DSP2803x_GlobalVariableDefs.obj (FlashCallbackVar)

FlashScalingVar 
*          1    00000d04    00000002     UNINITIALIZED
                  00000d04    00000002     DSP2803x_GlobalVariableDefs.obj (FlashScalingVar)

Cla1RegsFile 
*          1    00001400    00000040     UNINITIALIZED
                  00001400    00000040     DSP2803x_GlobalVariableDefs.obj (Cla1RegsFile)

ECanaRegsFile 
*          1    00006000    00000034     UNINITIALIZED
                  00006000    00000034     DSP2803x_GlobalVariableDefs.obj (ECanaRegsFile)

ECanaLAMRegsFile 
*          1    00006040    00000040     UNINITIALIZED
                  00006040    00000040     DSP2803x_GlobalVariableDefs.obj (ECanaLAMRegsFile)

ECanaMOTSRegsFile 
*          1    00006080    00000040     UNINITIALIZED
                  00006080    00000040     DSP2803x_GlobalVariableDefs.obj (ECanaMOTSRegsFile)

ECanaMOTORegsFile 
*          1    000060c0    00000040     UNINITIALIZED
                  000060c0    00000040     DSP2803x_GlobalVariableDefs.obj (ECanaMOTORegsFile)

ECanaMboxesFile 
*          1    00006100    00000100     UNINITIALIZED
                  00006100    00000100     DSP2803x_GlobalVariableDefs.obj (ECanaMboxesFile)

Comp1RegsFile 
*          1    00006400    00000014     UNINITIALIZED
                  00006400    00000014     DSP2803x_GlobalVariableDefs.obj (Comp1RegsFile)

Comp2RegsFile 
*          1    00006420    00000014     UNINITIALIZED
                  00006420    00000014     DSP2803x_GlobalVariableDefs.obj (Comp2RegsFile)

Comp3RegsFile 
*          1    00006440    00000014     UNINITIALIZED
                  00006440    00000014     DSP2803x_GlobalVariableDefs.obj (Comp3RegsFile)

EPwm1RegsFile 
*          1    00006800    00000040     UNINITIALIZED
                  00006800    00000040     DSP2803x_GlobalVariableDefs.obj (EPwm1RegsFile)

EPwm2RegsFile 
*          1    00006840    00000040     UNINITIALIZED
                  00006840    00000040     DSP2803x_GlobalVariableDefs.obj (EPwm2RegsFile)

EPwm3RegsFile 
*          1    00006880    00000040     UNINITIALIZED
                  00006880    00000040     DSP2803x_GlobalVariableDefs.obj (EPwm3RegsFile)

EPwm4RegsFile 
*          1    000068c0    00000040     UNINITIALIZED
                  000068c0    00000040     DSP2803x_GlobalVariableDefs.obj (EPwm4RegsFile)

EPwm5RegsFile 
*          1    00006900    00000040     UNINITIALIZED
                  00006900    00000040     DSP2803x_GlobalVariableDefs.obj (EPwm5RegsFile)

EPwm6RegsFile 
*          1    00006940    00000040     UNINITIALIZED
                  00006940    00000040     DSP2803x_GlobalVariableDefs.obj (EPwm6RegsFile)

EPwm7RegsFile 
*          1    00006980    00000040     UNINITIALIZED
                  00006980    00000040     DSP2803x_GlobalVariableDefs.obj (EPwm7RegsFile)

ECap1RegsFile 
*          1    00006a00    00000020     UNINITIALIZED
                  00006a00    00000020     DSP2803x_GlobalVariableDefs.obj (ECap1RegsFile)

HRCap1RegsFile 
*          1    00006ac0    00000020     UNINITIALIZED
                  00006ac0    00000020     DSP2803x_GlobalVariableDefs.obj (HRCap1RegsFile)

HRCap2RegsFile 
*          1    00006ae0    00000020     UNINITIALIZED
                  00006ae0    00000020     DSP2803x_GlobalVariableDefs.obj (HRCap2RegsFile)

EQep1RegsFile 
*          1    00006b00    00000040     UNINITIALIZED
                  00006b00    00000040     DSP2803x_GlobalVariableDefs.obj (EQep1RegsFile)

LinaRegsFile 
*          1    00006c00    0000004a     UNINITIALIZED
                  00006c00    0000004a     DSP2803x_GlobalVariableDefs.obj (LinaRegsFile)

GpioCtrlRegsFile 
*          1    00006f80    00000040     UNINITIALIZED
                  00006f80    00000040     DSP2803x_GlobalVariableDefs.obj (GpioCtrlRegsFile)

GpioDataRegsFile 
*          1    00006fc0    00000020     UNINITIALIZED
                  00006fc0    00000020     DSP2803x_GlobalVariableDefs.obj (GpioDataRegsFile)

GpioIntRegsFile 
*          1    00006fe0    0000000c     UNINITIALIZED
                  00006fe0    0000000c     DSP2803x_GlobalVariableDefs.obj (GpioIntRegsFile)

SysCtrlRegsFile 
*          1    00007010    00000020     UNINITIALIZED
                  00007010    00000020     DSP2803x_GlobalVariableDefs.obj (SysCtrlRegsFile)

SpiaRegsFile 
*          1    00007040    00000010     UNINITIALIZED
                  00007040    00000010     DSP2803x_GlobalVariableDefs.obj (SpiaRegsFile)

SciaRegsFile 
*          1    00007050    00000010     UNINITIALIZED
                  00007050    00000010     DSP2803x_GlobalVariableDefs.obj (SciaRegsFile)

NmiIntruptRegsFile 
*          1    00007060    00000010     UNINITIALIZED
                  00007060    00000010     DSP2803x_GlobalVariableDefs.obj (NmiIntruptRegsFile)

XIntruptRegsFile 
*          1    00007070    00000010     UNINITIALIZED
                  00007070    00000010     DSP2803x_GlobalVariableDefs.obj (XIntruptRegsFile)

AdcRegsFile 
*          1    00007100    00000050     UNINITIALIZED
                  00007100    00000050     DSP2803x_GlobalVariableDefs.obj (AdcRegsFile)

SpibRegsFile 
*          1    00007740    00000010     UNINITIALIZED
                  00007740    00000010     DSP2803x_GlobalVariableDefs.obj (SpibRegsFile)

I2caRegsFile 
*          1    00007900    00000022     UNINITIALIZED
                  00007900    00000022     DSP2803x_GlobalVariableDefs.obj (I2caRegsFile)

.ebss      1    00008c00    000001b0     UNINITIALIZED
                  00008c00    00000160     User_Globals.obj (.ebss)
                  00008d60    00000018     DSP2803x_CpuTimers.obj (.ebss)
                  00008d78    00000006     User_Functions.obj (.ebss)
                  00008d7e    00000001     rts2800_ml.lib : errno.obj (.ebss)
                  00008d7f    00000001     --HOLE--
                  00008d80    00000024     User_Interrupts.obj (.ebss)
                  00008da4    00000004     User_CAN.obj (.ebss)
                  00008da8    00000004     rts2800_ml.lib : _lock.obj (.ebss)
                  00008dac    00000004                    : exit.obj (.ebss)

PartIdRegsFile 
*          1    003d7e80    00000001     UNINITIALIZED
                  003d7e80    00000001     DSP2803x_GlobalVariableDefs.obj (PartIdRegsFile)

CsmPwlFile 
*          1    003f7ff8    00000008     UNINITIALIZED
                  003f7ff8    00000008     DSP2803x_GlobalVariableDefs.obj (CsmPwlFile)


GLOBAL DATA SYMBOLS: SORTED BY DATA PAGE

address     data page           name
--------    ----------------    ----
00000050       1 (00000040)     __stack

00000880      22 (00000880)     _DevEmuRegs

00000985      26 (00000980)     _SysPwrCtrlRegs

00000a80      2a (00000a80)     _FlashRegs

00000ae0      2b (00000ac0)     _CsmRegs

00000b00      2c (00000b00)     _AdcResult

00000c00      30 (00000c00)     _CpuTimer0Regs
00000c08      30 (00000c00)     _CpuTimer1Regs
00000c10      30 (00000c00)     _CpuTimer2Regs

00000ce0      33 (00000cc0)     _PieCtrlRegs

00000d00      34 (00000d00)     _EmuKey
00000d00      34 (00000d00)     _PieVectTable
00000d01      34 (00000d00)     _EmuBMode
00000d02      34 (00000d00)     _Flash_CallbackPtr
00000d04      34 (00000d00)     _Flash_CPUScaleFactor

00001400      50 (00001400)     _Cla1Regs

00006000     180 (00006000)     _ECanaRegs

00006040     181 (00006040)     _ECanaLAMRegs

00006080     182 (00006080)     _ECanaMOTSRegs

000060c0     183 (000060c0)     _ECanaMOTORegs

00006100     184 (00006100)     _ECanaMboxes

00006400     190 (00006400)     _Comp1Regs
00006420     190 (00006400)     _Comp2Regs

00006440     191 (00006440)     _Comp3Regs

00006800     1a0 (00006800)     _EPwm1Regs

00006840     1a1 (00006840)     _EPwm2Regs

00006880     1a2 (00006880)     _EPwm3Regs

000068c0     1a3 (000068c0)     _EPwm4Regs

00006900     1a4 (00006900)     _EPwm5Regs

00006940     1a5 (00006940)     _EPwm6Regs

00006980     1a6 (00006980)     _EPwm7Regs

00006a00     1a8 (00006a00)     _ECap1Regs

00006ac0     1ab (00006ac0)     _HRCap1Regs
00006ae0     1ab (00006ac0)     _HRCap2Regs

00006b00     1ac (00006b00)     _EQep1Regs

00006c00     1b0 (00006c00)     _LinaRegs

00006f80     1be (00006f80)     _GpioCtrlRegs

00006fc0     1bf (00006fc0)     _GpioDataRegs
00006fe0     1bf (00006fc0)     _GpioIntRegs

00007010     1c0 (00007000)     _SysCtrlRegs

00007040     1c1 (00007040)     _SpiaRegs
00007050     1c1 (00007040)     _SciaRegs
00007060     1c1 (00007040)     _NmiIntruptRegs
00007070     1c1 (00007040)     _XIntruptRegs

00007100     1c4 (00007100)     _AdcRegs

00007740     1dd (00007740)     _SpibRegs

00007900     1e4 (00007900)     _I2caRegs

00008c00     230 (00008c00)     _CANcounter
00008c01     230 (00008c00)     _rus
00008c02     230 (00008c00)     _Cell_B2
00008c03     230 (00008c00)     _system_status
00008c04     230 (00008c00)     _Charger_status
00008c05     230 (00008c00)     _Cell_B1
00008c06     230 (00008c00)     _Auxilliary_counter
00008c07     230 (00008c00)     _counter_50Hz
00008c08     230 (00008c00)     _Current_Counter
00008c09     230 (00008c00)     _Cell_B3
00008c0a     230 (00008c00)     _current_int
00008c0b     230 (00008c00)     _Current_Sum
00008c0c     230 (00008c00)     _NodeID
00008c0d     230 (00008c00)     _Received
00008c0e     230 (00008c00)     _flagTemp
00008c0f     230 (00008c00)     _DataOut
00008c10     230 (00008c00)     _flagVoltage
00008c11     230 (00008c00)     _flagCharged
00008c12     230 (00008c00)     _DataOut2
00008c13     230 (00008c00)     _flagCurrent
00008c14     230 (00008c00)     _flagDischarged
00008c15     230 (00008c00)     _counter_2Hz
00008c16     230 (00008c00)     _balance
00008c18     230 (00008c00)     _Tmin
00008c1a     230 (00008c00)     _Vcritical
00008c1c     230 (00008c00)     _AuxChargeTime
00008c1e     230 (00008c00)     _Vchargedflagreset
00008c20     230 (00008c00)     _SOC
00008c22     230 (00008c00)     _Vbalance
00008c24     230 (00008c00)     _Vcharge
00008c26     230 (00008c00)     _Imax
00008c28     230 (00008c00)     _Tmax
00008c2a     230 (00008c00)     _Vauxmin
00008c2c     230 (00008c00)     _Imin
00008c2e     230 (00008c00)     _SOH_avg
00008c30     230 (00008c00)     _SOH_max
00008c32     230 (00008c00)     _SOCc
00008c34     230 (00008c00)     _ChgCurrent
00008c36     230 (00008c00)     _SOCv
00008c38     230 (00008c00)     _resistance_temp
00008c3a     230 (00008c00)     _dI
00008c3c     230 (00008c00)     _Current_old
00008c3e     230 (00008c00)     _resistance

00008c40     231 (00008c40)     _kp_multiplier
00008c42     231 (00008c40)     _balancing_upper_level
00008c44     231 (00008c40)     _Vdischargedflagreset
00008c46     231 (00008c40)     _kp_constant
00008c48     231 (00008c40)     _Ifilter
00008c4a     231 (00008c40)     _Wsoc
00008c4c     231 (00008c40)     _SOH_max_cell
00008c4e     231 (00008c40)     _Current_CAL
00008c50     231 (00008c40)     _SOC_t
00008c52     231 (00008c40)     _current_reference
00008c54     231 (00008c40)     _Temperature_high
00008c56     231 (00008c40)     _ChargerCurrent
00008c58     231 (00008c40)     _Temperature_high_cell
00008c5a     231 (00008c40)     _Temperature_low_cell
00008c5c     231 (00008c40)     _ChargerVoltage
00008c5e     231 (00008c40)     _Temperature_low
00008c60     231 (00008c40)     _Voltage_low
00008c62     231 (00008c40)     _Voltage_low_cell
00008c64     231 (00008c40)     _Voltage_high
00008c66     231 (00008c40)     _Temperature_avg
00008c68     231 (00008c40)     _Current
00008c6a     231 (00008c40)     _Voltage_high_cell
00008c6c     231 (00008c40)     _Vmin
00008c6e     231 (00008c40)     _test_current
00008c70     231 (00008c40)     _ref
00008c72     231 (00008c40)     _CurrentMsgPtr
00008c74     231 (00008c40)     _Vmax
00008c76     231 (00008c40)     _balancing_bottom_level
00008c78     231 (00008c40)     _Auxilliary_Voltage
00008c7a     231 (00008c40)     _ADCgain
00008c7c     231 (00008c40)     _ADCoffset
00008c7e     231 (00008c40)     _I

00008c80     232 (00008c80)     _Ah
00008c82     232 (00008c80)     _Voltage_total
00008c84     232 (00008c80)     _Voltage_avg
00008c86     232 (00008c80)     _sine_table
00008c8c     232 (00008c80)     _test_blah
00008c92     232 (00008c80)     _I2cMsgIn1
00008c9b     232 (00008c80)     _I2cMsgOut1
00008ca4     232 (00008c80)     _sine_y
00008cae     232 (00008c80)     _sine_x

00008cc0     233 (00008cc0)     _Toets_current_sum
00008cca     233 (00008cc0)     _Temperatures_resistance

00008d00     234 (00008d00)     _Voltages_old
00008d1e     234 (00008d00)     _Voltages

00008d40     235 (00008d40)     _Temperatures
00008d60     235 (00008d40)     _CpuTimer1
00008d68     235 (00008d40)     _CpuTimer2
00008d70     235 (00008d40)     _CpuTimer0
00008d7e     235 (00008d40)     _errno

00008da8     236 (00008d80)     __unlock
00008daa     236 (00008d80)     __lock
00008dac     236 (00008d80)     ___TI_cleanup_ptr
00008dae     236 (00008d80)     ___TI_dtors_ptr

003d7e80    f5fa (003d7e80)     _PartIdRegs

003f2000    fc80 (003f2000)     _PieVectTableInit

003f7ff8    fdff (003f7fc0)     _CsmPwl


GLOBAL SYMBOLS: SORTED ALPHABETICALLY BY Name 

address    name
--------   ----
003f4000   .text
003f61b4   C$$EXIT
003f5eb8   FS$$ADD
003f61cd   FS$$CMP
003f5e30   FS$$DIV
003f5fa1   FS$$MPY
003f5eb3   FS$$SUB
003f6126   FS$$TOI
003f60b0   FS$$TOL
003f614b   FS$$TOU
003f6168   I$$TOFS
003f61f8   U$$TOFS
003f57d4   _ADCINT1_ISR
003f57d9   _ADCINT2_ISR
003f588d   _ADCINT3_ISR
003f5892   _ADCINT4_ISR
003f5897   _ADCINT5_ISR
003f589c   _ADCINT6_ISR
003f58a1   _ADCINT7_ISR
003f58a6   _ADCINT8_ISR
003f57e8   _ADCINT9_ISR
00008c7a   _ADCgain
00008c7c   _ADCoffset
003f563b   _AdcChanSelect
003f564e   _AdcConversion
003f5614   _AdcOffsetSelfCal
00007100   _AdcRegs
00000b00   _AdcResult
00008c80   _Ah
00008c1c   _AuxChargeTime
00008c78   _Auxilliary_Voltage
00008c06   _Auxilliary_counter
003f472b   _Balance
003f5c2d   _Bq76940_Init
003f4cb7   _CANChargerReception
003f4c99   _CANInterruptConfig
003f4c58   _CANMailboxConfig
003f4bc1   _CANSetup
003f50a4   _CANSlaveConfig
003f4e1f   _CANSlaveReception
003f5230   _CANTransmit
003f4bba   _CAN_Init
00008c00   _CANcounter
003f58ab   _CLA1_INT1_ISR
003f58b0   _CLA1_INT2_ISR
003f58b5   _CLA1_INT3_ISR
003f58ba   _CLA1_INT4_ISR
003f58bf   _CLA1_INT5_ISR
003f58c4   _CLA1_INT6_ISR
003f58c9   _CLA1_INT7_ISR
003f58ce   _CLA1_INT8_ISR
003f4908   _CRC8
003f435a   _Calculate_Current
003f4a25   _Calculate_SOC
003f42c2   _Calculate_SOH
003f4af6   _Calibrate_Current
003f4b24   _Calibrate_Current_charger
00008c05   _Cell_B1
00008c02   _Cell_B2
00008c09   _Cell_B3
00008c56   _ChargerCurrent
00008c5c   _ChargerVoltage
00008c04   _Charger_status
003f4931   _ChgCalculator
00008c34   _ChgCurrent
00001400   _Cla1Regs
00006400   _Comp1Regs
00006420   _Comp2Regs
00006440   _Comp3Regs
003f5f6c   _ConfigCpuTimer
00008d70   _CpuTimer0
00000c00   _CpuTimer0Regs
00008d60   _CpuTimer1
00000c08   _CpuTimer1Regs
00008d68   _CpuTimer2
00000c10   _CpuTimer2Regs
003f7ff8   _CsmPwl
00000ae0   _CsmRegs
003f59ad   _CsmUnlock
00008c68   _Current
00008c72   _CurrentMsgPtr
00008c4e   _Current_CAL
00008c08   _Current_Counter
00008c0b   _Current_Sum
00008c3c   _Current_old
003f577f   _DATALOG_ISR
00008000   _DSP28x_usDelay
00008c0f   _DataOut
00008c12   _DataOut2
00000880   _DevEmuRegs
003f5915   _DisableDog
003f5883   _ECAN0INTA_ISR
003f5888   _ECAN1INTA_ISR
003f583d   _ECAP1_INT_ISR
00006040   _ECanaLAMRegs
000060c0   _ECanaMOTORegs
00006080   _ECanaMOTSRegs
00006100   _ECanaMboxes
00006000   _ECanaRegs
00006a00   _ECap1Regs
003f58e2   _EMPTY_ISR
003f5789   _EMUINT_ISR
003f581a   _EPWM1_INT_ISR
003f57f7   _EPWM1_TZINT_ISR
003f581f   _EPWM2_INT_ISR
003f57fc   _EPWM2_TZINT_ISR
003f5824   _EPWM3_INT_ISR
003f5801   _EPWM3_TZINT_ISR
003f5829   _EPWM4_INT_ISR
003f5806   _EPWM4_TZINT_ISR
003f582e   _EPWM5_INT_ISR
003f580b   _EPWM5_TZINT_ISR
003f5833   _EPWM6_INT_ISR
003f5810   _EPWM6_TZINT_ISR
003f5838   _EPWM7_INT_ISR
003f5815   _EPWM7_TZINT_ISR
00006800   _EPwm1Regs
00006840   _EPwm2Regs
00006880   _EPwm3Regs
000068c0   _EPwm4Regs
00006900   _EPwm5Regs
00006940   _EPwm6Regs
00006980   _EPwm7Regs
003f584c   _EQEP1_INT_ISR
00006b00   _EQep1Regs
00000d01   _EmuBMode
00000d00   _EmuKey
003f60f8   _EnableInterrupts
003f5a16   _ExtOscSel
00000a80   _FlashRegs
00000d04   _Flash_CPUScaleFactor
00000d02   _Flash_CallbackPtr
00006f80   _GpioCtrlRegs
00006fc0   _GpioDataRegs
00006fe0   _GpioIntRegs
003f5842   _HRCAP1_INT_ISR
003f5847   _HRCAP2_INT_ISR
00006ac0   _HRCap1Regs
00006ae0   _HRCap2Regs
00008c7e   _I
003f5b2e   _I2CA_Init
003f5b89   _I2CA_ReadData
003f5b41   _I2CA_WriteData
003f5865   _I2CINT1A_ISR
003f586a   _I2CINT2A_ISR
00008c92   _I2cMsgIn1
00008c9b   _I2cMsgOut1
00007900   _I2caRegs
003f5793   _ILLEGAL_ISR
003f5775   _INT13_ISR
003f577a   _INT14_ISR
00008c48   _Ifilter
00008c26   _Imax
00008c2c   _Imin
003f55cc   _InitAdc
003f55f2   _InitAdcAio
003f5f2b   _InitCpuTimers
003f6182   _InitI2C
003f6183   _InitI2CGpio
003f5971   _InitPeripheralClocks
003f60d9   _InitPieCtrl
003f6101   _InitPieVectTable
003f591d   _InitPll
003f58f1   _InitSysCtrl
003f4089   _Init_Gpio
003f4000   _Initialise_BMS
003f59de   _IntOsc1Sel
003f59ee   _IntOsc2Sel
003f5879   _LIN0INTA_ISR
003f587e   _LIN1INTA_ISR
003f58dd   _LUF_ISR
003f58d8   _LVF_ISR
00006c00   _LinaRegs
003f578e   _NMI_ISR
00007060   _NmiIntruptRegs
00008c0c   _NodeID
003f58e7   _PIE_RESERVED
003d7e80   _PartIdRegs
00000ce0   _PieCtrlRegs
00000d00   _PieVectTable
003f2000   _PieVectTableInit
003f437c   _Process_System_Status
003f41f4   _Process_Voltages
003f5784   _RTOSINT_ISR
003f0004   _RamfuncsLoadEnd
003f0000   _RamfuncsLoadStart
00008000   _RamfuncsRunStart
003f40ec   _Read_Cell_Voltages
003f4372   _Read_System_Status
003f4385   _Read_Temperatures
00008c0d   _Received
003f5b21   _Reset_ADC
003f586f   _SCIRXINTA_ISR
003f5874   _SCITXINTA_ISR
00008c20   _SOC
00008c50   _SOC_t
00008c32   _SOCc
00008c36   _SOCv
00008c2e   _SOH_avg
00008c30   _SOH_max
00008c4c   _SOH_max_cell
003f5851   _SPIRXINTA_ISR
003f585b   _SPIRXINTB_ISR
003f5856   _SPITXINTA_ISR
003f5860   _SPITXINTB_ISR
00007050   _SciaRegs
003f590b   _ServiceDog
003f5c1c   _Shut_D_BQ
00007040   _SpiaRegs
00007740   _SpibRegs
00007010   _SysCtrlRegs
00000985   _SysPwrCtrlRegs
003f57ed   _TINT0_ISR
00008c66   _Temperature_avg
00008c54   _Temperature_high
00008c58   _Temperature_high_cell
00008c5e   _Temperature_low
00008c5a   _Temperature_low_cell
00008d40   _Temperatures
00008cca   _Temperatures_resistance
00008c28   _Tmax
00008c18   _Tmin
00008cc0   _Toets_current_sum
003f40e7   _Toggle_LED
003f57c5   _USER10_ISR
003f57ca   _USER11_ISR
003f57cf   _USER12_ISR
003f5798   _USER1_ISR
003f579d   _USER2_ISR
003f57a2   _USER3_ISR
003f57a7   _USER4_ISR
003f57ac   _USER5_ISR
003f57b1   _USER6_ISR
003f57b6   _USER7_ISR
003f57bb   _USER8_ISR
003f57c0   _USER9_ISR
00008c2a   _Vauxmin
00008c22   _Vbalance
00008c24   _Vcharge
00008c1e   _Vchargedflagreset
00008c1a   _Vcritical
00008c44   _Vdischargedflagreset
00008c74   _Vmax
00008c6c   _Vmin
00008c84   _Voltage_avg
00008c64   _Voltage_high
00008c6a   _Voltage_high_cell
00008c60   _Voltage_low
00008c62   _Voltage_low_cell
00008c82   _Voltage_total
00008d1e   _Voltages
00008d00   _Voltages_old
003f57f2   _WAKEINT_ISR
00008c4a   _Wsoc
003f57de   _XINT1_ISR
003f57e3   _XINT2_ISR
003f58d3   _XINT3_ISR
00007070   _XIntruptRegs
003f5a02   _XtalOscSel
000003d0   __STACK_END
00000380   __STACK_SIZE
00000001   __TI_args_main
00008dac   ___TI_cleanup_ptr
00008dae   ___TI_dtors_ptr
ffffffff   ___binit__
ffffffff   ___c_args__
003f6219   ___cinit__
003f6219   ___etext__
ffffffff   ___pinit__
003f4000   ___text__
003f619b   __args_main
00008daa   __lock
003f6210   __nop
003f620c   __register_lock
003f6208   __register_unlock
00000050   __stack
00008da8   __unlock
003f61b4   _abort
003f5251   _adc_isr
00008c16   _balance
00008c76   _balancing_bottom_level
00008c42   _balancing_upper_level
003f5ffb   _c_int00
003f5579   _can_rx_isr
003f55af   _can_tx_isr
003f5a2c   _configADC
00008c15   _counter_2Hz
00008c07   _counter_50Hz
003f52e7   _cpu_timer0_isr
003f54b9   _cpu_timer1_isr
003f5529   _cpu_timer2_isr
00008c0a   _current_int
00008c52   _current_reference
00008c3a   _dI
00008d7e   _errno
003f61b6   _exit
003f5d93   _exp
00008c11   _flagCharged
00008c13   _flagCurrent
00008c14   _flagDischarged
00008c0e   _flagTemp
00008c10   _flagVoltage
003f61e4   _frexp
003f5535   _i2c_int1a_isr
003f496f   _interpolate_segment
003f49a2   _interpolate_table_1d
00008c46   _kp_constant
00008c40   _kp_multiplier
003f603f   _ldexp
003f5ce9   _log
003f607e   _main
00008c70   _ref
00008c3e   _resistance
00008c38   _resistance_temp
003f58ec   _rsvd_ISR
00008c01   _rus
00008c86   _sine_table
00008cae   _sine_x
00008ca4   _sine_y
00008c03   _system_status
00008c8c   _test_blah
00008c6e   _test_current
ffffffff   binit
003f6219   cinit
003f7ff6   code_start
003f6219   etext
ffffffff   pinit


GLOBAL SYMBOLS: SORTED BY Symbol Address 

address    name
--------   ----
00000001   __TI_args_main
00000050   __stack
00000380   __STACK_SIZE
000003d0   __STACK_END
00000880   _DevEmuRegs
00000985   _SysPwrCtrlRegs
00000a80   _FlashRegs
00000ae0   _CsmRegs
00000b00   _AdcResult
00000c00   _CpuTimer0Regs
00000c08   _CpuTimer1Regs
00000c10   _CpuTimer2Regs
00000ce0   _PieCtrlRegs
00000d00   _EmuKey
00000d00   _PieVectTable
00000d01   _EmuBMode
00000d02   _Flash_CallbackPtr
00000d04   _Flash_CPUScaleFactor
00001400   _Cla1Regs
00006000   _ECanaRegs
00006040   _ECanaLAMRegs
00006080   _ECanaMOTSRegs
000060c0   _ECanaMOTORegs
00006100   _ECanaMboxes
00006400   _Comp1Regs
00006420   _Comp2Regs
00006440   _Comp3Regs
00006800   _EPwm1Regs
00006840   _EPwm2Regs
00006880   _EPwm3Regs
000068c0   _EPwm4Regs
00006900   _EPwm5Regs
00006940   _EPwm6Regs
00006980   _EPwm7Regs
00006a00   _ECap1Regs
00006ac0   _HRCap1Regs
00006ae0   _HRCap2Regs
00006b00   _EQep1Regs
00006c00   _LinaRegs
00006f80   _GpioCtrlRegs
00006fc0   _GpioDataRegs
00006fe0   _GpioIntRegs
00007010   _SysCtrlRegs
00007040   _SpiaRegs
00007050   _SciaRegs
00007060   _NmiIntruptRegs
00007070   _XIntruptRegs
00007100   _AdcRegs
00007740   _SpibRegs
00007900   _I2caRegs
00008000   _DSP28x_usDelay
00008000   _RamfuncsRunStart
00008c00   _CANcounter
00008c01   _rus
00008c02   _Cell_B2
00008c03   _system_status
00008c04   _Charger_status
00008c05   _Cell_B1
00008c06   _Auxilliary_counter
00008c07   _counter_50Hz
00008c08   _Current_Counter
00008c09   _Cell_B3
00008c0a   _current_int
00008c0b   _Current_Sum
00008c0c   _NodeID
00008c0d   _Received
00008c0e   _flagTemp
00008c0f   _DataOut
00008c10   _flagVoltage
00008c11   _flagCharged
00008c12   _DataOut2
00008c13   _flagCurrent
00008c14   _flagDischarged
00008c15   _counter_2Hz
00008c16   _balance
00008c18   _Tmin
00008c1a   _Vcritical
00008c1c   _AuxChargeTime
00008c1e   _Vchargedflagreset
00008c20   _SOC
00008c22   _Vbalance
00008c24   _Vcharge
00008c26   _Imax
00008c28   _Tmax
00008c2a   _Vauxmin
00008c2c   _Imin
00008c2e   _SOH_avg
00008c30   _SOH_max
00008c32   _SOCc
00008c34   _ChgCurrent
00008c36   _SOCv
00008c38   _resistance_temp
00008c3a   _dI
00008c3c   _Current_old
00008c3e   _resistance
00008c40   _kp_multiplier
00008c42   _balancing_upper_level
00008c44   _Vdischargedflagreset
00008c46   _kp_constant
00008c48   _Ifilter
00008c4a   _Wsoc
00008c4c   _SOH_max_cell
00008c4e   _Current_CAL
00008c50   _SOC_t
00008c52   _current_reference
00008c54   _Temperature_high
00008c56   _ChargerCurrent
00008c58   _Temperature_high_cell
00008c5a   _Temperature_low_cell
00008c5c   _ChargerVoltage
00008c5e   _Temperature_low
00008c60   _Voltage_low
00008c62   _Voltage_low_cell
00008c64   _Voltage_high
00008c66   _Temperature_avg
00008c68   _Current
00008c6a   _Voltage_high_cell
00008c6c   _Vmin
00008c6e   _test_current
00008c70   _ref
00008c72   _CurrentMsgPtr
00008c74   _Vmax
00008c76   _balancing_bottom_level
00008c78   _Auxilliary_Voltage
00008c7a   _ADCgain
00008c7c   _ADCoffset
00008c7e   _I
00008c80   _Ah
00008c82   _Voltage_total
00008c84   _Voltage_avg
00008c86   _sine_table
00008c8c   _test_blah
00008c92   _I2cMsgIn1
00008c9b   _I2cMsgOut1
00008ca4   _sine_y
00008cae   _sine_x
00008cc0   _Toets_current_sum
00008cca   _Temperatures_resistance
00008d00   _Voltages_old
00008d1e   _Voltages
00008d40   _Temperatures
00008d60   _CpuTimer1
00008d68   _CpuTimer2
00008d70   _CpuTimer0
00008d7e   _errno
00008da8   __unlock
00008daa   __lock
00008dac   ___TI_cleanup_ptr
00008dae   ___TI_dtors_ptr
003d7e80   _PartIdRegs
003f0000   _RamfuncsLoadStart
003f0004   _RamfuncsLoadEnd
003f2000   _PieVectTableInit
003f4000   .text
003f4000   _Initialise_BMS
003f4000   ___text__
003f4089   _Init_Gpio
003f40e7   _Toggle_LED
003f40ec   _Read_Cell_Voltages
003f41f4   _Process_Voltages
003f42c2   _Calculate_SOH
003f435a   _Calculate_Current
003f4372   _Read_System_Status
003f437c   _Process_System_Status
003f4385   _Read_Temperatures
003f472b   _Balance
003f4908   _CRC8
003f4931   _ChgCalculator
003f496f   _interpolate_segment
003f49a2   _interpolate_table_1d
003f4a25   _Calculate_SOC
003f4af6   _Calibrate_Current
003f4b24   _Calibrate_Current_charger
003f4bba   _CAN_Init
003f4bc1   _CANSetup
003f4c58   _CANMailboxConfig
003f4c99   _CANInterruptConfig
003f4cb7   _CANChargerReception
003f4e1f   _CANSlaveReception
003f50a4   _CANSlaveConfig
003f5230   _CANTransmit
003f5251   _adc_isr
003f52e7   _cpu_timer0_isr
003f54b9   _cpu_timer1_isr
003f5529   _cpu_timer2_isr
003f5535   _i2c_int1a_isr
003f5579   _can_rx_isr
003f55af   _can_tx_isr
003f55cc   _InitAdc
003f55f2   _InitAdcAio
003f5614   _AdcOffsetSelfCal
003f563b   _AdcChanSelect
003f564e   _AdcConversion
003f5775   _INT13_ISR
003f577a   _INT14_ISR
003f577f   _DATALOG_ISR
003f5784   _RTOSINT_ISR
003f5789   _EMUINT_ISR
003f578e   _NMI_ISR
003f5793   _ILLEGAL_ISR
003f5798   _USER1_ISR
003f579d   _USER2_ISR
003f57a2   _USER3_ISR
003f57a7   _USER4_ISR
003f57ac   _USER5_ISR
003f57b1   _USER6_ISR
003f57b6   _USER7_ISR
003f57bb   _USER8_ISR
003f57c0   _USER9_ISR
003f57c5   _USER10_ISR
003f57ca   _USER11_ISR
003f57cf   _USER12_ISR
003f57d4   _ADCINT1_ISR
003f57d9   _ADCINT2_ISR
003f57de   _XINT1_ISR
003f57e3   _XINT2_ISR
003f57e8   _ADCINT9_ISR
003f57ed   _TINT0_ISR
003f57f2   _WAKEINT_ISR
003f57f7   _EPWM1_TZINT_ISR
003f57fc   _EPWM2_TZINT_ISR
003f5801   _EPWM3_TZINT_ISR
003f5806   _EPWM4_TZINT_ISR
003f580b   _EPWM5_TZINT_ISR
003f5810   _EPWM6_TZINT_ISR
003f5815   _EPWM7_TZINT_ISR
003f581a   _EPWM1_INT_ISR
003f581f   _EPWM2_INT_ISR
003f5824   _EPWM3_INT_ISR
003f5829   _EPWM4_INT_ISR
003f582e   _EPWM5_INT_ISR
003f5833   _EPWM6_INT_ISR
003f5838   _EPWM7_INT_ISR
003f583d   _ECAP1_INT_ISR
003f5842   _HRCAP1_INT_ISR
003f5847   _HRCAP2_INT_ISR
003f584c   _EQEP1_INT_ISR
003f5851   _SPIRXINTA_ISR
003f5856   _SPITXINTA_ISR
003f585b   _SPIRXINTB_ISR
003f5860   _SPITXINTB_ISR
003f5865   _I2CINT1A_ISR
003f586a   _I2CINT2A_ISR
003f586f   _SCIRXINTA_ISR
003f5874   _SCITXINTA_ISR
003f5879   _LIN0INTA_ISR
003f587e   _LIN1INTA_ISR
003f5883   _ECAN0INTA_ISR
003f5888   _ECAN1INTA_ISR
003f588d   _ADCINT3_ISR
003f5892   _ADCINT4_ISR
003f5897   _ADCINT5_ISR
003f589c   _ADCINT6_ISR
003f58a1   _ADCINT7_ISR
003f58a6   _ADCINT8_ISR
003f58ab   _CLA1_INT1_ISR
003f58b0   _CLA1_INT2_ISR
003f58b5   _CLA1_INT3_ISR
003f58ba   _CLA1_INT4_ISR
003f58bf   _CLA1_INT5_ISR
003f58c4   _CLA1_INT6_ISR
003f58c9   _CLA1_INT7_ISR
003f58ce   _CLA1_INT8_ISR
003f58d3   _XINT3_ISR
003f58d8   _LVF_ISR
003f58dd   _LUF_ISR
003f58e2   _EMPTY_ISR
003f58e7   _PIE_RESERVED
003f58ec   _rsvd_ISR
003f58f1   _InitSysCtrl
003f590b   _ServiceDog
003f5915   _DisableDog
003f591d   _InitPll
003f5971   _InitPeripheralClocks
003f59ad   _CsmUnlock
003f59de   _IntOsc1Sel
003f59ee   _IntOsc2Sel
003f5a02   _XtalOscSel
003f5a16   _ExtOscSel
003f5a2c   _configADC
003f5b21   _Reset_ADC
003f5b2e   _I2CA_Init
003f5b41   _I2CA_WriteData
003f5b89   _I2CA_ReadData
003f5c1c   _Shut_D_BQ
003f5c2d   _Bq76940_Init
003f5ce9   _log
003f5d93   _exp
003f5e30   FS$$DIV
003f5eb3   FS$$SUB
003f5eb8   FS$$ADD
003f5f2b   _InitCpuTimers
003f5f6c   _ConfigCpuTimer
003f5fa1   FS$$MPY
003f5ffb   _c_int00
003f603f   _ldexp
003f607e   _main
003f60b0   FS$$TOL
003f60d9   _InitPieCtrl
003f60f8   _EnableInterrupts
003f6101   _InitPieVectTable
003f6126   FS$$TOI
003f614b   FS$$TOU
003f6168   I$$TOFS
003f6182   _InitI2C
003f6183   _InitI2CGpio
003f619b   __args_main
003f61b4   C$$EXIT
003f61b4   _abort
003f61b6   _exit
003f61cd   FS$$CMP
003f61e4   _frexp
003f61f8   U$$TOFS
003f6208   __register_unlock
003f620c   __register_lock
003f6210   __nop
003f6219   ___cinit__
003f6219   ___etext__
003f6219   cinit
003f6219   etext
003f7ff6   code_start
003f7ff8   _CsmPwl
ffffffff   ___binit__
ffffffff   ___c_args__
ffffffff   ___pinit__
ffffffff   binit
ffffffff   pinit

[327 symbols]
